
Test run finished after 2211 ms
[         2 containers found      ]
[         0 containers skipped    ]
[         2 containers started    ]
[         0 containers aborted    ]
[         2 containers successful ]
[         0 containers failed     ]
[         9 tests found           ]
[         0 tests skipped         ]
[         9 tests started         ]
[         0 tests aborted         ]
[         8 tests successful      ]
[         1 tests failed          ]


Failures (1):
  JUnit Jupiter:GovernedDesignWorkflowTest:governedHandoffDurablyPreservesDistinctDerivationsAndDeterministicReplay()
    MethodSource [className = 'totah.lab.daedalus.GovernedDesignWorkflowTest', methodName = 'governedHandoffDurablyPreservesDistinctDerivationsAndDeterministicReplay', methodParameterTypes = '']
    => java.lang.IllegalArgumentException: knowledge update needs the same ID and a new snapshot version
       totah.lab.athena.design.reasoning.DesignKnowledge.newSnapshot(DesignKnowledge.java:334)
       totah.lab.athena.design.reasoning.DesignKnowledge.withEvaluation(DesignKnowledge.java:240)
       totah.lab.daedalus.GovernedDesignWorkflow.evaluate(GovernedDesignWorkflow.java:85)
       totah.lab.daedalus.GovernedDesignWorkflowTest.governedHandoffDurablyPreservesDistinctDerivationsAndDeterministicReplay(GovernedDesignWorkflowTest.java:145)
       java.base/java.lang.reflect.Method.invoke(Method.java:580)
       java.base/java.util.ArrayList.forEach(ArrayList.java:1596)
       java.base/java.util.ArrayList.forEach(ArrayList.java:1596)
