
Thanks for using JUnit! Support its development at https://junit.org/sponsoring

╷
├─ JUnit Platform Suite ✔
├─ JUnit Jupiter ✔
│  └─ PeptideOmegaAcceptanceTest ✔
│     ├─ unknownSourceHAndDegenerateCoordinatesNeverBecomeNegative() ✘ exact existing atom selection required
│     ├─ prolineAndCyclicPeptideAreNotExcludedOrDeclaredBiologicallyInvalid() ✘ exact existing atom selection required
│     ├─ missingOrConflictingSelectedReportsFailClosed() ✔
│     ├─ permutationExplicitHAndRigidCoordinatesPreserveConformation() ✘ exact existing atom selection required
│     └─ analyticWindowAndBoundary(double) ✔
│        ├─ [1] 0.0 ✘ exact existing atom selection required
│        ├─ [2] 29.999 ✘ exact existing atom selection required
│        ├─ [3] 30.0 ✘ exact existing atom selection required
│        ├─ [4] 30.001 ✘ exact existing atom selection required
│        ├─ [5] 90.0 ✘ exact existing atom selection required
│        ├─ [6] 149.999 ✘ exact existing atom selection required
│        ├─ [7] 150.0 ✘ exact existing atom selection required
│        ├─ [8] 150.001 ✘ exact existing atom selection required
│        ├─ [9] 180.0 ✘ exact existing atom selection required
│        ├─ [10] -30.0 ✘ exact existing atom selection required
│        ├─ [11] -90.0 ✘ exact existing atom selection required
│        └─ [12] -150.0 ✘ exact existing atom selection required
└─ JUnit Vintage ✔

Failures (15):
  JUnit Jupiter:PeptideOmegaAcceptanceTest:unknownSourceHAndDegenerateCoordinatesNeverBecomeNegative()
    MethodSource [className = 'totah.lab.daedalus.system.PeptideOmegaAcceptanceTest', methodName = 'unknownSourceHAndDegenerateCoordinatesNeverBecomeNegative', methodParameterTypes = '']
    => java.lang.IllegalArgumentException: exact existing atom selection required
       totah.lab.athena.system.rules.ContinuousGeometryRules.build(ContinuousGeometryRules.java:129)
       totah.lab.athena.system.rules.ContinuousGeometryRules$1.analyze(ContinuousGeometryRules.java:56)
       totah.lab.athena.system.rules.PeptideGeometryRules$1.analyze(PeptideGeometryRules.java:66)
       totah.lab.daedalus.system.PeptideOmegaAcceptanceTest.execute(PeptideOmegaAcceptanceTest.java:50)
       totah.lab.daedalus.system.PeptideOmegaAcceptanceTest.unknownSourceHAndDegenerateCoordinatesNeverBecomeNegative(PeptideOmegaAcceptanceTest.java:68)
       java.base/java.lang.reflect.Method.invoke(Method.java:580)
       java.base/java.util.ArrayList.forEach(ArrayList.java:1596)
       java.base/java.util.ArrayList.forEach(ArrayList.java:1596)
  JUnit Jupiter:PeptideOmegaAcceptanceTest:prolineAndCyclicPeptideAreNotExcludedOrDeclaredBiologicallyInvalid()
    MethodSource [className = 'totah.lab.daedalus.system.PeptideOmegaAcceptanceTest', methodName = 'prolineAndCyclicPeptideAreNotExcludedOrDeclaredBiologicallyInvalid', methodParameterTypes = '']
    => java.lang.IllegalArgumentException: exact existing atom selection required
       totah.lab.athena.system.rules.ContinuousGeometryRules.build(ContinuousGeometryRules.java:129)
       totah.lab.athena.system.rules.ContinuousGeometryRules$1.analyze(ContinuousGeometryRules.java:56)
       totah.lab.athena.system.rules.PeptideGeometryRules$1.analyze(PeptideGeometryRules.java:66)
       totah.lab.daedalus.system.PeptideOmegaAcceptanceTest.execute(PeptideOmegaAcceptanceTest.java:50)
       totah.lab.daedalus.system.PeptideOmegaAcceptanceTest.prolineAndCyclicPeptideAreNotExcludedOrDeclaredBiologicallyInvalid(PeptideOmegaAcceptanceTest.java:64)
       java.base/java.lang.reflect.Method.invoke(Method.java:580)
       java.base/java.util.ArrayList.forEach(ArrayList.java:1596)
       java.base/java.util.ArrayList.forEach(ArrayList.java:1596)
  JUnit Jupiter:PeptideOmegaAcceptanceTest:permutationExplicitHAndRigidCoordinatesPreserveConformation()
    MethodSource [className = 'totah.lab.daedalus.system.PeptideOmegaAcceptanceTest', methodName = 'permutationExplicitHAndRigidCoordinatesPreserveConformation', methodParameterTypes = '']
    => java.lang.IllegalArgumentException: exact existing atom selection required
       totah.lab.athena.system.rules.ContinuousGeometryRules.build(ContinuousGeometryRules.java:129)
       totah.lab.athena.system.rules.ContinuousGeometryRules$1.analyze(ContinuousGeometryRules.java:56)
       totah.lab.athena.system.rules.PeptideGeometryRules$1.analyze(PeptideGeometryRules.java:66)
       totah.lab.daedalus.system.PeptideOmegaAcceptanceTest.execute(PeptideOmegaAcceptanceTest.java:50)
       totah.lab.daedalus.system.PeptideOmegaAcceptanceTest.permutationExplicitHAndRigidCoordinatesPreserveConformation(PeptideOmegaAcceptanceTest.java:73)
       java.base/java.lang.reflect.Method.invoke(Method.java:580)
       java.base/java.util.ArrayList.forEach(ArrayList.java:1596)
       java.base/java.util.ArrayList.forEach(ArrayList.java:1596)
  JUnit Jupiter:PeptideOmegaAcceptanceTest:analyticWindowAndBoundary(double):[1] 0.0
    MethodSource [className = 'totah.lab.daedalus.system.PeptideOmegaAcceptanceTest', methodName = 'analyticWindowAndBoundary', methodParameterTypes = 'double']
    => java.lang.IllegalArgumentException: exact existing atom selection required
       totah.lab.athena.system.rules.ContinuousGeometryRules.build(ContinuousGeometryRules.java:129)
       totah.lab.athena.system.rules.ContinuousGeometryRules$1.analyze(ContinuousGeometryRules.java:56)
       totah.lab.athena.system.rules.PeptideGeometryRules$1.analyze(PeptideGeometryRules.java:66)
       totah.lab.daedalus.system.PeptideOmegaAcceptanceTest.execute(PeptideOmegaAcceptanceTest.java:50)
       totah.lab.daedalus.system.PeptideOmegaAcceptanceTest.analyticWindowAndBoundary(PeptideOmegaAcceptanceTest.java:58)
       java.base/java.lang.reflect.Method.invoke(Method.java:580)
       java.base/java.util.stream.ForEachOps$ForEachOp$OfRef.accept(ForEachOps.java:184)
       java.base/java.util.stream.ReferencePipeline$3$1.accept(ReferencePipeline.java:197)
       java.base/java.util.stream.ReferencePipeline$2$1.accept(ReferencePipeline.java:179)
       java.base/java.util.stream.ReferencePipeline$3$1.accept(ReferencePipeline.java:197)
       [...]
  JUnit Jupiter:PeptideOmegaAcceptanceTest:analyticWindowAndBoundary(double):[2] 29.999
    MethodSource [className = 'totah.lab.daedalus.system.PeptideOmegaAcceptanceTest', methodName = 'analyticWindowAndBoundary', methodParameterTypes = 'double']
    => java.lang.IllegalArgumentException: exact existing atom selection required
       totah.lab.athena.system.rules.ContinuousGeometryRules.build(ContinuousGeometryRules.java:129)
       totah.lab.athena.system.rules.ContinuousGeometryRules$1.analyze(ContinuousGeometryRules.java:56)
       totah.lab.athena.system.rules.PeptideGeometryRules$1.analyze(PeptideGeometryRules.java:66)
       totah.lab.daedalus.system.PeptideOmegaAcceptanceTest.execute(PeptideOmegaAcceptanceTest.java:50)
       totah.lab.daedalus.system.PeptideOmegaAcceptanceTest.analyticWindowAndBoundary(PeptideOmegaAcceptanceTest.java:58)
       java.base/java.lang.reflect.Method.invoke(Method.java:580)
       java.base/java.util.stream.ForEachOps$ForEachOp$OfRef.accept(ForEachOps.java:184)
       java.base/java.util.stream.ReferencePipeline$3$1.accept(ReferencePipeline.java:197)
       java.base/java.util.stream.ReferencePipeline$2$1.accept(ReferencePipeline.java:179)
       java.base/java.util.stream.ReferencePipeline$3$1.accept(ReferencePipeline.java:197)
       [...]
  JUnit Jupiter:PeptideOmegaAcceptanceTest:analyticWindowAndBoundary(double):[3] 30.0
    MethodSource [className = 'totah.lab.daedalus.system.PeptideOmegaAcceptanceTest', methodName = 'analyticWindowAndBoundary', methodParameterTypes = 'double']
    => java.lang.IllegalArgumentException: exact existing atom selection required
       totah.lab.athena.system.rules.ContinuousGeometryRules.build(ContinuousGeometryRules.java:129)
       totah.lab.athena.system.rules.ContinuousGeometryRules$1.analyze(ContinuousGeometryRules.java:56)
       totah.lab.athena.system.rules.PeptideGeometryRules$1.analyze(PeptideGeometryRules.java:66)
       totah.lab.daedalus.system.PeptideOmegaAcceptanceTest.execute(PeptideOmegaAcceptanceTest.java:50)
       totah.lab.daedalus.system.PeptideOmegaAcceptanceTest.analyticWindowAndBoundary(PeptideOmegaAcceptanceTest.java:58)
       java.base/java.lang.reflect.Method.invoke(Method.java:580)
       java.base/java.util.stream.ForEachOps$ForEachOp$OfRef.accept(ForEachOps.java:184)
       java.base/java.util.stream.ReferencePipeline$3$1.accept(ReferencePipeline.java:197)
       java.base/java.util.stream.ReferencePipeline$2$1.accept(ReferencePipeline.java:179)
       java.base/java.util.stream.ReferencePipeline$3$1.accept(ReferencePipeline.java:197)
       [...]
  JUnit Jupiter:PeptideOmegaAcceptanceTest:analyticWindowAndBoundary(double):[4] 30.001
    MethodSource [className = 'totah.lab.daedalus.system.PeptideOmegaAcceptanceTest', methodName = 'analyticWindowAndBoundary', methodParameterTypes = 'double']
    => java.lang.IllegalArgumentException: exact existing atom selection required
       totah.lab.athena.system.rules.ContinuousGeometryRules.build(ContinuousGeometryRules.java:129)
       totah.lab.athena.system.rules.ContinuousGeometryRules$1.analyze(ContinuousGeometryRules.java:56)
       totah.lab.athena.system.rules.PeptideGeometryRules$1.analyze(PeptideGeometryRules.java:66)
       totah.lab.daedalus.system.PeptideOmegaAcceptanceTest.execute(PeptideOmegaAcceptanceTest.java:50)
       totah.lab.daedalus.system.PeptideOmegaAcceptanceTest.analyticWindowAndBoundary(PeptideOmegaAcceptanceTest.java:58)
       java.base/java.lang.reflect.Method.invoke(Method.java:580)
       java.base/java.util.stream.ForEachOps$ForEachOp$OfRef.accept(ForEachOps.java:184)
       java.base/java.util.stream.ReferencePipeline$3$1.accept(ReferencePipeline.java:197)
       java.base/java.util.stream.ReferencePipeline$2$1.accept(ReferencePipeline.java:179)
       java.base/java.util.stream.ReferencePipeline$3$1.accept(ReferencePipeline.java:197)
       [...]
  JUnit Jupiter:PeptideOmegaAcceptanceTest:analyticWindowAndBoundary(double):[5] 90.0
    MethodSource [className = 'totah.lab.daedalus.system.PeptideOmegaAcceptanceTest', methodName = 'analyticWindowAndBoundary', methodParameterTypes = 'double']
    => java.lang.IllegalArgumentException: exact existing atom selection required
       totah.lab.athena.system.rules.ContinuousGeometryRules.build(ContinuousGeometryRules.java:129)
       totah.lab.athena.system.rules.ContinuousGeometryRules$1.analyze(ContinuousGeometryRules.java:56)
       totah.lab.athena.system.rules.PeptideGeometryRules$1.analyze(PeptideGeometryRules.java:66)
       totah.lab.daedalus.system.PeptideOmegaAcceptanceTest.execute(PeptideOmegaAcceptanceTest.java:50)
       totah.lab.daedalus.system.PeptideOmegaAcceptanceTest.analyticWindowAndBoundary(PeptideOmegaAcceptanceTest.java:58)
       java.base/java.lang.reflect.Method.invoke(Method.java:580)
       java.base/java.util.stream.ForEachOps$ForEachOp$OfRef.accept(ForEachOps.java:184)
       java.base/java.util.stream.ReferencePipeline$3$1.accept(ReferencePipeline.java:197)
       java.base/java.util.stream.ReferencePipeline$2$1.accept(ReferencePipeline.java:179)
       java.base/java.util.stream.ReferencePipeline$3$1.accept(ReferencePipeline.java:197)
       [...]
  JUnit Jupiter:PeptideOmegaAcceptanceTest:analyticWindowAndBoundary(double):[6] 149.999
    MethodSource [className = 'totah.lab.daedalus.system.PeptideOmegaAcceptanceTest', methodName = 'analyticWindowAndBoundary', methodParameterTypes = 'double']
    => java.lang.IllegalArgumentException: exact existing atom selection required
       totah.lab.athena.system.rules.ContinuousGeometryRules.build(ContinuousGeometryRules.java:129)
       totah.lab.athena.system.rules.ContinuousGeometryRules$1.analyze(ContinuousGeometryRules.java:56)
       totah.lab.athena.system.rules.PeptideGeometryRules$1.analyze(PeptideGeometryRules.java:66)
       totah.lab.daedalus.system.PeptideOmegaAcceptanceTest.execute(PeptideOmegaAcceptanceTest.java:50)
       totah.lab.daedalus.system.PeptideOmegaAcceptanceTest.analyticWindowAndBoundary(PeptideOmegaAcceptanceTest.java:58)
       java.base/java.lang.reflect.Method.invoke(Method.java:580)
       java.base/java.util.stream.ForEachOps$ForEachOp$OfRef.accept(ForEachOps.java:184)
       java.base/java.util.stream.ReferencePipeline$3$1.accept(ReferencePipeline.java:197)
       java.base/java.util.stream.ReferencePipeline$2$1.accept(ReferencePipeline.java:179)
       java.base/java.util.stream.ReferencePipeline$3$1.accept(ReferencePipeline.java:197)
       [...]
  JUnit Jupiter:PeptideOmegaAcceptanceTest:analyticWindowAndBoundary(double):[7] 150.0
    MethodSource [className = 'totah.lab.daedalus.system.PeptideOmegaAcceptanceTest', methodName = 'analyticWindowAndBoundary', methodParameterTypes = 'double']
    => java.lang.IllegalArgumentException: exact existing atom selection required
       totah.lab.athena.system.rules.ContinuousGeometryRules.build(ContinuousGeometryRules.java:129)
       totah.lab.athena.system.rules.ContinuousGeometryRules$1.analyze(ContinuousGeometryRules.java:56)
       totah.lab.athena.system.rules.PeptideGeometryRules$1.analyze(PeptideGeometryRules.java:66)
       totah.lab.daedalus.system.PeptideOmegaAcceptanceTest.execute(PeptideOmegaAcceptanceTest.java:50)
       totah.lab.daedalus.system.PeptideOmegaAcceptanceTest.analyticWindowAndBoundary(PeptideOmegaAcceptanceTest.java:58)
       java.base/java.lang.reflect.Method.invoke(Method.java:580)
       java.base/java.util.stream.ForEachOps$ForEachOp$OfRef.accept(ForEachOps.java:184)
       java.base/java.util.stream.ReferencePipeline$3$1.accept(ReferencePipeline.java:197)
       java.base/java.util.stream.ReferencePipeline$2$1.accept(ReferencePipeline.java:179)
       java.base/java.util.stream.ReferencePipeline$3$1.accept(ReferencePipeline.java:197)
       [...]
  JUnit Jupiter:PeptideOmegaAcceptanceTest:analyticWindowAndBoundary(double):[8] 150.001
    MethodSource [className = 'totah.lab.daedalus.system.PeptideOmegaAcceptanceTest', methodName = 'analyticWindowAndBoundary', methodParameterTypes = 'double']
    => java.lang.IllegalArgumentException: exact existing atom selection required
       totah.lab.athena.system.rules.ContinuousGeometryRules.build(ContinuousGeometryRules.java:129)
       totah.lab.athena.system.rules.ContinuousGeometryRules$1.analyze(ContinuousGeometryRules.java:56)
       totah.lab.athena.system.rules.PeptideGeometryRules$1.analyze(PeptideGeometryRules.java:66)
       totah.lab.daedalus.system.PeptideOmegaAcceptanceTest.execute(PeptideOmegaAcceptanceTest.java:50)
       totah.lab.daedalus.system.PeptideOmegaAcceptanceTest.analyticWindowAndBoundary(PeptideOmegaAcceptanceTest.java:58)
       java.base/java.lang.reflect.Method.invoke(Method.java:580)
       java.base/java.util.stream.ForEachOps$ForEachOp$OfRef.accept(ForEachOps.java:184)
       java.base/java.util.stream.ReferencePipeline$3$1.accept(ReferencePipeline.java:197)
       java.base/java.util.stream.ReferencePipeline$2$1.accept(ReferencePipeline.java:179)
       java.base/java.util.stream.ReferencePipeline$3$1.accept(ReferencePipeline.java:197)
       [...]
  JUnit Jupiter:PeptideOmegaAcceptanceTest:analyticWindowAndBoundary(double):[9] 180.0
    MethodSource [className = 'totah.lab.daedalus.system.PeptideOmegaAcceptanceTest', methodName = 'analyticWindowAndBoundary', methodParameterTypes = 'double']
    => java.lang.IllegalArgumentException: exact existing atom selection required
       totah.lab.athena.system.rules.ContinuousGeometryRules.build(ContinuousGeometryRules.java:129)
       totah.lab.athena.system.rules.ContinuousGeometryRules$1.analyze(ContinuousGeometryRules.java:56)
       totah.lab.athena.system.rules.PeptideGeometryRules$1.analyze(PeptideGeometryRules.java:66)
       totah.lab.daedalus.system.PeptideOmegaAcceptanceTest.execute(PeptideOmegaAcceptanceTest.java:50)
       totah.lab.daedalus.system.PeptideOmegaAcceptanceTest.analyticWindowAndBoundary(PeptideOmegaAcceptanceTest.java:58)
       java.base/java.lang.reflect.Method.invoke(Method.java:580)
       java.base/java.util.stream.ForEachOps$ForEachOp$OfRef.accept(ForEachOps.java:184)
       java.base/java.util.stream.ReferencePipeline$3$1.accept(ReferencePipeline.java:197)
       java.base/java.util.stream.ReferencePipeline$2$1.accept(ReferencePipeline.java:179)
       java.base/java.util.stream.ReferencePipeline$3$1.accept(ReferencePipeline.java:197)
       [...]
  JUnit Jupiter:PeptideOmegaAcceptanceTest:analyticWindowAndBoundary(double):[10] -30.0
    MethodSource [className = 'totah.lab.daedalus.system.PeptideOmegaAcceptanceTest', methodName = 'analyticWindowAndBoundary', methodParameterTypes = 'double']
    => java.lang.IllegalArgumentException: exact existing atom selection required
       totah.lab.athena.system.rules.ContinuousGeometryRules.build(ContinuousGeometryRules.java:129)
       totah.lab.athena.system.rules.ContinuousGeometryRules$1.analyze(ContinuousGeometryRules.java:56)
       totah.lab.athena.system.rules.PeptideGeometryRules$1.analyze(PeptideGeometryRules.java:66)
       totah.lab.daedalus.system.PeptideOmegaAcceptanceTest.execute(PeptideOmegaAcceptanceTest.java:50)
       totah.lab.daedalus.system.PeptideOmegaAcceptanceTest.analyticWindowAndBoundary(PeptideOmegaAcceptanceTest.java:58)
       java.base/java.lang.reflect.Method.invoke(Method.java:580)
       java.base/java.util.stream.ForEachOps$ForEachOp$OfRef.accept(ForEachOps.java:184)
       java.base/java.util.stream.ReferencePipeline$3$1.accept(ReferencePipeline.java:197)
       java.base/java.util.stream.ReferencePipeline$2$1.accept(ReferencePipeline.java:179)
       java.base/java.util.stream.ReferencePipeline$3$1.accept(ReferencePipeline.java:197)
       [...]
  JUnit Jupiter:PeptideOmegaAcceptanceTest:analyticWindowAndBoundary(double):[11] -90.0
    MethodSource [className = 'totah.lab.daedalus.system.PeptideOmegaAcceptanceTest', methodName = 'analyticWindowAndBoundary', methodParameterTypes = 'double']
    => java.lang.IllegalArgumentException: exact existing atom selection required
       totah.lab.athena.system.rules.ContinuousGeometryRules.build(ContinuousGeometryRules.java:129)
       totah.lab.athena.system.rules.ContinuousGeometryRules$1.analyze(ContinuousGeometryRules.java:56)
       totah.lab.athena.system.rules.PeptideGeometryRules$1.analyze(PeptideGeometryRules.java:66)
       totah.lab.daedalus.system.PeptideOmegaAcceptanceTest.execute(PeptideOmegaAcceptanceTest.java:50)
       totah.lab.daedalus.system.PeptideOmegaAcceptanceTest.analyticWindowAndBoundary(PeptideOmegaAcceptanceTest.java:58)
       java.base/java.lang.reflect.Method.invoke(Method.java:580)
       java.base/java.util.stream.ForEachOps$ForEachOp$OfRef.accept(ForEachOps.java:184)
       java.base/java.util.stream.ReferencePipeline$3$1.accept(ReferencePipeline.java:197)
       java.base/java.util.stream.ReferencePipeline$2$1.accept(ReferencePipeline.java:179)
       java.base/java.util.stream.ReferencePipeline$3$1.accept(ReferencePipeline.java:197)
       [...]
  JUnit Jupiter:PeptideOmegaAcceptanceTest:analyticWindowAndBoundary(double):[12] -150.0
    MethodSource [className = 'totah.lab.daedalus.system.PeptideOmegaAcceptanceTest', methodName = 'analyticWindowAndBoundary', methodParameterTypes = 'double']
    => java.lang.IllegalArgumentException: exact existing atom selection required
       totah.lab.athena.system.rules.ContinuousGeometryRules.build(ContinuousGeometryRules.java:129)
       totah.lab.athena.system.rules.ContinuousGeometryRules$1.analyze(ContinuousGeometryRules.java:56)
       totah.lab.athena.system.rules.PeptideGeometryRules$1.analyze(PeptideGeometryRules.java:66)
       totah.lab.daedalus.system.PeptideOmegaAcceptanceTest.execute(PeptideOmegaAcceptanceTest.java:50)
       totah.lab.daedalus.system.PeptideOmegaAcceptanceTest.analyticWindowAndBoundary(PeptideOmegaAcceptanceTest.java:58)
       java.base/java.lang.reflect.Method.invoke(Method.java:580)
       java.base/java.util.stream.ForEachOps$ForEachOp$OfRef.accept(ForEachOps.java:184)
       java.base/java.util.stream.ReferencePipeline$3$1.accept(ReferencePipeline.java:197)
       java.base/java.util.stream.ReferencePipeline$2$1.accept(ReferencePipeline.java:179)
       java.base/java.util.stream.ReferencePipeline$3$1.accept(ReferencePipeline.java:197)
       [...]

Test run finished after 803 ms
[         5 containers found      ]
[         0 containers skipped    ]
[         5 containers started    ]
[         0 containers aborted    ]
[         5 containers successful ]
[         0 containers failed     ]
[        16 tests found           ]
[         0 tests skipped         ]
[        16 tests started         ]
[         0 tests aborted         ]
[         1 tests successful      ]
[        15 tests failed          ]

