
Thanks for using JUnit! Support its development at https://junit.org/sponsoring

╷
├─ JUnit Platform Suite ✔
├─ JUnit Jupiter ✔
│  ├─ PeptideOmegaAcceptanceTest ✔
│  │  ├─ unknownSourceHAndDegenerateCoordinatesNeverBecomeNegative() ✔
│  │  ├─ prolineAndCyclicPeptideAreNotExcludedOrDeclaredBiologicallyInvalid() ✔
│  │  ├─ missingOrConflictingSelectedReportsFailClosed() ✔
│  │  ├─ inputsRawGeometryAndFindingSurviveExistingQualificationPipeline(Path) ✔
│  │  ├─ permutationExplicitHAndRigidCoordinatesPreserveConformation() ✔
│  │  ├─ rawMeasurementTamperingFailsAndUnknownRoleTupleIsInconclusive() ✔
│  │  ├─ unqualifiedDefinitionNeverActivatesItself() ✔
│  │  └─ analyticWindowAndBoundary(double) ✔
│  │     ├─ [1] 0.0 ✔
│  │     ├─ [2] 29.999 ✔
│  │     ├─ [3] 30.0 ✔
│  │     ├─ [4] 30.001 ✔
│  │     ├─ [5] 90.0 ✔
│  │     ├─ [6] 149.999 ✔
│  │     ├─ [7] 150.0 ✔
│  │     ├─ [8] 150.001 ✔
│  │     ├─ [9] 180.0 ✔
│  │     ├─ [10] -30.0 ✔
│  │     ├─ [11] -90.0 ✔
│  │     └─ [12] -150.0 ✔
│  └─ BackboneNpiCandidateTest ✔
│     ├─ publishedOperationalDistanceAndAngle(double, double, boolean) ✔
│     │  ├─ [1] 3.2, 99, true ✘ exact fields required: [kind, planeGroupId, atom, id]
│     │  ├─ [2] 3.2, 119, true ✘ exact fields required: [kind, planeGroupId, atom, id]
│     │  ├─ [3] 3.2001, 109, false ✘ exact fields required: [kind, planeGroupId, atom, id]
│     │  ├─ [4] 3.0, 98.999, false ✘ exact fields required: [kind, planeGroupId, atom, id]
│     │  ├─ [5] 3.0, 119.001, false ✘ exact fields required: [kind, planeGroupId, atom, id]
│     │  ├─ [6] 3.0, 109, true ✘ exact fields required: [kind, planeGroupId, atom, id]
│     │  ├─ [7] 3.0, 90, false ✘ exact fields required: [kind, planeGroupId, atom, id]
│     │  └─ [8] 4.0, 109, false ✘ exact fields required: [kind, planeGroupId, atom, id]
│     ├─ explicitHydrogenAndAtomPermutationPreserveResults() ✘ exact fields required: [kind, planeGroupId, atom, id]
│     ├─ unknownStateAndZeroDistanceAngleAreNotNegative() ✘ exact fields required: [kind, planeGroupId, atom, id]
│     ├─ freeCarboxylEndCannotMasqueradeAsBackboneAmideAcceptor() ✘ exact fields required: [kind, planeGroupId, atom, id]
│     ├─ cyclicDipeptideAndProlineLikeBackbonesRetainExplicitRoleAlias() ✘ exact fields required: [kind, planeGroupId, atom, id]
│     └─ optionalPlaneDegeneracyDoesNotFabricatePlaneOrInvalidateIndependentScreen() ✘ exact fields required: [kind, planeGroupId, atom, id]
└─ JUnit Vintage ✔

Failures (13):
  JUnit Jupiter:BackboneNpiCandidateTest:publishedOperationalDistanceAndAngle(double, double, boolean):[1] 3.2, 99, true
    MethodSource [className = 'totah.lab.daedalus.system.BackboneNpiCandidateTest', methodName = 'publishedOperationalDistanceAndAngle', methodParameterTypes = 'double, double, boolean']
    => java.lang.IllegalArgumentException: exact fields required: [kind, planeGroupId, atom, id]
       totah.lab.athena.system.rules.ContinuousGeometryRules.fields(ContinuousGeometryRules.java:370)
       totah.lab.athena.system.rules.ContinuousGeometryRules.build(ContinuousGeometryRules.java:113)
       totah.lab.athena.system.rules.ContinuousGeometryRules$1.analyze(ContinuousGeometryRules.java:56)
       totah.lab.athena.system.rules.PeptideGeometryRules$1.analyze(PeptideGeometryRules.java:66)
       totah.lab.daedalus.system.PeptideOmegaAcceptanceTest.execute(PeptideOmegaAcceptanceTest.java:50)
       totah.lab.daedalus.system.BackboneNpiCandidateTest.publishedOperationalDistanceAndAngle(BackboneNpiCandidateTest.java:47)
       java.base/java.lang.reflect.Method.invoke(Method.java:580)
       java.base/java.util.stream.ForEachOps$ForEachOp$OfRef.accept(ForEachOps.java:184)
       java.base/java.util.stream.ReferencePipeline$3$1.accept(ReferencePipeline.java:197)
       java.base/java.util.stream.ReferencePipeline$2$1.accept(ReferencePipeline.java:179)
       [...]
  JUnit Jupiter:BackboneNpiCandidateTest:publishedOperationalDistanceAndAngle(double, double, boolean):[2] 3.2, 119, true
    MethodSource [className = 'totah.lab.daedalus.system.BackboneNpiCandidateTest', methodName = 'publishedOperationalDistanceAndAngle', methodParameterTypes = 'double, double, boolean']
    => java.lang.IllegalArgumentException: exact fields required: [kind, planeGroupId, atom, id]
       totah.lab.athena.system.rules.ContinuousGeometryRules.fields(ContinuousGeometryRules.java:370)
       totah.lab.athena.system.rules.ContinuousGeometryRules.build(ContinuousGeometryRules.java:113)
       totah.lab.athena.system.rules.ContinuousGeometryRules$1.analyze(ContinuousGeometryRules.java:56)
       totah.lab.athena.system.rules.PeptideGeometryRules$1.analyze(PeptideGeometryRules.java:66)
       totah.lab.daedalus.system.PeptideOmegaAcceptanceTest.execute(PeptideOmegaAcceptanceTest.java:50)
       totah.lab.daedalus.system.BackboneNpiCandidateTest.publishedOperationalDistanceAndAngle(BackboneNpiCandidateTest.java:47)
       java.base/java.lang.reflect.Method.invoke(Method.java:580)
       java.base/java.util.stream.ForEachOps$ForEachOp$OfRef.accept(ForEachOps.java:184)
       java.base/java.util.stream.ReferencePipeline$3$1.accept(ReferencePipeline.java:197)
       java.base/java.util.stream.ReferencePipeline$2$1.accept(ReferencePipeline.java:179)
       [...]
  JUnit Jupiter:BackboneNpiCandidateTest:publishedOperationalDistanceAndAngle(double, double, boolean):[3] 3.2001, 109, false
    MethodSource [className = 'totah.lab.daedalus.system.BackboneNpiCandidateTest', methodName = 'publishedOperationalDistanceAndAngle', methodParameterTypes = 'double, double, boolean']
    => java.lang.IllegalArgumentException: exact fields required: [kind, planeGroupId, atom, id]
       totah.lab.athena.system.rules.ContinuousGeometryRules.fields(ContinuousGeometryRules.java:370)
       totah.lab.athena.system.rules.ContinuousGeometryRules.build(ContinuousGeometryRules.java:113)
       totah.lab.athena.system.rules.ContinuousGeometryRules$1.analyze(ContinuousGeometryRules.java:56)
       totah.lab.athena.system.rules.PeptideGeometryRules$1.analyze(PeptideGeometryRules.java:66)
       totah.lab.daedalus.system.PeptideOmegaAcceptanceTest.execute(PeptideOmegaAcceptanceTest.java:50)
       totah.lab.daedalus.system.BackboneNpiCandidateTest.publishedOperationalDistanceAndAngle(BackboneNpiCandidateTest.java:47)
       java.base/java.lang.reflect.Method.invoke(Method.java:580)
       java.base/java.util.stream.ForEachOps$ForEachOp$OfRef.accept(ForEachOps.java:184)
       java.base/java.util.stream.ReferencePipeline$3$1.accept(ReferencePipeline.java:197)
       java.base/java.util.stream.ReferencePipeline$2$1.accept(ReferencePipeline.java:179)
       [...]
  JUnit Jupiter:BackboneNpiCandidateTest:publishedOperationalDistanceAndAngle(double, double, boolean):[4] 3.0, 98.999, false
    MethodSource [className = 'totah.lab.daedalus.system.BackboneNpiCandidateTest', methodName = 'publishedOperationalDistanceAndAngle', methodParameterTypes = 'double, double, boolean']
    => java.lang.IllegalArgumentException: exact fields required: [kind, planeGroupId, atom, id]
       totah.lab.athena.system.rules.ContinuousGeometryRules.fields(ContinuousGeometryRules.java:370)
       totah.lab.athena.system.rules.ContinuousGeometryRules.build(ContinuousGeometryRules.java:113)
       totah.lab.athena.system.rules.ContinuousGeometryRules$1.analyze(ContinuousGeometryRules.java:56)
       totah.lab.athena.system.rules.PeptideGeometryRules$1.analyze(PeptideGeometryRules.java:66)
       totah.lab.daedalus.system.PeptideOmegaAcceptanceTest.execute(PeptideOmegaAcceptanceTest.java:50)
       totah.lab.daedalus.system.BackboneNpiCandidateTest.publishedOperationalDistanceAndAngle(BackboneNpiCandidateTest.java:47)
       java.base/java.lang.reflect.Method.invoke(Method.java:580)
       java.base/java.util.stream.ForEachOps$ForEachOp$OfRef.accept(ForEachOps.java:184)
       java.base/java.util.stream.ReferencePipeline$3$1.accept(ReferencePipeline.java:197)
       java.base/java.util.stream.ReferencePipeline$2$1.accept(ReferencePipeline.java:179)
       [...]
  JUnit Jupiter:BackboneNpiCandidateTest:publishedOperationalDistanceAndAngle(double, double, boolean):[5] 3.0, 119.001, false
    MethodSource [className = 'totah.lab.daedalus.system.BackboneNpiCandidateTest', methodName = 'publishedOperationalDistanceAndAngle', methodParameterTypes = 'double, double, boolean']
    => java.lang.IllegalArgumentException: exact fields required: [kind, planeGroupId, atom, id]
       totah.lab.athena.system.rules.ContinuousGeometryRules.fields(ContinuousGeometryRules.java:370)
       totah.lab.athena.system.rules.ContinuousGeometryRules.build(ContinuousGeometryRules.java:113)
       totah.lab.athena.system.rules.ContinuousGeometryRules$1.analyze(ContinuousGeometryRules.java:56)
       totah.lab.athena.system.rules.PeptideGeometryRules$1.analyze(PeptideGeometryRules.java:66)
       totah.lab.daedalus.system.PeptideOmegaAcceptanceTest.execute(PeptideOmegaAcceptanceTest.java:50)
       totah.lab.daedalus.system.BackboneNpiCandidateTest.publishedOperationalDistanceAndAngle(BackboneNpiCandidateTest.java:47)
       java.base/java.lang.reflect.Method.invoke(Method.java:580)
       java.base/java.util.stream.ForEachOps$ForEachOp$OfRef.accept(ForEachOps.java:184)
       java.base/java.util.stream.ReferencePipeline$3$1.accept(ReferencePipeline.java:197)
       java.base/java.util.stream.ReferencePipeline$2$1.accept(ReferencePipeline.java:179)
       [...]
  JUnit Jupiter:BackboneNpiCandidateTest:publishedOperationalDistanceAndAngle(double, double, boolean):[6] 3.0, 109, true
    MethodSource [className = 'totah.lab.daedalus.system.BackboneNpiCandidateTest', methodName = 'publishedOperationalDistanceAndAngle', methodParameterTypes = 'double, double, boolean']
    => java.lang.IllegalArgumentException: exact fields required: [kind, planeGroupId, atom, id]
       totah.lab.athena.system.rules.ContinuousGeometryRules.fields(ContinuousGeometryRules.java:370)
       totah.lab.athena.system.rules.ContinuousGeometryRules.build(ContinuousGeometryRules.java:113)
       totah.lab.athena.system.rules.ContinuousGeometryRules$1.analyze(ContinuousGeometryRules.java:56)
       totah.lab.athena.system.rules.PeptideGeometryRules$1.analyze(PeptideGeometryRules.java:66)
       totah.lab.daedalus.system.PeptideOmegaAcceptanceTest.execute(PeptideOmegaAcceptanceTest.java:50)
       totah.lab.daedalus.system.BackboneNpiCandidateTest.publishedOperationalDistanceAndAngle(BackboneNpiCandidateTest.java:47)
       java.base/java.lang.reflect.Method.invoke(Method.java:580)
       java.base/java.util.stream.ForEachOps$ForEachOp$OfRef.accept(ForEachOps.java:184)
       java.base/java.util.stream.ReferencePipeline$3$1.accept(ReferencePipeline.java:197)
       java.base/java.util.stream.ReferencePipeline$2$1.accept(ReferencePipeline.java:179)
       [...]
  JUnit Jupiter:BackboneNpiCandidateTest:publishedOperationalDistanceAndAngle(double, double, boolean):[7] 3.0, 90, false
    MethodSource [className = 'totah.lab.daedalus.system.BackboneNpiCandidateTest', methodName = 'publishedOperationalDistanceAndAngle', methodParameterTypes = 'double, double, boolean']
    => java.lang.IllegalArgumentException: exact fields required: [kind, planeGroupId, atom, id]
       totah.lab.athena.system.rules.ContinuousGeometryRules.fields(ContinuousGeometryRules.java:370)
       totah.lab.athena.system.rules.ContinuousGeometryRules.build(ContinuousGeometryRules.java:113)
       totah.lab.athena.system.rules.ContinuousGeometryRules$1.analyze(ContinuousGeometryRules.java:56)
       totah.lab.athena.system.rules.PeptideGeometryRules$1.analyze(PeptideGeometryRules.java:66)
       totah.lab.daedalus.system.PeptideOmegaAcceptanceTest.execute(PeptideOmegaAcceptanceTest.java:50)
       totah.lab.daedalus.system.BackboneNpiCandidateTest.publishedOperationalDistanceAndAngle(BackboneNpiCandidateTest.java:47)
       java.base/java.lang.reflect.Method.invoke(Method.java:580)
       java.base/java.util.stream.ForEachOps$ForEachOp$OfRef.accept(ForEachOps.java:184)
       java.base/java.util.stream.ReferencePipeline$3$1.accept(ReferencePipeline.java:197)
       java.base/java.util.stream.ReferencePipeline$2$1.accept(ReferencePipeline.java:179)
       [...]
  JUnit Jupiter:BackboneNpiCandidateTest:publishedOperationalDistanceAndAngle(double, double, boolean):[8] 4.0, 109, false
    MethodSource [className = 'totah.lab.daedalus.system.BackboneNpiCandidateTest', methodName = 'publishedOperationalDistanceAndAngle', methodParameterTypes = 'double, double, boolean']
    => java.lang.IllegalArgumentException: exact fields required: [kind, planeGroupId, atom, id]
       totah.lab.athena.system.rules.ContinuousGeometryRules.fields(ContinuousGeometryRules.java:370)
       totah.lab.athena.system.rules.ContinuousGeometryRules.build(ContinuousGeometryRules.java:113)
       totah.lab.athena.system.rules.ContinuousGeometryRules$1.analyze(ContinuousGeometryRules.java:56)
       totah.lab.athena.system.rules.PeptideGeometryRules$1.analyze(PeptideGeometryRules.java:66)
       totah.lab.daedalus.system.PeptideOmegaAcceptanceTest.execute(PeptideOmegaAcceptanceTest.java:50)
       totah.lab.daedalus.system.BackboneNpiCandidateTest.publishedOperationalDistanceAndAngle(BackboneNpiCandidateTest.java:47)
       java.base/java.lang.reflect.Method.invoke(Method.java:580)
       java.base/java.util.stream.ForEachOps$ForEachOp$OfRef.accept(ForEachOps.java:184)
       java.base/java.util.stream.ReferencePipeline$3$1.accept(ReferencePipeline.java:197)
       java.base/java.util.stream.ReferencePipeline$2$1.accept(ReferencePipeline.java:179)
       [...]
  JUnit Jupiter:BackboneNpiCandidateTest:explicitHydrogenAndAtomPermutationPreserveResults()
    MethodSource [className = 'totah.lab.daedalus.system.BackboneNpiCandidateTest', methodName = 'explicitHydrogenAndAtomPermutationPreserveResults', methodParameterTypes = '']
    => java.lang.IllegalArgumentException: exact fields required: [kind, planeGroupId, atom, id]
       totah.lab.athena.system.rules.ContinuousGeometryRules.fields(ContinuousGeometryRules.java:370)
       totah.lab.athena.system.rules.ContinuousGeometryRules.build(ContinuousGeometryRules.java:113)
       totah.lab.athena.system.rules.ContinuousGeometryRules$1.analyze(ContinuousGeometryRules.java:56)
       totah.lab.athena.system.rules.PeptideGeometryRules$1.analyze(PeptideGeometryRules.java:66)
       totah.lab.daedalus.system.PeptideOmegaAcceptanceTest.execute(PeptideOmegaAcceptanceTest.java:50)
       totah.lab.daedalus.system.BackboneNpiCandidateTest.explicitHydrogenAndAtomPermutationPreserveResults(BackboneNpiCandidateTest.java:71)
       java.base/java.lang.reflect.Method.invoke(Method.java:580)
       java.base/java.util.ArrayList.forEach(ArrayList.java:1596)
       java.base/java.util.ArrayList.forEach(ArrayList.java:1596)
  JUnit Jupiter:BackboneNpiCandidateTest:unknownStateAndZeroDistanceAngleAreNotNegative()
    MethodSource [className = 'totah.lab.daedalus.system.BackboneNpiCandidateTest', methodName = 'unknownStateAndZeroDistanceAngleAreNotNegative', methodParameterTypes = '']
    => java.lang.IllegalArgumentException: exact fields required: [kind, planeGroupId, atom, id]
       totah.lab.athena.system.rules.ContinuousGeometryRules.fields(ContinuousGeometryRules.java:370)
       totah.lab.athena.system.rules.ContinuousGeometryRules.build(ContinuousGeometryRules.java:113)
       totah.lab.athena.system.rules.ContinuousGeometryRules$1.analyze(ContinuousGeometryRules.java:56)
       totah.lab.athena.system.rules.PeptideGeometryRules$1.analyze(PeptideGeometryRules.java:66)
       totah.lab.daedalus.system.PeptideOmegaAcceptanceTest.execute(PeptideOmegaAcceptanceTest.java:50)
       totah.lab.daedalus.system.BackboneNpiCandidateTest.unknownStateAndZeroDistanceAngleAreNotNegative(BackboneNpiCandidateTest.java:63)
       java.base/java.lang.reflect.Method.invoke(Method.java:580)
       java.base/java.util.ArrayList.forEach(ArrayList.java:1596)
       java.base/java.util.ArrayList.forEach(ArrayList.java:1596)
  JUnit Jupiter:BackboneNpiCandidateTest:freeCarboxylEndCannotMasqueradeAsBackboneAmideAcceptor()
    MethodSource [className = 'totah.lab.daedalus.system.BackboneNpiCandidateTest', methodName = 'freeCarboxylEndCannotMasqueradeAsBackboneAmideAcceptor', methodParameterTypes = '']
    => java.lang.IllegalArgumentException: exact fields required: [kind, planeGroupId, atom, id]
       totah.lab.athena.system.rules.ContinuousGeometryRules.fields(ContinuousGeometryRules.java:370)
       totah.lab.athena.system.rules.ContinuousGeometryRules.build(ContinuousGeometryRules.java:113)
       totah.lab.athena.system.rules.ContinuousGeometryRules$1.analyze(ContinuousGeometryRules.java:56)
       totah.lab.athena.system.rules.PeptideGeometryRules$1.analyze(PeptideGeometryRules.java:66)
       totah.lab.daedalus.system.PeptideOmegaAcceptanceTest.execute(PeptideOmegaAcceptanceTest.java:50)
       totah.lab.daedalus.system.BackboneNpiCandidateTest.freeCarboxylEndCannotMasqueradeAsBackboneAmideAcceptor(BackboneNpiCandidateTest.java:68)
       java.base/java.lang.reflect.Method.invoke(Method.java:580)
       java.base/java.util.ArrayList.forEach(ArrayList.java:1596)
       java.base/java.util.ArrayList.forEach(ArrayList.java:1596)
  JUnit Jupiter:BackboneNpiCandidateTest:cyclicDipeptideAndProlineLikeBackbonesRetainExplicitRoleAlias()
    MethodSource [className = 'totah.lab.daedalus.system.BackboneNpiCandidateTest', methodName = 'cyclicDipeptideAndProlineLikeBackbonesRetainExplicitRoleAlias', methodParameterTypes = '']
    => java.lang.IllegalArgumentException: exact fields required: [kind, planeGroupId, atom, id]
       totah.lab.athena.system.rules.ContinuousGeometryRules.fields(ContinuousGeometryRules.java:370)
       totah.lab.athena.system.rules.ContinuousGeometryRules.build(ContinuousGeometryRules.java:113)
       totah.lab.athena.system.rules.ContinuousGeometryRules$1.analyze(ContinuousGeometryRules.java:56)
       totah.lab.athena.system.rules.PeptideGeometryRules$1.analyze(PeptideGeometryRules.java:66)
       totah.lab.daedalus.system.PeptideOmegaAcceptanceTest.execute(PeptideOmegaAcceptanceTest.java:50)
       totah.lab.daedalus.system.BackboneNpiCandidateTest.cyclicDipeptideAndProlineLikeBackbonesRetainExplicitRoleAlias(BackboneNpiCandidateTest.java:53)
       java.base/java.lang.reflect.Method.invoke(Method.java:580)
       java.base/java.util.ArrayList.forEach(ArrayList.java:1596)
       java.base/java.util.ArrayList.forEach(ArrayList.java:1596)
  JUnit Jupiter:BackboneNpiCandidateTest:optionalPlaneDegeneracyDoesNotFabricatePlaneOrInvalidateIndependentScreen()
    MethodSource [className = 'totah.lab.daedalus.system.BackboneNpiCandidateTest', methodName = 'optionalPlaneDegeneracyDoesNotFabricatePlaneOrInvalidateIndependentScreen', methodParameterTypes = '']
    => java.lang.IllegalArgumentException: exact fields required: [kind, planeGroupId, atom, id]
       totah.lab.athena.system.rules.ContinuousGeometryRules.fields(ContinuousGeometryRules.java:370)
       totah.lab.athena.system.rules.ContinuousGeometryRules.build(ContinuousGeometryRules.java:113)
       totah.lab.athena.system.rules.ContinuousGeometryRules$1.analyze(ContinuousGeometryRules.java:56)
       totah.lab.athena.system.rules.PeptideGeometryRules$1.analyze(PeptideGeometryRules.java:66)
       totah.lab.daedalus.system.PeptideOmegaAcceptanceTest.execute(PeptideOmegaAcceptanceTest.java:50)
       totah.lab.daedalus.system.BackboneNpiCandidateTest.optionalPlaneDegeneracyDoesNotFabricatePlaneOrInvalidateIndependentScreen(BackboneNpiCandidateTest.java:58)
       java.base/java.lang.reflect.Method.invoke(Method.java:580)
       java.base/java.util.ArrayList.forEach(ArrayList.java:1596)
       java.base/java.util.ArrayList.forEach(ArrayList.java:1596)

Test run finished after 1337 ms
[         7 containers found      ]
[         0 containers skipped    ]
[         7 containers started    ]
[         0 containers aborted    ]
[         7 containers successful ]
[         0 containers failed     ]
[        32 tests found           ]
[         0 tests skipped         ]
[        32 tests started         ]
[         0 tests aborted         ]
[        19 tests successful      ]
[        13 tests failed          ]

