
Thanks for using JUnit! Support its development at https://junit.org/sponsoring


Failures (4):
  JUnit Jupiter:HbondCandidateCurrentPipelineTest:governedExecutionAndExplicitSelection(String):[1] valid
    MethodSource [className = 'totah.lab.daedalus.system.HbondCandidateCurrentPipelineTest', methodName = 'governedExecutionAndExplicitSelection', methodParameterTypes = 'java.lang.String']
    => org.opentest4j.AssertionFailedError: EvidenceInterpretation[reference=ScientificReference[kind=EVIDENCE_INTERPRETATION, namespace=athena-scientific-tests, id=i02-current/evaluation/finding-18, version=1], inputs=[Input[reference=ScientificReference[kind=EVIDENCE_ENVELOPE, namespace=athena-scientific-tests, id=i02-current/evaluation/state, version=1], sha256=4370ec4e8dfccefd87694d2b0e16255b839ffd9a992ec61a7d1f0c91e7bcb19a], Input[reference=ScientificReference[kind=EVIDENCE_ENVELOPE, namespace=athena-scientific-tests, id=i02-current/measurements, version=1], sha256=09c5046a7576f424f3a7c50bac09d6c4d02e33f61291cf63b481a53f4946bd01], Input[reference=ScientificReference[kind=EVIDENCE_ENVELOPE, namespace=athena-scientific-tests, id=i02-fixture/0:ATHENA.PERCEPTION.DONOR.AMINE_PRIMARY, version=1], sha256=d1b9a995e71f2cc47320240262dc23b652aa8452ad315886ca0d8393042cd571], Input[reference=ScientificReference[kind=EVIDENCE_ENVELOPE, namespace=athena-scientific-tests, id=i02-fixture/1:ATHENA.PERCEPTION.ACCEPTOR.ETHER_O, version=1], sha256=c254a8396326f007366f267ef42771456ed1136d8e6616fb322b12fcfbf86904]], evaluator=ScientificReference[kind=METHOD, namespace=athena.hbond-candidate, id=ATHENA.HBOND.EXPLICIT_H_DIRECTIONAL_CANDIDATE/ATHENA_EXPLICIT_H_DIRECTIONAL_CANDIDATE_V1/1.0.0/evaluate, version=26cf8f5af19f21bb38f4c768b653e5c15209c03d209fc6321c6d557d16c042ad], configuration={}, subjects=[EvidenceSubject[state=ScientificReference[kind=CONTEXT, namespace=athena-scientific-tests, id=explicit-state, version=1], entityKind=system, localId=complete, members=[]]], status=FAILED, measurements={exception=com.fasterxml.jackson.databind.exc.MismatchedInputException}, reasons=[Trailing token (of type END_ARRAY) found after value (bound as `com.fasterxml.jackson.databind.JsonNode`): not allowed as per `DeserializationFeature.FAIL_ON_TRAILING_TOKENS`
 at [Source: REDACTED (`StreamReadFeature.INCLUDE_SOURCE_IN_LOCATION` disabled); line: 1, column: 76] (through reference chain: totah.lab.athena.system.rules.RuleRequest["first"]->java.util.ArrayList[0])], limitations=[input evidence and graph preserved before evaluator ran], supersedes=Optional.empty, recordedAt=2026-10-05T00:00:00Z] ==> expected: <SUPPORTED_PRESENT> but was: <FAILED>
       org.junit.jupiter.api.AssertionFailureBuilder.build(AssertionFailureBuilder.java:151)
       org.junit.jupiter.api.AssertionFailureBuilder.buildAndThrow(AssertionFailureBuilder.java:132)
       org.junit.jupiter.api.AssertEquals.failNotEqual(AssertEquals.java:197)
       org.junit.jupiter.api.AssertEquals.assertEquals(AssertEquals.java:182)
       org.junit.jupiter.api.Assertions.assertEquals(Assertions.java:1156)
       totah.lab.daedalus.system.HbondCandidateCurrentPipelineTest.governedExecutionAndExplicitSelection(HbondCandidateCurrentPipelineTest.java:42)
       java.base/java.lang.reflect.Method.invoke(Method.java:580)
       java.base/java.util.stream.ForEachOps$ForEachOp$OfRef.accept(ForEachOps.java:184)
       java.base/java.util.stream.ReferencePipeline$3$1.accept(ReferencePipeline.java:197)
       java.base/java.util.stream.ReferencePipeline$2$1.accept(ReferencePipeline.java:179)
       [...]
  JUnit Jupiter:HbondCandidateCurrentPipelineTest:governedExecutionAndExplicitSelection(String):[3] inherited
    MethodSource [className = 'totah.lab.daedalus.system.HbondCandidateCurrentPipelineTest', methodName = 'governedExecutionAndExplicitSelection', methodParameterTypes = 'java.lang.String']
    => org.opentest4j.AssertionFailedError: EvidenceInterpretation[reference=ScientificReference[kind=EVIDENCE_INTERPRETATION, namespace=athena-scientific-tests, id=i02-current/evaluation/finding-18, version=1], inputs=[Input[reference=ScientificReference[kind=EVIDENCE_ENVELOPE, namespace=athena-scientific-tests, id=i02-current/evaluation/state, version=1], sha256=4370ec4e8dfccefd87694d2b0e16255b839ffd9a992ec61a7d1f0c91e7bcb19a], Input[reference=ScientificReference[kind=EVIDENCE_ENVELOPE, namespace=athena-scientific-tests, id=i02-current/measurements, version=1], sha256=8f9cb11bf237f0a614d562872a6f3e92fd2b70c0ab25c14e3ef2ab789f36c584]], evaluator=ScientificReference[kind=METHOD, namespace=athena.hbond-candidate, id=ATHENA.HBOND.EXPLICIT_H_DIRECTIONAL_CANDIDATE/ATHENA_EXPLICIT_H_DIRECTIONAL_CANDIDATE_V1/1.0.0/evaluate, version=26cf8f5af19f21bb38f4c768b653e5c15209c03d209fc6321c6d557d16c042ad], configuration={}, subjects=[EvidenceSubject[state=ScientificReference[kind=CONTEXT, namespace=athena-scientific-tests, id=explicit-state, version=1], entityKind=system, localId=complete, members=[]]], status=FAILED, measurements={exception=com.fasterxml.jackson.databind.exc.MismatchedInputException}, reasons=[Trailing token (of type END_ARRAY) found after value (bound as `com.fasterxml.jackson.databind.JsonNode`): not allowed as per `DeserializationFeature.FAIL_ON_TRAILING_TOKENS`
 at [Source: REDACTED (`StreamReadFeature.INCLUDE_SOURCE_IN_LOCATION` disabled); line: 1, column: 76] (through reference chain: totah.lab.athena.system.rules.RuleRequest["first"]->java.util.ArrayList[0])], limitations=[input evidence and graph preserved before evaluator ran], supersedes=Optional.empty, recordedAt=2026-10-05T00:00:00Z] ==> expected: <UNKNOWN_INCONCLUSIVE> but was: <FAILED>
       org.junit.jupiter.api.AssertionFailureBuilder.build(AssertionFailureBuilder.java:151)
       org.junit.jupiter.api.AssertionFailureBuilder.buildAndThrow(AssertionFailureBuilder.java:132)
       org.junit.jupiter.api.AssertEquals.failNotEqual(AssertEquals.java:197)
       org.junit.jupiter.api.AssertEquals.assertEquals(AssertEquals.java:182)
       org.junit.jupiter.api.Assertions.assertEquals(Assertions.java:1156)
       totah.lab.daedalus.system.HbondCandidateCurrentPipelineTest.governedExecutionAndExplicitSelection(HbondCandidateCurrentPipelineTest.java:42)
       java.base/java.lang.reflect.Method.invoke(Method.java:580)
       java.base/java.util.stream.ForEachOps$ForEachOp$OfRef.accept(ForEachOps.java:184)
       java.base/java.util.stream.ReferencePipeline$3$1.accept(ReferencePipeline.java:197)
       java.base/java.util.stream.ReferencePipeline$2$1.accept(ReferencePipeline.java:179)
       [...]
  JUnit Jupiter:HbondCandidateAcceptanceTest:coincidentDonorAndAcceptorIsInconclusive()
    MethodSource [className = 'totah.lab.daedalus.system.HbondCandidateAcceptanceTest', methodName = 'coincidentDonorAndAcceptorIsInconclusive', methodParameterTypes = '']
    => org.opentest4j.AssertionFailedError: expected: <UNKNOWN_INCONCLUSIVE> but was: <ABSENT_FALSE>
       org.junit.jupiter.api.AssertionFailureBuilder.build(AssertionFailureBuilder.java:151)
       org.junit.jupiter.api.AssertionFailureBuilder.buildAndThrow(AssertionFailureBuilder.java:132)
       org.junit.jupiter.api.AssertEquals.failNotEqual(AssertEquals.java:197)
       org.junit.jupiter.api.AssertEquals.assertEquals(AssertEquals.java:182)
       org.junit.jupiter.api.AssertEquals.assertEquals(AssertEquals.java:177)
       org.junit.jupiter.api.Assertions.assertEquals(Assertions.java:1145)
       totah.lab.daedalus.system.HbondCandidateAcceptanceTest.coincidentDonorAndAcceptorIsInconclusive(HbondCandidateAcceptanceTest.java:59)
       java.base/java.lang.reflect.Method.invoke(Method.java:580)
       java.base/java.util.ArrayList.forEach(ArrayList.java:1596)
       java.base/java.util.ArrayList.forEach(ArrayList.java:1596)
  JUnit Jupiter:QualificationRequestCodecTest:preservesBothAbsentAndExplicitInsertionCodes()
    MethodSource [className = 'totah.lab.athena.system.rules.research.QualificationRequestCodecTest', methodName = 'preservesBothAbsentAndExplicitInsertionCodes', methodParameterTypes = '']
    => com.fasterxml.jackson.databind.exc.MismatchedInputException: Trailing token (of type END_ARRAY) found after value (bound as `com.fasterxml.jackson.databind.JsonNode`): not allowed as per `DeserializationFeature.FAIL_ON_TRAILING_TOKENS`
 at [Source: REDACTED (`StreamReadFeature.INCLUDE_SOURCE_IN_LOCATION` disabled); line: 1, column: 76] (through reference chain: totah.lab.athena.system.rules.RuleRequest["first"]->java.util.ArrayList[0])
       com.fasterxml.jackson.databind.exc.MismatchedInputException.from(MismatchedInputException.java:63)
       com.fasterxml.jackson.databind.DeserializationContext.reportTrailingTokens(DeserializationContext.java:1840)
       com.fasterxml.jackson.databind.ObjectMapper._verifyNoTrailingTokens(ObjectMapper.java:5047)
       com.fasterxml.jackson.databind.ObjectMapper._readValue(ObjectMapper.java:4917)
       com.fasterxml.jackson.databind.ObjectMapper.readTree(ObjectMapper.java:3154)
       totah.lab.athena.system.rules.research.QualificationRequestCodec$1.deserialize(QualificationRequestCodec.java:18)
       totah.lab.athena.system.rules.research.QualificationRequestCodec$1.deserialize(QualificationRequestCodec.java:16)
       com.fasterxml.jackson.databind.deser.std.CollectionDeserializer._deserializeFromArray(CollectionDeserializer.java:361)
       com.fasterxml.jackson.databind.deser.std.CollectionDeserializer.deserialize(CollectionDeserializer.java:246)
       com.fasterxml.jackson.databind.deser.std.CollectionDeserializer.deserialize(CollectionDeserializer.java:30)
       [...]

Test run finished after 209809 ms
[        57 containers found      ]
[         0 containers skipped    ]
[        57 containers started    ]
[         0 containers aborted    ]
[        57 containers successful ]
[         0 containers failed     ]
[       949 tests found           ]
[         0 tests skipped         ]
[       949 tests started         ]
[         0 tests aborted         ]
[       945 tests successful      ]
[         4 tests failed          ]

