
Thanks for using JUnit! Support its development at https://junit.org/sponsoring


Failures (4):
  JUnit Jupiter:HbondCandidateCurrentPipelineTest:governedExecutionAndExplicitSelection(String):[1] valid
    MethodSource [className = 'totah.lab.daedalus.system.HbondCandidateCurrentPipelineTest', methodName = 'governedExecutionAndExplicitSelection', methodParameterTypes = 'java.lang.String']
    => java.lang.IllegalArgumentException: expected METHOD, found AGENT
       totah.lab.mnemosyne.ScientificReference.require(ScientificReference.java:20)
       totah.lab.mnemosyne.Observation$Provenance.<init>(Observation.java:70)
       totah.lab.daedalus.system.SystemQualificationPipeline.envelope(SystemQualificationPipeline.java:118)
       totah.lab.daedalus.system.HbondCandidateCurrentPipelineTest.governedExecutionAndExplicitSelection(HbondCandidateCurrentPipelineTest.java:27)
       java.base/java.lang.reflect.Method.invoke(Method.java:580)
       java.base/java.util.stream.ForEachOps$ForEachOp$OfRef.accept(ForEachOps.java:184)
       java.base/java.util.stream.ReferencePipeline$3$1.accept(ReferencePipeline.java:197)
       java.base/java.util.stream.ReferencePipeline$2$1.accept(ReferencePipeline.java:179)
       java.base/java.util.stream.ReferencePipeline$3$1.accept(ReferencePipeline.java:197)
       java.base/java.util.stream.ForEachOps$ForEachOp$OfRef.accept(ForEachOps.java:184)
       [...]
  JUnit Jupiter:HbondCandidateCurrentPipelineTest:governedExecutionAndExplicitSelection(String):[2] expired
    MethodSource [className = 'totah.lab.daedalus.system.HbondCandidateCurrentPipelineTest', methodName = 'governedExecutionAndExplicitSelection', methodParameterTypes = 'java.lang.String']
    => java.lang.IllegalArgumentException: expected METHOD, found AGENT
       totah.lab.mnemosyne.ScientificReference.require(ScientificReference.java:20)
       totah.lab.mnemosyne.Observation$Provenance.<init>(Observation.java:70)
       totah.lab.daedalus.system.SystemQualificationPipeline.envelope(SystemQualificationPipeline.java:118)
       totah.lab.daedalus.system.HbondCandidateCurrentPipelineTest.governedExecutionAndExplicitSelection(HbondCandidateCurrentPipelineTest.java:27)
       java.base/java.lang.reflect.Method.invoke(Method.java:580)
       java.base/java.util.stream.ForEachOps$ForEachOp$OfRef.accept(ForEachOps.java:184)
       java.base/java.util.stream.ReferencePipeline$3$1.accept(ReferencePipeline.java:197)
       java.base/java.util.stream.ReferencePipeline$2$1.accept(ReferencePipeline.java:179)
       java.base/java.util.stream.ReferencePipeline$3$1.accept(ReferencePipeline.java:197)
       java.base/java.util.stream.ForEachOps$ForEachOp$OfRef.accept(ForEachOps.java:184)
       [...]
  JUnit Jupiter:HbondCandidateCurrentPipelineTest:governedExecutionAndExplicitSelection(String):[3] inherited
    MethodSource [className = 'totah.lab.daedalus.system.HbondCandidateCurrentPipelineTest', methodName = 'governedExecutionAndExplicitSelection', methodParameterTypes = 'java.lang.String']
    => java.lang.IllegalArgumentException: expected METHOD, found AGENT
       totah.lab.mnemosyne.ScientificReference.require(ScientificReference.java:20)
       totah.lab.mnemosyne.Observation$Provenance.<init>(Observation.java:70)
       totah.lab.daedalus.system.SystemQualificationPipeline.envelope(SystemQualificationPipeline.java:118)
       totah.lab.daedalus.system.HbondCandidateCurrentPipelineTest.governedExecutionAndExplicitSelection(HbondCandidateCurrentPipelineTest.java:27)
       java.base/java.lang.reflect.Method.invoke(Method.java:580)
       java.base/java.util.stream.ForEachOps$ForEachOp$OfRef.accept(ForEachOps.java:184)
       java.base/java.util.stream.ReferencePipeline$3$1.accept(ReferencePipeline.java:197)
       java.base/java.util.stream.ReferencePipeline$2$1.accept(ReferencePipeline.java:179)
       java.base/java.util.stream.ReferencePipeline$3$1.accept(ReferencePipeline.java:197)
       java.base/java.util.stream.ForEachOps$ForEachOp$OfRef.accept(ForEachOps.java:184)
       [...]
  JUnit Jupiter:HbondCandidateCurrentPipelineTest:governedExecutionAndExplicitSelection(String):[4] missing-time
    MethodSource [className = 'totah.lab.daedalus.system.HbondCandidateCurrentPipelineTest', methodName = 'governedExecutionAndExplicitSelection', methodParameterTypes = 'java.lang.String']
    => java.lang.IllegalArgumentException: expected METHOD, found AGENT
       totah.lab.mnemosyne.ScientificReference.require(ScientificReference.java:20)
       totah.lab.mnemosyne.Observation$Provenance.<init>(Observation.java:70)
       totah.lab.daedalus.system.SystemQualificationPipeline.envelope(SystemQualificationPipeline.java:118)
       totah.lab.daedalus.system.HbondCandidateCurrentPipelineTest.governedExecutionAndExplicitSelection(HbondCandidateCurrentPipelineTest.java:27)
       java.base/java.lang.reflect.Method.invoke(Method.java:580)
       java.base/java.util.stream.ForEachOps$ForEachOp$OfRef.accept(ForEachOps.java:184)
       java.base/java.util.stream.ReferencePipeline$3$1.accept(ReferencePipeline.java:197)
       java.base/java.util.stream.ReferencePipeline$2$1.accept(ReferencePipeline.java:179)
       java.base/java.util.stream.ReferencePipeline$3$1.accept(ReferencePipeline.java:197)
       java.base/java.util.stream.ForEachOps$ForEachOp$OfRef.accept(ForEachOps.java:184)
       [...]

Test run finished after 1019 ms
[         5 containers found      ]
[         0 containers skipped    ]
[         5 containers started    ]
[         0 containers aborted    ]
[         5 containers successful ]
[         0 containers failed     ]
[         4 tests found           ]
[         0 tests skipped         ]
[         4 tests started         ]
[         0 tests aborted         ]
[         0 tests successful      ]
[         4 tests failed          ]

