
Thanks for using JUnit! Support its development at https://junit.org/sponsoring


Failures (1):
  JUnit Jupiter:FoundationGroupAcceptanceTest:carbonicAcidIsNotCarboxylicAcid()
    MethodSource [className = 'totah.lab.daedalus.system.FoundationGroupAcceptanceTest', methodName = 'carbonicAcidIsNotCarboxylicAcid', methodParameterTypes = '']
    => org.opentest4j.AssertionFailedError: expected: <ABSENT_FALSE> but was: <SUPPORTED_PRESENT>
       org.junit.jupiter.api.AssertionFailureBuilder.build(AssertionFailureBuilder.java:151)
       org.junit.jupiter.api.AssertionFailureBuilder.buildAndThrow(AssertionFailureBuilder.java:132)
       org.junit.jupiter.api.AssertEquals.failNotEqual(AssertEquals.java:197)
       org.junit.jupiter.api.AssertEquals.assertEquals(AssertEquals.java:182)
       org.junit.jupiter.api.AssertEquals.assertEquals(AssertEquals.java:177)
       org.junit.jupiter.api.Assertions.assertEquals(Assertions.java:1145)
       totah.lab.daedalus.system.FoundationGroupAcceptanceTest.carbonicAcidIsNotCarboxylicAcid(FoundationGroupAcceptanceTest.java:83)
       java.base/java.lang.reflect.Method.invoke(Method.java:580)
       java.base/java.util.ArrayList.forEach(ArrayList.java:1596)
       java.base/java.util.ArrayList.forEach(ArrayList.java:1596)

Test run finished after 1102 ms
[         7 containers found      ]
[         0 containers skipped    ]
[         7 containers started    ]
[         0 containers aborted    ]
[         7 containers successful ]
[         0 containers failed     ]
[        91 tests found           ]
[         0 tests skipped         ]
[        91 tests started         ]
[         0 tests aborted         ]
[        90 tests successful      ]
[         1 tests failed          ]

