
Thanks for using JUnit! Support its development at https://junit.org/sponsoring


Failures (1):
  JUnit Jupiter:FoundationGroupAcceptanceTest:etherIncludesEpoxideAndAnisoleButNotFuranOxygen()
    MethodSource [className = 'totah.lab.daedalus.system.FoundationGroupAcceptanceTest', methodName = 'etherIncludesEpoxideAndAnisoleButNotFuranOxygen', methodParameterTypes = '']
    => org.opentest4j.AssertionFailedError: expected: <ABSENT_FALSE> but was: <SUPPORTED_PRESENT>
       org.junit.jupiter.api.AssertionFailureBuilder.build(AssertionFailureBuilder.java:151)
       org.junit.jupiter.api.AssertionFailureBuilder.buildAndThrow(AssertionFailureBuilder.java:132)
       org.junit.jupiter.api.AssertEquals.failNotEqual(AssertEquals.java:197)
       org.junit.jupiter.api.AssertEquals.assertEquals(AssertEquals.java:182)
       org.junit.jupiter.api.AssertEquals.assertEquals(AssertEquals.java:177)
       org.junit.jupiter.api.Assertions.assertEquals(Assertions.java:1145)
       totah.lab.daedalus.system.FoundationGroupAcceptanceTest.etherIncludesEpoxideAndAnisoleButNotFuranOxygen(FoundationGroupAcceptanceTest.java:116)
       java.base/java.lang.reflect.Method.invoke(Method.java:580)
       java.base/java.util.ArrayList.forEach(ArrayList.java:1596)
       java.base/java.util.ArrayList.forEach(ArrayList.java:1596)

Test run finished after 504 ms
[         4 containers found      ]
[         0 containers skipped    ]
[         4 containers started    ]
[         0 containers aborted    ]
[         4 containers successful ]
[         0 containers failed     ]
[         1 tests found           ]
[         0 tests skipped         ]
[         1 tests started         ]
[         0 tests aborted         ]
[         0 tests successful      ]
[         1 tests failed          ]

