
Thanks for using JUnit! Support its development at https://junit.org/sponsoring


Failures (7):
  JUnit Jupiter:WaterBridgeAcceptanceTest:wrongSharedOrientationFailsDespiteCloseOxygens()
    MethodSource [className = 'totah.lab.daedalus.system.WaterBridgeAcceptanceTest', methodName = 'wrongSharedOrientationFailsDespiteCloseOxygens', methodParameterTypes = '']
    => org.opentest4j.AssertionFailedError: expected: <ABSENT_FALSE> but was: <UNKNOWN_INCONCLUSIVE>
       org.junit.jupiter.api.AssertionFailureBuilder.build(AssertionFailureBuilder.java:151)
       org.junit.jupiter.api.AssertionFailureBuilder.buildAndThrow(AssertionFailureBuilder.java:132)
       org.junit.jupiter.api.AssertEquals.failNotEqual(AssertEquals.java:197)
       org.junit.jupiter.api.AssertEquals.assertEquals(AssertEquals.java:182)
       org.junit.jupiter.api.AssertEquals.assertEquals(AssertEquals.java:177)
       org.junit.jupiter.api.Assertions.assertEquals(Assertions.java:1145)
       totah.lab.daedalus.system.WaterBridgeAcceptanceTest.wrongSharedOrientationFailsDespiteCloseOxygens(WaterBridgeAcceptanceTest.java:25)
       java.base/java.lang.reflect.Method.invoke(Method.java:580)
       java.base/java.util.ArrayList.forEach(ArrayList.java:1596)
       java.base/java.util.ArrayList.forEach(ArrayList.java:1596)
  JUnit Jupiter:WaterBridgeAcceptanceTest:positiveSurvivesMissingInventory()
    MethodSource [className = 'totah.lab.daedalus.system.WaterBridgeAcceptanceTest', methodName = 'positiveSurvivesMissingInventory', methodParameterTypes = '']
    => org.opentest4j.AssertionFailedError: expected: <SUPPORTED_PRESENT> but was: <UNKNOWN_INCONCLUSIVE>
       org.junit.jupiter.api.AssertionFailureBuilder.build(AssertionFailureBuilder.java:151)
       org.junit.jupiter.api.AssertionFailureBuilder.buildAndThrow(AssertionFailureBuilder.java:132)
       org.junit.jupiter.api.AssertEquals.failNotEqual(AssertEquals.java:197)
       org.junit.jupiter.api.AssertEquals.assertEquals(AssertEquals.java:182)
       org.junit.jupiter.api.AssertEquals.assertEquals(AssertEquals.java:177)
       org.junit.jupiter.api.Assertions.assertEquals(Assertions.java:1145)
       totah.lab.daedalus.system.WaterBridgeAcceptanceTest.positiveSurvivesMissingInventory(WaterBridgeAcceptanceTest.java:19)
       java.base/java.lang.reflect.Method.invoke(Method.java:580)
       java.base/java.util.ArrayList.forEach(ArrayList.java:1596)
       java.base/java.util.ArrayList.forEach(ArrayList.java:1596)
  JUnit Jupiter:WaterBridgeAcceptanceTest:completeEmptyModeledInventoryIsOnlyProfileNegative()
    MethodSource [className = 'totah.lab.daedalus.system.WaterBridgeAcceptanceTest', methodName = 'completeEmptyModeledInventoryIsOnlyProfileNegative', methodParameterTypes = '']
    => org.opentest4j.AssertionFailedError: expected: <ABSENT_FALSE> but was: <UNKNOWN_INCONCLUSIVE>
       org.junit.jupiter.api.AssertionFailureBuilder.build(AssertionFailureBuilder.java:151)
       org.junit.jupiter.api.AssertionFailureBuilder.buildAndThrow(AssertionFailureBuilder.java:132)
       org.junit.jupiter.api.AssertEquals.failNotEqual(AssertEquals.java:197)
       org.junit.jupiter.api.AssertEquals.assertEquals(AssertEquals.java:182)
       org.junit.jupiter.api.AssertEquals.assertEquals(AssertEquals.java:177)
       org.junit.jupiter.api.Assertions.assertEquals(Assertions.java:1145)
       totah.lab.daedalus.system.WaterBridgeAcceptanceTest.completeEmptyModeledInventoryIsOnlyProfileNegative(WaterBridgeAcceptanceTest.java:18)
       java.base/java.lang.reflect.Method.invoke(Method.java:580)
       java.base/java.util.ArrayList.forEach(ArrayList.java:1596)
       java.base/java.util.ArrayList.forEach(ArrayList.java:1596)
  JUnit Jupiter:WaterBridgeAcceptanceTest:explicitWaterPaths(int):[1] 1
    MethodSource [className = 'totah.lab.daedalus.system.WaterBridgeAcceptanceTest', methodName = 'explicitWaterPaths', methodParameterTypes = 'int']
    => org.opentest4j.AssertionFailedError: ["bounded event path coverage incomplete","endpoint has no eligible reviewed role: AtomReference[chainId=A, residueNumber=1, insertionCode= , atomName=o]"] ==> expected: <SUPPORTED_PRESENT> but was: <UNKNOWN_INCONCLUSIVE>
       org.junit.jupiter.api.AssertionFailureBuilder.build(AssertionFailureBuilder.java:151)
       org.junit.jupiter.api.AssertionFailureBuilder.buildAndThrow(AssertionFailureBuilder.java:132)
       org.junit.jupiter.api.AssertEquals.failNotEqual(AssertEquals.java:197)
       org.junit.jupiter.api.AssertEquals.assertEquals(AssertEquals.java:182)
       org.junit.jupiter.api.Assertions.assertEquals(Assertions.java:1156)
       totah.lab.daedalus.system.WaterBridgeAcceptanceTest.explicitWaterPaths(WaterBridgeAcceptanceTest.java:15)
       java.base/java.lang.reflect.Method.invoke(Method.java:580)
       java.base/java.util.stream.ForEachOps$ForEachOp$OfRef.accept(ForEachOps.java:184)
       java.base/java.util.stream.ReferencePipeline$3$1.accept(ReferencePipeline.java:197)
       java.base/java.util.stream.ReferencePipeline$2$1.accept(ReferencePipeline.java:179)
       [...]
  JUnit Jupiter:WaterBridgeAcceptanceTest:explicitWaterPaths(int):[2] 2
    MethodSource [className = 'totah.lab.daedalus.system.WaterBridgeAcceptanceTest', methodName = 'explicitWaterPaths', methodParameterTypes = 'int']
    => org.opentest4j.AssertionFailedError: ["bounded event path coverage incomplete","endpoint has no eligible reviewed role: AtomReference[chainId=A, residueNumber=1, insertionCode= , atomName=o]"] ==> expected: <SUPPORTED_PRESENT> but was: <UNKNOWN_INCONCLUSIVE>
       org.junit.jupiter.api.AssertionFailureBuilder.build(AssertionFailureBuilder.java:151)
       org.junit.jupiter.api.AssertionFailureBuilder.buildAndThrow(AssertionFailureBuilder.java:132)
       org.junit.jupiter.api.AssertEquals.failNotEqual(AssertEquals.java:197)
       org.junit.jupiter.api.AssertEquals.assertEquals(AssertEquals.java:182)
       org.junit.jupiter.api.Assertions.assertEquals(Assertions.java:1156)
       totah.lab.daedalus.system.WaterBridgeAcceptanceTest.explicitWaterPaths(WaterBridgeAcceptanceTest.java:15)
       java.base/java.lang.reflect.Method.invoke(Method.java:580)
       java.base/java.util.stream.ForEachOps$ForEachOp$OfRef.accept(ForEachOps.java:184)
       java.base/java.util.stream.ReferencePipeline$3$1.accept(ReferencePipeline.java:197)
       java.base/java.util.stream.ReferencePipeline$2$1.accept(ReferencePipeline.java:179)
       [...]
  JUnit Jupiter:WaterBridgeAcceptanceTest:explicitWaterPaths(int):[3] 3
    MethodSource [className = 'totah.lab.daedalus.system.WaterBridgeAcceptanceTest', methodName = 'explicitWaterPaths', methodParameterTypes = 'int']
    => org.opentest4j.AssertionFailedError: ["bounded event path coverage incomplete","endpoint has no eligible reviewed role: AtomReference[chainId=A, residueNumber=1, insertionCode= , atomName=o]"] ==> expected: <SUPPORTED_PRESENT> but was: <UNKNOWN_INCONCLUSIVE>
       org.junit.jupiter.api.AssertionFailureBuilder.build(AssertionFailureBuilder.java:151)
       org.junit.jupiter.api.AssertionFailureBuilder.buildAndThrow(AssertionFailureBuilder.java:132)
       org.junit.jupiter.api.AssertEquals.failNotEqual(AssertEquals.java:197)
       org.junit.jupiter.api.AssertEquals.assertEquals(AssertEquals.java:182)
       org.junit.jupiter.api.Assertions.assertEquals(Assertions.java:1156)
       totah.lab.daedalus.system.WaterBridgeAcceptanceTest.explicitWaterPaths(WaterBridgeAcceptanceTest.java:15)
       java.base/java.lang.reflect.Method.invoke(Method.java:580)
       java.base/java.util.stream.ForEachOps$ForEachOp$OfRef.accept(ForEachOps.java:184)
       java.base/java.util.stream.ReferencePipeline$3$1.accept(ReferencePipeline.java:197)
       java.base/java.util.stream.ReferencePipeline$2$1.accept(ReferencePipeline.java:179)
       [...]
  JUnit Jupiter:WaterBridgeAcceptanceTest:knownCarbonBoundEndpointOxygensDoNotBlockInventory()
    MethodSource [className = 'totah.lab.daedalus.system.WaterBridgeAcceptanceTest', methodName = 'knownCarbonBoundEndpointOxygensDoNotBlockInventory', methodParameterTypes = '']
    => org.opentest4j.AssertionFailedError: expected: <true> but was: <false>
       org.junit.jupiter.api.AssertionFailureBuilder.build(AssertionFailureBuilder.java:151)
       org.junit.jupiter.api.AssertionFailureBuilder.buildAndThrow(AssertionFailureBuilder.java:132)
       org.junit.jupiter.api.AssertTrue.failNotTrue(AssertTrue.java:63)
       org.junit.jupiter.api.AssertTrue.assertTrue(AssertTrue.java:36)
       org.junit.jupiter.api.AssertTrue.assertTrue(AssertTrue.java:31)
       org.junit.jupiter.api.Assertions.assertTrue(Assertions.java:183)
       totah.lab.daedalus.system.WaterBridgeAcceptanceTest.knownCarbonBoundEndpointOxygensDoNotBlockInventory(WaterBridgeAcceptanceTest.java:24)
       java.base/java.lang.reflect.Method.invoke(Method.java:580)
       java.base/java.util.ArrayList.forEach(ArrayList.java:1596)
       java.base/java.util.ArrayList.forEach(ArrayList.java:1596)

Test run finished after 4898 ms
[         7 containers found      ]
[         0 containers skipped    ]
[         7 containers started    ]
[         0 containers aborted    ]
[         7 containers successful ]
[         0 containers failed     ]
[        23 tests found           ]
[         0 tests skipped         ]
[        23 tests started         ]
[         0 tests aborted         ]
[        16 tests successful      ]
[         7 tests failed          ]

