/Users/yazan/totah-lab/software/modules/gaia/src/main/java/totah/lab/gaia/structure/Structure.java:20: warning: The @Exclude annotation is not needed; 'onlyExplicitlyIncluded' is set, so this member would be excluded anyway
    private final List<Chain> chains;
                              ^
/Users/yazan/totah-lab/software/modules/gaia/src/main/java/totah/lab/gaia/structure/Structure.java:23: warning: The @Exclude annotation is not needed; 'onlyExplicitlyIncluded' is set, so this member would be excluded anyway
    private final List<Bond> bonds;
                             ^
/Users/yazan/totah-lab/software/modules/gaia/src/main/java/totah/lab/gaia/structure/Structure.java:26: warning: The @Exclude annotation is not needed; 'onlyExplicitlyIncluded' is set, so this member would be excluded anyway
    private final ConnectivityMetadata connectivityMetadata;
                                       ^
/Users/yazan/totah-lab/software/modules/gaia/src/main/java/totah/lab/gaia/structure/Structure.java:29: warning: The @Exclude annotation is not needed; 'onlyExplicitlyIncluded' is set, so this member would be excluded anyway
    private final Map<String, Chain> chainIndex;
                                     ^
/Users/yazan/totah-lab/software/modules/gaia/src/main/java/totah/lab/gaia/structure/Residue.java:33: warning: The @Exclude annotation is not needed; 'onlyExplicitlyIncluded' is set, so this member would be excluded anyway
    private final List<Atom> atoms = List.of();
                             ^
/Users/yazan/totah-lab/software/modules/daedalus/src/test/java/totah/lab/daedalus/system/WaterBridgeFixtures.java:35: error: method coverage in class WaterBridgeFixtures cannot be applied to given types;
            var entry=it.next();var source=RuleRegistry.decode(SystemStateView.bytes(entry.getValue()));var c=coverage(state,fixtures.get(i));c.set("componentReference",node(state.components().get(i).identity()));
                                                                                                              ^
  required: Status
  found:    SystemStateView,Fixture
  reason: actual and formal argument lists differ in length
Note: Some input files use or override a deprecated API.
Note: Recompile with -Xlint:deprecation for details.
1 error
5 warnings
