
Thanks for using JUnit! Support its development at https://junit.org/sponsoring


Failures (1):
  JUnit Jupiter:WaterBridgeDomainTest:unsupportedSulfurEndpointDoesNotBecomeEligible()
    MethodSource [className = 'totah.lab.daedalus.system.WaterBridgeDomainTest', methodName = 'unsupportedSulfurEndpointDoesNotBecomeEligible', methodParameterTypes = '']
    => java.lang.IllegalArgumentException: No value for property 'thiol' of `ObjectNode`
       com.fasterxml.jackson.databind.JsonNode._reportRequiredViolation(JsonNode.java:1585)
       com.fasterxml.jackson.databind.node.ObjectNode.required(ObjectNode.java:311)
       totah.lab.daedalus.system.FoundationVocabularyAcceptanceTest.molecule(FoundationVocabularyAcceptanceTest.java:20)
       totah.lab.daedalus.system.ChemicalRoleAcceptanceTest.chemical(ChemicalRoleAcceptanceTest.java:21)
       totah.lab.daedalus.system.WaterBridgeDomainTest.unsupportedSulfurEndpointDoesNotBecomeEligible(WaterBridgeDomainTest.java:67)
       java.base/java.lang.reflect.Method.invoke(Method.java:580)
       java.base/java.util.ArrayList.forEach(ArrayList.java:1596)
       java.base/java.util.ArrayList.forEach(ArrayList.java:1596)

Test run finished after 12963 ms
[        12 containers found      ]
[         0 containers skipped    ]
[        12 containers started    ]
[         0 containers aborted    ]
[        12 containers successful ]
[         0 containers failed     ]
[        69 tests found           ]
[         0 tests skipped         ]
[        69 tests started         ]
[         0 tests aborted         ]
[        68 tests successful      ]
[         1 tests failed          ]

