AutoDock Vina v1.2.5-17-gda92a68
#################################################################
# If you used AutoDock Vina in your work, please cite:          #
#                                                               #
# J. Eberhardt, D. Santos-Martins, A. F. Tillack, and S. Forli  #
# AutoDock Vina 1.2.0: New Docking Methods, Expanded Force      #
# Field, and Python Bindings, J. Chem. Inf. Model. (2021)       #
# DOI 10.1021/acs.jcim.1c00203                                  #
#                                                               #
# O. Trott, A. J. Olson,                                        #
# AutoDock Vina: improving the speed and accuracy of docking    #
# with a new scoring function, efficient optimization and       #
# multithreading, J. Comp. Chem. (2010)                         #
# DOI 10.1002/jcc.21334                                         #
#                                                               #
# Please see https://github.com/ccsb-scripps/AutoDock-Vina for  #
# more information.                                             #
#################################################################

Scoring function : vina
Rigid receptor: /Users/yazan/totah-lab/analysis/dcmb/sar_experiment/prepared_receptors/7B_APO.pdbqt
Ligand: /Users/yazan/totah-lab/analysis/dcmb/sar_experiment/ligands/25DCMB_R.pdbqt
Grid center: X 2.8444 Y -2.1005 Z -4.2105
Grid size  : X 25.334 Y 22 Z 23.923
Grid space : 0.375
Exhaustiveness: 16
CPU: 1
Verbosity: 1

Computing Vina grid ... done.
Performing docking (random seed: 20260809) ... 
0%   10   20   30   40   50   60   70   80   90   100%
|----|----|----|----|----|----|----|----|----|----|
***************************************************

mode |   affinity | dist from best mode
     | (kcal/mol) | rmsd l.b.| rmsd u.b.
-----+------------+----------+----------
   1       -5.656          0          0
   2       -5.584      3.811      6.147
   3       -5.472      2.493      4.337
   4       -5.439      3.112      4.146
   5       -5.392      2.469      4.421
   6       -5.366      3.366      5.128
   7       -5.327      3.922      5.178
   8       -5.261      6.703      8.536
   9       -5.259       2.99      4.558
  10       -5.215      6.513      8.335
  11       -5.138      3.224      4.732
  12       -5.133      4.979      6.943
