AutoDock Vina v1.2.5-17-gda92a68
#################################################################
# If you used AutoDock Vina in your work, please cite:          #
#                                                               #
# J. Eberhardt, D. Santos-Martins, A. F. Tillack, and S. Forli  #
# AutoDock Vina 1.2.0: New Docking Methods, Expanded Force      #
# Field, and Python Bindings, J. Chem. Inf. Model. (2021)       #
# DOI 10.1021/acs.jcim.1c00203                                  #
#                                                               #
# O. Trott, A. J. Olson,                                        #
# AutoDock Vina: improving the speed and accuracy of docking    #
# with a new scoring function, efficient optimization and       #
# multithreading, J. Comp. Chem. (2010)                         #
# DOI 10.1002/jcc.21334                                         #
#                                                               #
# Please see https://github.com/ccsb-scripps/AutoDock-Vina for  #
# more information.                                             #
#################################################################

Scoring function : vina
Rigid receptor: /Users/yazan/totah-lab/analysis/dcmb/sar_experiment/prepared_receptors/7B_APO.pdbqt
Ligand: /Users/yazan/totah-lab/analysis/dcmb/sar_experiment/ligands/34DCMB_S.pdbqt
Grid center: X 2.8444 Y -2.1005 Z -4.2105
Grid size  : X 25.334 Y 22 Z 23.923
Grid space : 0.375
Exhaustiveness: 16
CPU: 1
Verbosity: 1

Computing Vina grid ... done.
Performing docking (random seed: 20260809) ... 
0%   10   20   30   40   50   60   70   80   90   100%
|----|----|----|----|----|----|----|----|----|----|
***************************************************

mode |   affinity | dist from best mode
     | (kcal/mol) | rmsd l.b.| rmsd u.b.
-----+------------+----------+----------
   1       -5.656          0          0
   2       -5.604      3.764      5.029
   3       -5.574      3.881      4.818
   4       -5.558      4.706      6.326
   5       -5.506       1.85      2.866
   6       -5.484      2.618      3.875
   7       -5.481      5.259      6.756
   8       -5.462      3.868      5.029
   9       -5.414      2.007      2.426
  10         -5.4      4.131      5.258
  11       -5.398      4.798      6.253
  12       -5.312       2.43      2.808
