AutoDock Vina v1.2.5-17-gda92a68
#################################################################
# If you used AutoDock Vina in your work, please cite:          #
#                                                               #
# J. Eberhardt, D. Santos-Martins, A. F. Tillack, and S. Forli  #
# AutoDock Vina 1.2.0: New Docking Methods, Expanded Force      #
# Field, and Python Bindings, J. Chem. Inf. Model. (2021)       #
# DOI 10.1021/acs.jcim.1c00203                                  #
#                                                               #
# O. Trott, A. J. Olson,                                        #
# AutoDock Vina: improving the speed and accuracy of docking    #
# with a new scoring function, efficient optimization and       #
# multithreading, J. Comp. Chem. (2010)                         #
# DOI 10.1002/jcc.21334                                         #
#                                                               #
# Please see https://github.com/ccsb-scripps/AutoDock-Vina for  #
# more information.                                             #
#################################################################

Scoring function : vina
Rigid receptor: /Users/yazan/totah-lab/analysis/dcmb/sar_experiment/prepared_receptors/7B_SAM.pdbqt
Ligand: /Users/yazan/totah-lab/analysis/dcmb/sar_experiment/ligands/26DCMB_R.pdbqt
Grid center: X 2.8444 Y -2.1005 Z -4.2105
Grid size  : X 25.334 Y 22 Z 23.923
Grid space : 0.375
Exhaustiveness: 16
CPU: 1
Verbosity: 1

Computing Vina grid ... done.
Performing docking (random seed: 20260809) ... 
0%   10   20   30   40   50   60   70   80   90   100%
|----|----|----|----|----|----|----|----|----|----|
***************************************************

mode |   affinity | dist from best mode
     | (kcal/mol) | rmsd l.b.| rmsd u.b.
-----+------------+----------+----------
   1       -5.135          0          0
   2        -4.99      2.119      3.034
   3       -4.983     0.0983      2.762
   4       -4.948      1.853      2.375
   5       -4.575      2.004      3.553
   6       -4.466      2.455      3.447
   7       -4.382      1.954      3.544
   8       -4.065      16.18      17.21
   9       -4.046      12.75      13.69
  10       -3.991      12.97      13.88
  11       -3.968      15.95      17.26
  12       -3.929      12.64      13.39
