AutoDock Vina v1.2.5-17-gda92a68
#################################################################
# If you used AutoDock Vina in your work, please cite:          #
#                                                               #
# J. Eberhardt, D. Santos-Martins, A. F. Tillack, and S. Forli  #
# AutoDock Vina 1.2.0: New Docking Methods, Expanded Force      #
# Field, and Python Bindings, J. Chem. Inf. Model. (2021)       #
# DOI 10.1021/acs.jcim.1c00203                                  #
#                                                               #
# O. Trott, A. J. Olson,                                        #
# AutoDock Vina: improving the speed and accuracy of docking    #
# with a new scoring function, efficient optimization and       #
# multithreading, J. Comp. Chem. (2010)                         #
# DOI 10.1002/jcc.21334                                         #
#                                                               #
# Please see https://github.com/ccsb-scripps/AutoDock-Vina for  #
# more information.                                             #
#################################################################

Scoring function : vina
Rigid receptor: /Users/yazan/totah-lab/analysis/dcmb/sar_experiment/prepared_receptors/7B_SAM.pdbqt
Ligand: /Users/yazan/totah-lab/analysis/dcmb/sar_experiment/ligands/4CLBA.pdbqt
Grid center: X 2.8444 Y -2.1005 Z -4.2105
Grid size  : X 25.334 Y 22 Z 23.923
Grid space : 0.375
Exhaustiveness: 16
CPU: 1
Verbosity: 1

Computing Vina grid ... done.
Performing docking (random seed: 20260809) ... 
0%   10   20   30   40   50   60   70   80   90   100%
|----|----|----|----|----|----|----|----|----|----|
***************************************************

mode |   affinity | dist from best mode
     | (kcal/mol) | rmsd l.b.| rmsd u.b.
-----+------------+----------+----------
   1       -4.772          0          0
   2       -4.594      2.553      3.328
   3       -4.426      12.07      12.66
   4       -4.267       13.6       15.1
   5       -4.246       13.6       15.1
   6       -4.212      2.602      3.318
   7       -3.774      13.84      14.99
   8       -3.701      13.28      14.18
   9       -3.694      16.15      16.95
  10       -3.691      16.13      16.88
  11       -3.632      16.22      16.71
  12       -2.767      3.468      4.568
