AutoDock Vina v1.2.5-17-gda92a68
#################################################################
# If you used AutoDock Vina in your work, please cite:          #
#                                                               #
# J. Eberhardt, D. Santos-Martins, A. F. Tillack, and S. Forli  #
# AutoDock Vina 1.2.0: New Docking Methods, Expanded Force      #
# Field, and Python Bindings, J. Chem. Inf. Model. (2021)       #
# DOI 10.1021/acs.jcim.1c00203                                  #
#                                                               #
# O. Trott, A. J. Olson,                                        #
# AutoDock Vina: improving the speed and accuracy of docking    #
# with a new scoring function, efficient optimization and       #
# multithreading, J. Comp. Chem. (2010)                         #
# DOI 10.1002/jcc.21334                                         #
#                                                               #
# Please see https://github.com/ccsb-scripps/AutoDock-Vina for  #
# more information.                                             #
#################################################################

Scoring function : vina
Rigid receptor: /Users/yazan/totah-lab/analysis/dcmb/sar_experiment/prepared_receptors/7B_SAM.pdbqt
Ligand: /Users/yazan/totah-lab/analysis/dcmb/sar_experiment/ligands/25DCMB_R.pdbqt
Grid center: X 2.8444 Y -2.1005 Z -4.2105
Grid size  : X 25.334 Y 22 Z 23.923
Grid space : 0.375
Exhaustiveness: 16
CPU: 1
Verbosity: 1

Computing Vina grid ... done.
Performing docking (random seed: 20260809) ... 
0%   10   20   30   40   50   60   70   80   90   100%
|----|----|----|----|----|----|----|----|----|----|
***************************************************

mode |   affinity | dist from best mode
     | (kcal/mol) | rmsd l.b.| rmsd u.b.
-----+------------+----------+----------
   1       -5.113          0          0
   2       -4.861      2.395      3.346
   3       -4.736      2.272      4.456
   4       -4.354       2.65      3.337
   5       -4.316      13.26      14.83
   6       -4.261      16.44      17.32
   7       -4.152      13.08      14.38
   8       -4.136       16.8      17.77
   9       -4.105      16.31      17.64
  10        -4.04       16.2      16.84
  11       -3.989      12.56      13.69
  12        54.44      1.468      3.245
