AutoDock Vina v1.2.5-17-gda92a68
#################################################################
# If you used AutoDock Vina in your work, please cite:          #
#                                                               #
# J. Eberhardt, D. Santos-Martins, A. F. Tillack, and S. Forli  #
# AutoDock Vina 1.2.0: New Docking Methods, Expanded Force      #
# Field, and Python Bindings, J. Chem. Inf. Model. (2021)       #
# DOI 10.1021/acs.jcim.1c00203                                  #
#                                                               #
# O. Trott, A. J. Olson,                                        #
# AutoDock Vina: improving the speed and accuracy of docking    #
# with a new scoring function, efficient optimization and       #
# multithreading, J. Comp. Chem. (2010)                         #
# DOI 10.1002/jcc.21334                                         #
#                                                               #
# Please see https://github.com/ccsb-scripps/AutoDock-Vina for  #
# more information.                                             #
#################################################################

Scoring function : vina
Rigid receptor: /Users/yazan/totah-lab/research/mettl7-netarsudil-sam-mechanism/vina-7a-native-box-correction/prepared/METTL7A_SAM_receptor.pdbqt
Ligand: /Users/yazan/totah-lab/research/mettl7-netarsudil-sam-mechanism/vina-7a-native-box-correction/prepared/netarsudil_monocation.pdbqt
Grid center: X 1.802 Y -3.9254 Z -6.7763
Grid size  : X 28.452 Y 22 Z 26.506
Grid space : 0.375
Exhaustiveness: 32
CPU: 2
Verbosity: 1

Computing Vina grid ... done.
Performing docking (random seed: 172904) ... 
0%   10   20   30   40   50   60   70   80   90   100%
|----|----|----|----|----|----|----|----|----|----|
***************************************************

mode |   affinity | dist from best mode
     | (kcal/mol) | rmsd l.b.| rmsd u.b.
-----+------------+----------+----------
   1       -7.997          0          0
   2       -7.863     0.6303      1.349
   3         -7.8      1.307      1.752
   4       -7.699      3.179      9.787
   5       -7.632      4.643      7.959
   6       -7.554      3.287      5.023
   7       -7.508       3.69      8.134
   8       -7.472      4.032      10.07
   9       -7.447      5.252       10.6
  10        -7.37      6.357      9.891
  11       -7.339      3.035       5.29
  12       -7.335      3.673      5.722
  13       -7.312       3.25      9.204
  14       -7.193      3.728      5.856
  15        -7.15       5.61      9.211
  16       -7.145      1.889      2.739
  17       -7.143      2.773      4.717
  18       -7.124      3.274      8.722
  19       -7.107      4.548      8.095
  20       -7.106      4.225      7.903
