AutoDock Vina v1.2.5-17-gda92a68
#################################################################
# If you used AutoDock Vina in your work, please cite:          #
#                                                               #
# J. Eberhardt, D. Santos-Martins, A. F. Tillack, and S. Forli  #
# AutoDock Vina 1.2.0: New Docking Methods, Expanded Force      #
# Field, and Python Bindings, J. Chem. Inf. Model. (2021)       #
# DOI 10.1021/acs.jcim.1c00203                                  #
#                                                               #
# O. Trott, A. J. Olson,                                        #
# AutoDock Vina: improving the speed and accuracy of docking    #
# with a new scoring function, efficient optimization and       #
# multithreading, J. Comp. Chem. (2010)                         #
# DOI 10.1002/jcc.21334                                         #
#                                                               #
# Please see https://github.com/ccsb-scripps/AutoDock-Vina for  #
# more information.                                             #
#################################################################

Scoring function : vina
Rigid receptor: /Users/yazan/totah-lab/research/mettl7-netarsudil-sam-mechanism/vina-7a-native-box-correction/prepared/METTL7A_SAM_receptor.pdbqt
Ligand: /Users/yazan/totah-lab/research/mettl7-netarsudil-sam-mechanism/vina-7a-native-box-correction/prepared/netarsudil_monocation.pdbqt
Grid center: X 1.802 Y -3.9254 Z -6.7763
Grid size  : X 28.452 Y 22 Z 26.506
Grid space : 0.375
Exhaustiveness: 32
CPU: 2
Verbosity: 1

Computing Vina grid ... done.
Performing docking (random seed: 483271) ... 
0%   10   20   30   40   50   60   70   80   90   100%
|----|----|----|----|----|----|----|----|----|----|
***************************************************

mode |   affinity | dist from best mode
     | (kcal/mol) | rmsd l.b.| rmsd u.b.
-----+------------+----------+----------
   1       -7.953          0          0
   2       -7.902      2.878       9.81
   3       -7.836     0.6107      1.334
   4       -7.787      1.292      1.724
   5         -7.6      3.658      5.806
   6       -7.549      3.399      9.954
   7       -7.529      6.287      9.856
   8        -7.51      2.662      4.919
   9       -7.474      3.744      8.033
  10       -7.469      3.327       5.03
  11       -7.383      3.561      9.904
  12       -7.366      2.849      4.923
  13       -7.358      3.323      9.208
  14       -7.242      5.958      9.674
  15       -7.195       4.91      8.155
  16       -7.184      3.669      5.788
  17       -7.178       3.14      3.923
  18       -7.101      1.742      2.198
  19         -7.1      4.604      7.944
  20       -6.986      5.762      9.625
