AutoDock Vina v1.2.5-17-gda92a68
#################################################################
# If you used AutoDock Vina in your work, please cite:          #
#                                                               #
# J. Eberhardt, D. Santos-Martins, A. F. Tillack, and S. Forli  #
# AutoDock Vina 1.2.0: New Docking Methods, Expanded Force      #
# Field, and Python Bindings, J. Chem. Inf. Model. (2021)       #
# DOI 10.1021/acs.jcim.1c00203                                  #
#                                                               #
# O. Trott, A. J. Olson,                                        #
# AutoDock Vina: improving the speed and accuracy of docking    #
# with a new scoring function, efficient optimization and       #
# multithreading, J. Comp. Chem. (2010)                         #
# DOI 10.1002/jcc.21334                                         #
#                                                               #
# Please see https://github.com/ccsb-scripps/AutoDock-Vina for  #
# more information.                                             #
#################################################################

Scoring function : vina
Rigid receptor: /Users/yazan/totah-lab/research/mettl7-netarsudil-sam-mechanism/vina-7a-native-box-correction/prepared/METTL7A_SAM_receptor.pdbqt
Ligand: /Users/yazan/totah-lab/research/mettl7-netarsudil-sam-mechanism/vina-7a-native-box-correction/prepared/netarsudil_neutral.pdbqt
Grid center: X 1.802 Y -3.9254 Z -6.7763
Grid size  : X 28.452 Y 22 Z 26.506
Grid space : 0.375
Exhaustiveness: 32
CPU: 2
Verbosity: 1

Computing Vina grid ... done.
Performing docking (random seed: 483271) ... 
0%   10   20   30   40   50   60   70   80   90   100%
|----|----|----|----|----|----|----|----|----|----|
***************************************************

mode |   affinity | dist from best mode
     | (kcal/mol) | rmsd l.b.| rmsd u.b.
-----+------------+----------+----------
   1       -7.989          0          0
   2       -7.934      1.052      1.726
   3       -7.821      2.918      10.11
   4        -7.82     0.9532      1.633
   5       -7.747      4.696      8.147
   6       -7.713      6.617      10.21
   7       -7.572      3.547      5.674
   8       -7.495      3.333       5.58
   9       -7.487      5.581      11.18
  10       -7.472      6.351      9.738
  11       -7.461      4.333      8.174
  12       -7.429      5.868      8.718
  13       -7.425      4.981      10.81
  14       -7.401      5.923      9.779
  15       -7.307      3.284      9.399
  16       -7.291       3.31      4.552
  17       -7.206      1.831      2.953
  18       -7.152      5.771      9.834
  19       -7.102      3.304      9.048
  20       -7.028      2.959       4.33
