AutoDock Vina v1.2.5-17-gda92a68
#################################################################
# If you used AutoDock Vina in your work, please cite:          #
#                                                               #
# J. Eberhardt, D. Santos-Martins, A. F. Tillack, and S. Forli  #
# AutoDock Vina 1.2.0: New Docking Methods, Expanded Force      #
# Field, and Python Bindings, J. Chem. Inf. Model. (2021)       #
# DOI 10.1021/acs.jcim.1c00203                                  #
#                                                               #
# O. Trott, A. J. Olson,                                        #
# AutoDock Vina: improving the speed and accuracy of docking    #
# with a new scoring function, efficient optimization and       #
# multithreading, J. Comp. Chem. (2010)                         #
# DOI 10.1002/jcc.21334                                         #
#                                                               #
# Please see https://github.com/ccsb-scripps/AutoDock-Vina for  #
# more information.                                             #
#################################################################

Scoring function : vina
Rigid receptor: /Users/yazan/totah-lab/research/mettl7-netarsudil-sam-mechanism/vina-7a-native-box-correction/prepared/METTL7A_SAM_receptor.pdbqt
Ligand: /Users/yazan/totah-lab/research/mettl7-netarsudil-sam-mechanism/vina-7a-native-box-correction/prepared/netarsudil_neutral.pdbqt
Grid center: X 1.802 Y -3.9254 Z -6.7763
Grid size  : X 28.452 Y 22 Z 26.506
Grid space : 0.375
Exhaustiveness: 32
CPU: 2
Verbosity: 1

Computing Vina grid ... done.
Performing docking (random seed: 172904) ... 
0%   10   20   30   40   50   60   70   80   90   100%
|----|----|----|----|----|----|----|----|----|----|
***************************************************

mode |   affinity | dist from best mode
     | (kcal/mol) | rmsd l.b.| rmsd u.b.
-----+------------+----------+----------
   1        -8.09          0          0
   2       -7.981      1.129      1.963
   3        -7.98      1.049      1.512
   4       -7.924      1.513      2.331
   5       -7.906      2.849      10.12
   6        -7.87      1.046      1.871
   7       -7.804      6.719      10.32
   8       -7.753      4.826        8.2
   9       -7.614      5.874      8.943
  10       -7.611      2.839      5.071
  11       -7.519      6.453      9.807
  12       -7.492      4.066      10.06
  13        -7.47      5.823      9.741
  14       -7.461      3.716      8.402
  15       -7.448      3.152      4.994
  16       -7.434      3.523      5.443
  17        -7.43      3.364      9.398
  18       -7.362      2.437      4.214
  19       -7.297       1.69      2.611
  20       -7.211      3.497       5.81
