AutoDock Vina v1.2.5-17-gda92a68
#################################################################
# If you used AutoDock Vina in your work, please cite:          #
#                                                               #
# J. Eberhardt, D. Santos-Martins, A. F. Tillack, and S. Forli  #
# AutoDock Vina 1.2.0: New Docking Methods, Expanded Force      #
# Field, and Python Bindings, J. Chem. Inf. Model. (2021)       #
# DOI 10.1021/acs.jcim.1c00203                                  #
#                                                               #
# O. Trott, A. J. Olson,                                        #
# AutoDock Vina: improving the speed and accuracy of docking    #
# with a new scoring function, efficient optimization and       #
# multithreading, J. Comp. Chem. (2010)                         #
# DOI 10.1002/jcc.21334                                         #
#                                                               #
# Please see https://github.com/ccsb-scripps/AutoDock-Vina for  #
# more information.                                             #
#################################################################

Scoring function : vina
Rigid receptor: /Users/yazan/totah-lab/research/mettl7-netarsudil-sam-mechanism/vina-7a-native-box-correction/prepared/METTL7A_SAM_receptor.pdbqt
Ligand: /Users/yazan/totah-lab/research/mettl7-netarsudil-sam-mechanism/vina-7a-native-box-correction/prepared/netarsudil_neutral.pdbqt
Grid center: X 1.802 Y -3.9254 Z -6.7763
Grid size  : X 28.452 Y 22 Z 26.506
Grid space : 0.375
Exhaustiveness: 32
CPU: 2
Verbosity: 1

Computing Vina grid ... done.
Performing docking (random seed: 806519) ... 
0%   10   20   30   40   50   60   70   80   90   100%
|----|----|----|----|----|----|----|----|----|----|
***************************************************

mode |   affinity | dist from best mode
     | (kcal/mol) | rmsd l.b.| rmsd u.b.
-----+------------+----------+----------
   1       -8.041          0          0
   2       -7.964      1.105       1.78
   3       -7.877      1.002      1.856
   4       -7.822      2.806      10.09
   5       -7.783      6.689      10.23
   6       -7.624      2.744      5.069
   7       -7.603      3.445      5.423
   8       -7.457      3.651      8.406
   9       -7.438      5.712       8.64
  10       -7.437      5.055      8.397
  11        -7.43      5.808      9.685
  12       -7.406      3.246      5.615
  13       -7.396      6.264      8.941
  14       -7.343       3.09      4.892
  15       -7.338      3.433      5.429
  16       -7.336      3.322       9.06
  17       -7.326      6.315      9.697
  18       -7.253      3.948      10.15
  19       -7.213      2.369      4.139
  20       -7.096      1.951      2.666
