AutoDock Vina v1.2.5-17-gda92a68
#################################################################
# If you used AutoDock Vina in your work, please cite:          #
#                                                               #
# J. Eberhardt, D. Santos-Martins, A. F. Tillack, and S. Forli  #
# AutoDock Vina 1.2.0: New Docking Methods, Expanded Force      #
# Field, and Python Bindings, J. Chem. Inf. Model. (2021)       #
# DOI 10.1021/acs.jcim.1c00203                                  #
#                                                               #
# O. Trott, A. J. Olson,                                        #
# AutoDock Vina: improving the speed and accuracy of docking    #
# with a new scoring function, efficient optimization and       #
# multithreading, J. Comp. Chem. (2010)                         #
# DOI 10.1002/jcc.21334                                         #
#                                                               #
# Please see https://github.com/ccsb-scripps/AutoDock-Vina for  #
# more information.                                             #
#################################################################

Scoring function : vina
Rigid receptor: /Users/yazan/totah-lab/research/mettl7-netarsudil-sam-mechanism/vina-matched/prepared/METTL7B_SAM_receptor.pdbqt
Ligand: /Users/yazan/totah-lab/research/mettl7-netarsudil-sam-mechanism/vina-matched/prepared/netarsudil_monocation.pdbqt
Grid center: X 2.844 Y -2.1 Z -4.211
Grid size  : X 25.334 Y 19.263 Z 23.923
Grid space : 0.375
Exhaustiveness: 32
CPU: 2
Verbosity: 1

Computing Vina grid ... done.
Performing docking (random seed: 806519) ... 
0%   10   20   30   40   50   60   70   80   90   100%
|----|----|----|----|----|----|----|----|----|----|
***************************************************

mode |   affinity | dist from best mode
     | (kcal/mol) | rmsd l.b.| rmsd u.b.
-----+------------+----------+----------
   1       -7.574          0          0
   2       -7.465      3.493      10.82
   3       -7.392      2.827      11.09
   4       -7.341      2.092      2.978
   5        -7.25      1.771      2.823
   6       -7.234      1.517      2.176
   7       -7.149     0.8599      2.062
   8       -7.145       3.84      11.09
   9       -7.127      3.121      11.22
  10       -7.118      2.959      11.15
  11       -7.089      3.215      11.35
  12       -7.064      3.581      11.06
  13       -7.041      7.019      9.251
  14       -6.938      3.273      11.47
  15       -6.916      7.143      9.171
  16       -6.876      2.523      3.706
  17       -6.825      4.305       7.84
  18       -6.809       3.45      11.77
  19       -6.728      3.733      5.843
  20       -6.683      3.939      11.53
