AutoDock Vina v1.2.5-17-gda92a68
#################################################################
# If you used AutoDock Vina in your work, please cite:          #
#                                                               #
# J. Eberhardt, D. Santos-Martins, A. F. Tillack, and S. Forli  #
# AutoDock Vina 1.2.0: New Docking Methods, Expanded Force      #
# Field, and Python Bindings, J. Chem. Inf. Model. (2021)       #
# DOI 10.1021/acs.jcim.1c00203                                  #
#                                                               #
# O. Trott, A. J. Olson,                                        #
# AutoDock Vina: improving the speed and accuracy of docking    #
# with a new scoring function, efficient optimization and       #
# multithreading, J. Comp. Chem. (2010)                         #
# DOI 10.1002/jcc.21334                                         #
#                                                               #
# Please see https://github.com/ccsb-scripps/AutoDock-Vina for  #
# more information.                                             #
#################################################################

Scoring function : vina
Rigid receptor: /Users/yazan/totah-lab/research/mettl7-netarsudil-sam-mechanism/vina-matched/prepared/METTL7B_SAM_receptor.pdbqt
Ligand: /Users/yazan/totah-lab/research/mettl7-netarsudil-sam-mechanism/vina-matched/prepared/netarsudil_neutral.pdbqt
Grid center: X 2.844 Y -2.1 Z -4.211
Grid size  : X 25.334 Y 19.263 Z 23.923
Grid space : 0.375
Exhaustiveness: 32
CPU: 2
Verbosity: 1

Computing Vina grid ... done.
Performing docking (random seed: 172904) ... 
0%   10   20   30   40   50   60   70   80   90   100%
|----|----|----|----|----|----|----|----|----|----|
***************************************************

mode |   affinity | dist from best mode
     | (kcal/mol) | rmsd l.b.| rmsd u.b.
-----+------------+----------+----------
   1       -7.347          0          0
   2         -7.3      2.159      3.013
   3       -7.291       4.05      11.08
   4       -7.279      3.158      11.29
   5       -7.267      3.654      10.93
   6       -7.185     0.8739      2.075
   7       -7.122      1.554      2.487
   8       -7.107      3.435      11.43
   9       -7.055      5.749      10.93
  10       -6.977      3.241      11.41
  11       -6.928      1.385      1.936
  12       -6.902      3.246      11.02
  13       -6.878      3.649      11.24
  14       -6.867      6.985      9.019
  15       -6.813      1.925      2.726
  16       -6.662       2.36      3.559
  17       -6.636       3.37      11.21
  18       -6.556      2.639      3.234
  19       -6.537      3.645      6.963
  20       -6.432      4.244      7.238
