            --------------------------------------------------------
                             AMBER SQM VERSION 19
 
                                     By
              Ross C. Walker, Michael F. Crowley, Scott Brozell,
                         Tim Giese, Andreas W. Goetz,
                        Tai-Sung Lee and David A. Case
 
            --------------------------------------------------------
 

--------------------------------------------------------------------------------
  QM CALCULATION INFO
--------------------------------------------------------------------------------

| QMMM: Citation for AMBER QMMM Run:
| QMMM: R.C. Walker, M.F. Crowley and D.A. Case, J. COMP. CHEM. 29:1019, 2008

QMMM: SINGLET STATE CALCULATION
QMMM: RHF CALCULATION, NO. OF DOUBLY OCCUPIED LEVELS = 61

| QMMM: *** Selected Hamiltonian *** 
| QMMM: AM1         

| QMMM: *** Parameter sets in use ***
| QMMM: O : M.J.S.DEWAR et al. JACS, 107, 3902, (1985)
| QMMM: C : M.J.S.DEWAR et al. JACS, 107, 3902, (1985)
| QMMM: N : M.J.S.DEWAR et al. JACS, 107, 3902, (1985)
| QMMM: H : M.J.S.DEWAR et al. JACS, 107, 3902, (1985)

| QMMM: *** SCF convergence criteria ***
| QMMM: Energy change                :  0.1D-09 kcal/mol
| QMMM: Error matrix |FP-PF|         :  0.1D+00 au
| QMMM: Density matrix change        :  0.5D-06
| QMMM: Maximum number of SCF cycles :     1000

| QMMM: *** Diagonalization Routine Information ***
| QMMM: Pseudo diagonalizations are allowed.
| QMMM: Auto diagonalization routine selection is in use.
| QMMM:
| QMMM: Timing diagonalization routines:
| QMMM:                              norbs =      115
| QMMM:    diag iterations used for timing =       10
| QMMM:
| QMMM:              Internal diag routine = 0.021555 seconds
| QMMM:                 Dspev diag routine = 0.012261 seconds
| QMMM:                Dspevd diag routine = 0.007267 seconds
| QMMM:                Dspevx diag routine = 0.058734 seconds
| QMMM:                 Dsyev diag routine = 0.013549 seconds
| QMMM:                Dsyevd diag routine = 0.007848 seconds
| QMMM:                Dsyevr diag routine = 0.011620 seconds
| QMMM:
| QMMM:                Pseudo diag routine = 0.009185 seconds
| QMMM: Pseudo diagonalization appears to be slower than regular
| QMMM: diagonalization. Setting pseudo_diag=0 for optimum performance.
| QMMM:
| QMMM: Using dspevd routine (diag_routine=3).

  QMMM: QM Region Cartesian Coordinates (*=link atom) 
  QMMM: QM_NO.   MM_NO.  ATOM         X         Y         Z
  QMMM:     1        1      O       -6.4520   -0.2610   -1.7020
  QMMM:     2        2      C       -5.5200    0.6210   -2.3140
  QMMM:     3        3      C       -4.3400    0.8550   -1.4100
  QMMM:     4        4      C       -3.1870    0.0700   -1.5240
  QMMM:     5        5      C       -2.0990    0.2740   -0.6710
  QMMM:     6        6      C       -2.1400    1.2650    0.3210
  QMMM:     7        7      C       -0.9880    1.5080    1.2910
  QMMM:     8        8      C       -1.2040    0.8100    2.6540
  QMMM:     9        9      N       -1.2860   -0.6610    2.5750
  QMMM:    10       10      C        0.4070    1.2580    0.6900
  QMMM:    11       11      O        0.9770    2.1450    0.0570
  QMMM:    12       12      N        0.8890   -0.0230    0.8970
  QMMM:    13       13      C        2.0980   -0.5860    0.4490
  QMMM:    14       14      C        2.3530   -1.9120    0.8160
  QMMM:    15       15      C        3.5280   -2.5520    0.4120
  QMMM:    16       16      C        4.4720   -1.8690   -0.3700
  QMMM:    17       17      C        5.6650   -2.4520   -0.8060
  QMMM:    18       18      N        6.5960   -1.8250   -1.5610
  QMMM:    19       19      C        6.3290   -0.5470   -1.9030
  QMMM:    20       20      C        5.1800    0.1300   -1.5280
  QMMM:    21       21      C        4.2270   -0.5350   -0.7470
  QMMM:    22       22      C        3.0380    0.0930   -0.3310
  QMMM:    23       23      C       -3.3080    2.0360    0.4420
  QMMM:    24       24      C       -4.3960    1.8320   -0.4110
  QMMM:    25       25      H       -6.0510   -0.5920   -0.8800
  QMMM:    26       26      H       -5.2020    0.1840   -3.2660
  QMMM:    27       27      H       -6.0280    1.5640   -2.5420
  QMMM:    28       28      H       -3.1240   -0.7040   -2.2870
  QMMM:    29       29      H       -1.2200   -0.3530   -0.8030
  QMMM:    30       30      H       -0.9830    2.5880    1.5080
  QMMM:    31       31      H       -0.3750    1.0640    3.3260
  QMMM:    32       32      H       -2.1230    1.1810    3.1220
  QMMM:    33       33      H       -1.4600   -1.0220    3.5170
  QMMM:    34       34      H       -2.1310   -0.9040    2.0470
  QMMM:    35       35      H        0.2820   -0.6290    1.4560
  QMMM:    36       36      H        1.6390   -2.4660    1.4220
  QMMM:    37       37      H        3.7010   -3.5830    0.7120
  QMMM:    38       38      H        5.9140   -3.4790   -0.5500
  QMMM:    39       39      H        7.0890   -0.0620   -2.5090
  QMMM:    40       40      H        5.0330    1.1590   -1.8420
  QMMM:    41       41      H        2.8660    1.1220   -0.6330
  QMMM:    42       42      H       -3.3790    2.8120    1.2020
  QMMM:    43       43      H       -5.2880    2.4450   -0.2940

--------------------------------------------------------------------------------
  RESULTS
--------------------------------------------------------------------------------

      iter         sqm energy              rms gradient
      ----    -------------------    -----------------------
xmin    10      -12.1043 kcal/mol        0.5320 kcal/(mol*A)
xmin    20      -12.2955 kcal/mol        0.2461 kcal/(mol*A)
xmin    30      -12.5303 kcal/mol        0.6176 kcal/(mol*A)
xmin    40      -12.7838 kcal/mol        0.3305 kcal/(mol*A)
xmin    50      -12.9163 kcal/mol        0.1406 kcal/(mol*A)
xmin    60      -12.9697 kcal/mol        0.0618 kcal/(mol*A)
xmin    70      -12.9746 kcal/mol        0.0316 kcal/(mol*A)
xmin    80      -12.9780 kcal/mol        0.0788 kcal/(mol*A)
xmin    90      -12.9842 kcal/mol        0.0153 kcal/(mol*A)
xmin   100      -13.0398 kcal/mol        0.2902 kcal/(mol*A)
xmin   110      -13.2241 kcal/mol        0.2970 kcal/(mol*A)
xmin   120      -13.3922 kcal/mol        0.3019 kcal/(mol*A)
xmin   130      -13.5326 kcal/mol        0.0508 kcal/(mol*A)
xmin   140      -13.6191 kcal/mol        0.4099 kcal/(mol*A)
xmin   150      -13.6755 kcal/mol        0.0490 kcal/(mol*A)
xmin   160      -13.6857 kcal/mol        0.0843 kcal/(mol*A)
xmin   170      -13.6904 kcal/mol        0.0570 kcal/(mol*A)
xmin   180      -13.6919 kcal/mol        0.0168 kcal/(mol*A)
xmin   190      -13.6928 kcal/mol        0.0276 kcal/(mol*A)
xmin   200      -13.6929 kcal/mol        0.0052 kcal/(mol*A)
xmin   210      -13.6930 kcal/mol        0.0109 kcal/(mol*A)
xmin   220      -13.6932 kcal/mol        0.0061 kcal/(mol*A)
xmin   230      -13.6933 kcal/mol        0.0045 kcal/(mol*A)
xmin   240      -13.6933 kcal/mol        0.0048 kcal/(mol*A)
xmin   250      -13.6933 kcal/mol        0.0018 kcal/(mol*A)
xmin   260      -13.6933 kcal/mol        0.0049 kcal/(mol*A)
  ... geometry converged !
 
 Final MO eigenvalues (eV):
 -41.2386  -40.6878  -39.7090  -38.2587  -37.5750  -36.7175  -35.0498  -33.4822
 -33.3044  -31.9245  -30.8998  -30.2166  -29.6768  -26.6841  -25.4928  -24.4933
 -23.8891  -23.3117  -23.1213  -22.2736  -20.7587  -19.4275  -18.7991  -18.4534
 -18.1401  -17.4357  -17.2828  -17.0391  -16.6902  -16.4279  -16.3165  -15.9840
 -15.7595  -15.4786  -15.3356  -14.9790  -14.6525  -14.5911  -14.5467  -14.3505
 -14.2913  -14.0796  -13.7395  -13.7076  -13.3906  -13.1797  -13.0559  -12.7498
 -12.3167  -12.2334  -11.9482  -11.5121  -11.3900  -10.9569  -10.8599  -10.5509
 -10.3605  -10.1212   -9.7163   -9.2108   -8.6718   -0.4156   -0.1459   -0.0700
   0.1170    1.0218    1.2284    1.6636    2.1686    2.3045    2.8257    3.1311
   3.1713    3.2165    3.3212    3.4195    3.4457    3.5210    3.5724    3.6045
   3.6822    3.7674    3.7831    3.8501    3.9042    3.9275    4.0210    4.0527
   4.1038    4.1184    4.1545    4.2074    4.3400    4.5689    4.5967    4.7004
   4.7208    4.7960    4.8866    5.0652    5.1249    5.1496    5.1890    5.2314
   5.2533    5.5031    5.5149    5.6164    5.7089    5.7963    5.9219    6.0225
   6.1752    6.8457    6.9849

 Heat of formation   =        -13.69333165 kcal/mol  (       -0.59378742 eV)

 Total SCF energy    =     -91220.95081820 kcal/mol  (    -3955.63725850 eV)
 Electronic energy   =    -648076.38521025 kcal/mol  (   -28102.70088939 eV)
 Core-core repulsion =     556855.43439205 kcal/mol  (    24147.06363089 eV)
 
    Atomic Charges for Step       1 :
  Atom    Element       Mulliken Charge
     1      O                 -0.321
     2      C                  0.013
     3      C                 -0.121
     4      C                 -0.115
     5      C                 -0.121
     6      C                 -0.071
     7      C                 -0.090
     8      C                 -0.074
     9      N                 -0.368
    10      C                  0.314
    11      O                 -0.357
    12      N                 -0.308
    13      C                  0.091
    14      C                 -0.169
    15      C                 -0.078
    16      C                 -0.122
    17      C                 -0.038
    18      N                 -0.146
    19      C                 -0.081
    20      C                 -0.167
    21      C                  0.014
    22      C                 -0.169
    23      C                 -0.136
    24      C                 -0.116
    25      H                  0.200
    26      H                  0.074
    27      H                  0.120
    28      H                  0.138
    29      H                  0.148
    30      H                  0.141
    31      H                  0.106
    32      H                  0.056
    33      H                  0.159
    34      H                  0.153
    35      H                  0.256
    36      H                  0.135
    37      H                  0.136
    38      H                  0.156
    39      H                  0.158
    40      H                  0.147
    41      H                  0.177
    42      H                  0.130
    43      H                  0.148
 Total Mulliken Charge =       0.000
 
                  X        Y        Z     TOTAL  
  QM DIPOLE    -4.305   -0.981    2.629    5.139
 
 Final Structure

  QMMM: QM Region Cartesian Coordinates (*=link atom) 
  QMMM: QM_NO.   MM_NO.  ATOM         X         Y         Z
  QMMM:     1        1      O       -6.4476   -0.3664   -1.5157
  QMMM:     2        2      C       -5.3422    0.1627   -2.2220
  QMMM:     3        3      C       -4.2093    0.5613   -1.3333
  QMMM:     4        4      C       -2.9114    0.6337   -1.8483
  QMMM:     5        5      C       -1.8514    1.0263   -1.0347
  QMMM:     6        6      C       -2.0659    1.3429    0.3135
  QMMM:     7        7      C       -0.9386    1.8098    1.1719
  QMMM:     8        8      C       -1.0680    1.4345    2.6570
  QMMM:     9        9      N       -1.3203    0.0353    2.8923
  QMMM:    10       10      C        0.4336    1.3741    0.6425
  QMMM:    11       11      O        1.2449    2.2415    0.2677
  QMMM:    12       12      N        0.6971    0.0161    0.6098
  QMMM:    13       13      C        1.9018   -0.6019    0.2419
  QMMM:    14       14      C        1.9999   -2.0248    0.4410
  QMMM:    15       15      C        3.1345   -2.7055    0.0887
  QMMM:    16       16      C        4.2399   -2.0258   -0.4786
  QMMM:    17       17      C        5.4503   -2.6896   -0.8646
  QMMM:    18       18      N        6.4935   -2.0710   -1.3947
  QMMM:    19       19      C        6.3998   -0.7159   -1.5806
  QMMM:    20       20      C        5.2855    0.0327   -1.2481
  QMMM:    21       21      C        4.1581   -0.6246   -0.6776
  QMMM:    22       22      C        2.9821    0.0762   -0.3136
  QMMM:    23       23      C       -3.3712    1.2863    0.8196
  QMMM:    24       24      C       -4.4316    0.8970    0.0054
  QMMM:    25       25      H       -6.1329   -1.1332   -1.0221
  QMMM:    26       26      H       -4.9901   -0.5794   -2.9905
  QMMM:    27       27      H       -5.7567    1.0685   -2.7475
  QMMM:    28       28      H       -2.7246    0.3837   -2.9039
  QMMM:    29       29      H       -0.8400    1.0968   -1.4665
  QMMM:    30       30      H       -0.9297    2.9419    1.1259
  QMMM:    31       31      H       -0.0962    1.7013    3.1655
  QMMM:    32       32      H       -1.8668    2.1007    3.1023
  QMMM:    33       33      H       -1.2951   -0.1681    3.8709
  QMMM:    34       34      H       -2.2029   -0.2443    2.5114
  QMMM:    35       35      H        0.0005   -0.5917    0.9877
  QMMM:    36       36      H        1.1520   -2.5703    0.8844
  QMMM:    37       37      H        3.2031   -3.7936    0.2437
  QMMM:    38       38      H        5.5395   -3.7818   -0.7199
  QMMM:    39       39      H        7.2969   -0.2495   -2.0249
  QMMM:    40       40      H        5.2546    1.1178   -1.4140
  QMMM:    41       41      H        2.9555    1.1659   -0.4810
  QMMM:    42       42      H       -3.5750    1.5695    1.8633
  QMMM:    43       43      H       -5.4566    0.8597    0.4080

           --------- Calculation Completed ----------

