/private/tmp/athena-foundation-967e1df80-attempt-3/source/software/modules/gaia/src/main/java/totah/lab/gaia/structure/Structure.java:20: warning: The @Exclude annotation is not needed; 'onlyExplicitlyIncluded' is set, so this member would be excluded anyway
    private final List<Chain> chains;
                              ^
/private/tmp/athena-foundation-967e1df80-attempt-3/source/software/modules/gaia/src/main/java/totah/lab/gaia/structure/Structure.java:23: warning: The @Exclude annotation is not needed; 'onlyExplicitlyIncluded' is set, so this member would be excluded anyway
    private final List<Bond> bonds;
                             ^
/private/tmp/athena-foundation-967e1df80-attempt-3/source/software/modules/gaia/src/main/java/totah/lab/gaia/structure/Structure.java:26: warning: The @Exclude annotation is not needed; 'onlyExplicitlyIncluded' is set, so this member would be excluded anyway
    private final ConnectivityMetadata connectivityMetadata;
                                       ^
/private/tmp/athena-foundation-967e1df80-attempt-3/source/software/modules/gaia/src/main/java/totah/lab/gaia/structure/Structure.java:29: warning: The @Exclude annotation is not needed; 'onlyExplicitlyIncluded' is set, so this member would be excluded anyway
    private final Map<String, Chain> chainIndex;
                                     ^
/private/tmp/athena-foundation-967e1df80-attempt-3/source/software/modules/gaia/src/main/java/totah/lab/gaia/structure/Residue.java:33: warning: The @Exclude annotation is not needed; 'onlyExplicitlyIncluded' is set, so this member would be excluded anyway
    private final List<Atom> atoms = List.of();
                             ^
warning: Implicitly compiled files were not subject to annotation processing.
  Use -implicit to specify a policy for implicit compilation.
Note: Some input files use or override a deprecated API.
Note: Recompile with -Xlint:deprecation for details.
6 warnings
