            --------------------------------------------------------
                             AMBER SQM VERSION 19
 
                                     By
              Ross C. Walker, Michael F. Crowley, Scott Brozell,
                         Tim Giese, Andreas W. Goetz,
                        Tai-Sung Lee and David A. Case
 
            --------------------------------------------------------
 

--------------------------------------------------------------------------------
  QM CALCULATION INFO
--------------------------------------------------------------------------------

| QMMM: Citation for AMBER QMMM Run:
| QMMM: R.C. Walker, M.F. Crowley and D.A. Case, J. COMP. CHEM. 29:1019, 2008

QMMM: SINGLET STATE CALCULATION
QMMM: RHF CALCULATION, NO. OF DOUBLY OCCUPIED LEVELS = 86

| QMMM: *** Selected Hamiltonian *** 
| QMMM: AM1         

| QMMM: *** Parameter sets in use ***
| QMMM: C : M.J.S.DEWAR et al. JACS, 107, 3902, (1985)
| QMMM: O : M.J.S.DEWAR et al. JACS, 107, 3902, (1985)
| QMMM: N : M.J.S.DEWAR et al. JACS, 107, 3902, (1985)
| QMMM: H : M.J.S.DEWAR et al. JACS, 107, 3902, (1985)

| QMMM: *** SCF convergence criteria ***
| QMMM: Energy change                :  0.1D-09 kcal/mol
| QMMM: Error matrix |FP-PF|         :  0.1D+00 au
| QMMM: Density matrix change        :  0.5D-06
| QMMM: Maximum number of SCF cycles :     1000

| QMMM: *** Diagonalization Routine Information ***
| QMMM: Pseudo diagonalizations are allowed.
| QMMM: Auto diagonalization routine selection is in use.
| QMMM:
| QMMM: Timing diagonalization routines:
| QMMM:                              norbs =      163
| QMMM:    diag iterations used for timing =        5
| QMMM:
| QMMM:              Internal diag routine = 0.028688 seconds
| QMMM:                 Dspev diag routine = 0.024994 seconds
| QMMM:                Dspevd diag routine = 0.009350 seconds
| QMMM:                Dspevx diag routine = 0.064538 seconds
| QMMM:                 Dsyev diag routine = 0.019564 seconds
| QMMM:                Dsyevd diag routine = 0.009164 seconds
| QMMM:                Dsyevr diag routine = 0.011780 seconds
| QMMM:
| QMMM:                Pseudo diag routine = 0.013599 seconds
| QMMM: Pseudo diagonalization appears to be slower than regular
| QMMM: diagonalization. Setting pseudo_diag=0 for optimum performance.
| QMMM:
| QMMM: Using dsyevd routine (diag_routine=6).

  QMMM: QM Region Cartesian Coordinates (*=link atom) 
  QMMM: QM_NO.   MM_NO.  ATOM         X         Y         Z
  QMMM:     1        1      C        8.8250   -1.1010    1.4190
  QMMM:     2        2      C        7.5450   -0.3400    1.2320
  QMMM:     3        3      C        6.5090   -0.4600    2.1610
  QMMM:     4        4      C        5.3070    0.2190    1.9640
  QMMM:     5        5      C        5.1190    1.0150    0.8250
  QMMM:     6        6      C        3.8010    1.6810    0.7020
  QMMM:     7        7      O        3.2360    2.2300    1.6340
  QMMM:     8        8      O        3.3200    1.5070   -0.5510
  QMMM:     9        9      C        1.9940    1.9970   -0.7740
  QMMM:    10       10      C        1.0140    0.8570   -0.6610
  QMMM:    11       11      C        0.7980   -0.0070   -1.7400
  QMMM:    12       12      C       -0.0870   -1.0820   -1.6230
  QMMM:    13       13      C       -0.7720   -1.3170   -0.4210
  QMMM:    14       14      C       -1.7510   -2.4820   -0.3180
  QMMM:    15       15      C       -1.1780   -3.6790    0.4770
  QMMM:    16       16      N       -0.9910   -3.4560    1.9160
  QMMM:    17       17      C       -3.1570   -2.0760    0.1640
  QMMM:    18       18      O       -3.7630   -2.7320    1.0090
  QMMM:    19       19      N       -3.6610   -0.9670   -0.5040
  QMMM:    20       20      C       -4.9330   -0.3730   -0.3640
  QMMM:    21       21      C       -5.9410   -0.8710    0.4610
  QMMM:    22       22      C       -7.1780   -0.2220    0.5390
  QMMM:    23       23      C       -7.4260    0.9390   -0.2100
  QMMM:    24       24      C       -8.6420    1.6260   -0.1700
  QMMM:    25       25      N       -8.9140    2.7460   -0.8790
  QMMM:    26       26      C       -7.9260    3.2110   -1.6700
  QMMM:    27       27      C       -6.6810    2.6110   -1.7870
  QMMM:    28       28      C       -6.4180    1.4510   -1.0470
  QMMM:    29       29      C       -5.1800    0.7860   -1.1140
  QMMM:    30       30      C       -0.5360   -0.4610    0.6640
  QMMM:    31       31      C        0.3480    0.6130    0.5450
  QMMM:    32       32      C        6.1570    1.1640   -0.1150
  QMMM:    33       33      C        6.0300    2.0260   -1.3390
  QMMM:    34       34      C        7.3570    0.4600    0.0950
  QMMM:    35       35      H        8.7540   -2.0770    0.9300
  QMMM:    36       36      H        9.0380   -1.2530    2.4830
  QMMM:    37       37      H        9.6720   -0.5510    0.9950
  QMMM:    38       38      H        6.6290   -1.0840    3.0440
  QMMM:    39       39      H        4.5080    0.1170    2.6960
  QMMM:    40       40      H        1.7270    2.8250   -0.1060
  QMMM:    41       41      H        1.9630    2.4100   -1.7890
  QMMM:    42       42      H        1.3310    0.1440   -2.6770
  QMMM:    43       43      H       -0.2270   -1.7390   -2.4780
  QMMM:    44       44      H       -1.9220   -2.8540   -1.3390
  QMMM:    45       45      H       -1.8470   -4.5400    0.3570
  QMMM:    46       46      H       -0.2100   -3.9690    0.0500
  QMMM:    47       47      H       -0.6730   -4.3220    2.3500
  QMMM:    48       48      H       -1.9120   -3.2680    2.3260
  QMMM:    49       49      H       -3.0230   -0.4990   -1.1370
  QMMM:    50       50      H       -5.8020   -1.7650    1.0600
  QMMM:    51       51      H       -7.9450   -0.6320    1.1920
  QMMM:    52       52      H       -9.4610    1.2820    0.4560
  QMMM:    53       53      H       -8.1660    4.1120   -2.2280
  QMMM:    54       54      H       -5.9360    3.0460   -2.4440
  QMMM:    55       55      H       -4.4020    1.1880   -1.7600
  QMMM:    56       56      H       -1.0280   -0.6320    1.6210
  QMMM:    57       57      H        0.5270    1.2510    1.4100
  QMMM:    58       58      H        7.0140    2.2860   -1.7420
  QMMM:    59       59      H        5.5300    2.9710   -1.1020
  QMMM:    60       60      H        5.4720    1.4990   -2.1180
  QMMM:    61       61      H        8.1620    0.5410   -0.6350

--------------------------------------------------------------------------------
  RESULTS
--------------------------------------------------------------------------------

      iter         sqm energy              rms gradient
      ----    -------------------    -----------------------
xmin    10      -27.7549 kcal/mol        0.5457 kcal/(mol*A)
xmin    20      -27.8449 kcal/mol        0.3383 kcal/(mol*A)
xmin    30      -27.9168 kcal/mol        0.0768 kcal/(mol*A)
xmin    40      -27.9427 kcal/mol        0.1133 kcal/(mol*A)
xmin    50      -27.9564 kcal/mol        0.0848 kcal/(mol*A)
xmin    60      -28.0253 kcal/mol        0.4362 kcal/(mol*A)
xmin    70      -28.1254 kcal/mol        0.2536 kcal/(mol*A)
xmin    80      -28.1760 kcal/mol        0.2882 kcal/(mol*A)
xmin    90      -28.1921 kcal/mol        0.1792 kcal/(mol*A)
xmin   100      -28.2151 kcal/mol        0.0766 kcal/(mol*A)
xmin   110      -28.2523 kcal/mol        0.1739 kcal/(mol*A)
xmin   120      -28.2810 kcal/mol        0.0804 kcal/(mol*A)
xmin   130      -28.3096 kcal/mol        0.0903 kcal/(mol*A)
xmin   140      -28.3371 kcal/mol        0.0406 kcal/(mol*A)
xmin   150      -28.3592 kcal/mol        0.0641 kcal/(mol*A)
xmin   160      -28.3794 kcal/mol        0.0487 kcal/(mol*A)
xmin   170      -28.3886 kcal/mol        0.1413 kcal/(mol*A)
xmin   180      -28.4036 kcal/mol        0.1602 kcal/(mol*A)
xmin   190      -28.4312 kcal/mol        0.0605 kcal/(mol*A)
xmin   200      -28.4469 kcal/mol        0.1313 kcal/(mol*A)
xmin   210      -28.4515 kcal/mol        0.0479 kcal/(mol*A)
xmin   220      -28.4547 kcal/mol        0.0426 kcal/(mol*A)
xmin   230      -28.4615 kcal/mol        0.0635 kcal/(mol*A)
xmin   240      -28.4770 kcal/mol        0.0784 kcal/(mol*A)
xmin   250      -28.4846 kcal/mol        0.0371 kcal/(mol*A)
xmin   260      -28.4884 kcal/mol        0.0330 kcal/(mol*A)
xmin   270      -28.4920 kcal/mol        0.0364 kcal/(mol*A)
xmin   280      -28.4968 kcal/mol        0.0424 kcal/(mol*A)
xmin   290      -28.4991 kcal/mol        0.0198 kcal/(mol*A)
xmin   300      -28.5003 kcal/mol        0.0171 kcal/(mol*A)
xmin   310      -28.5018 kcal/mol        0.0559 kcal/(mol*A)
xmin   320      -28.5021 kcal/mol        0.0147 kcal/(mol*A)
xmin   330      -28.5046 kcal/mol        0.0282 kcal/(mol*A)
xmin   340      -28.5055 kcal/mol        0.0115 kcal/(mol*A)
xmin   350      -28.5060 kcal/mol        0.0251 kcal/(mol*A)
xmin   360      -28.5064 kcal/mol        0.0085 kcal/(mol*A)
xmin   370      -28.5067 kcal/mol        0.0139 kcal/(mol*A)
xmin   380      -28.5072 kcal/mol        0.0323 kcal/(mol*A)
xmin   390      -28.5076 kcal/mol        0.0107 kcal/(mol*A)
xmin   400      -28.5079 kcal/mol        0.0125 kcal/(mol*A)
xmin   410      -28.5085 kcal/mol        0.0150 kcal/(mol*A)
xmin   420      -28.5091 kcal/mol        0.0073 kcal/(mol*A)
xmin   430      -28.5098 kcal/mol        0.0047 kcal/(mol*A)
xmin   440      -28.5098 kcal/mol        0.0022 kcal/(mol*A)
xmin   450      -28.5098 kcal/mol        0.0030 kcal/(mol*A)
xmin   460      -28.5099 kcal/mol        0.0108 kcal/(mol*A)
xmin   470      -28.5101 kcal/mol        0.0049 kcal/(mol*A)
xmin   480      -28.5102 kcal/mol        0.0015 kcal/(mol*A)
xmin   490      -28.5102 kcal/mol        0.0025 kcal/(mol*A)
xmin   500      -28.5102 kcal/mol        0.0015 kcal/(mol*A)
xmin   510      -28.5103 kcal/mol        0.0017 kcal/(mol*A)
xmin   520      -28.5103 kcal/mol        0.0029 kcal/(mol*A)
xmin   530      -28.5103 kcal/mol        0.0016 kcal/(mol*A)
xmin   540      -28.5103 kcal/mol        0.0040 kcal/(mol*A)
xmin   550      -28.5103 kcal/mol        0.0033 kcal/(mol*A)
xmin   560      -28.5103 kcal/mol        0.0040 kcal/(mol*A)
xmin   570      -28.5104 kcal/mol        0.0015 kcal/(mol*A)
xmin   580      -28.5104 kcal/mol        0.0023 kcal/(mol*A)
xmin   590      -28.5104 kcal/mol        0.0006 kcal/(mol*A)
xmin   590      -28.5104 kcal/mol        0.0005 kcal/(mol*A)
  ... geometry converged !
 
 Final MO eigenvalues (eV):
 -41.3493  -41.1212  -40.5674  -39.8368  -39.1886  -37.8258  -37.0465  -36.1657
 -35.3492  -34.7076  -33.4988  -33.3353  -32.9341  -31.7242  -31.0605  -30.2543
 -29.8097  -28.7357  -27.9543  -26.7197  -25.3460  -24.5759  -24.0191  -23.6459
 -23.2594  -23.0251  -22.7833  -22.2323  -21.1811  -20.7790  -19.1781  -18.6896
 -18.6217  -18.1158  -17.9625  -17.6567  -17.2945  -17.1402  -16.6197  -16.5023
 -16.4121  -16.2233  -16.0137  -15.8183  -15.6512  -15.5841  -15.3689  -15.3291
 -15.0959  -14.8725  -14.6642  -14.4616  -14.3885  -14.3367  -14.2868  -14.2366
 -14.1746  -14.0111  -13.8166  -13.7035  -13.5326  -13.3324  -13.1586  -13.1297
 -13.0351  -12.8606  -12.7626  -12.6783  -12.4475  -12.2962  -12.1264  -11.9748
 -11.9273  -11.5889  -11.4555  -11.3450  -11.0736  -10.9083  -10.5526   -9.9639
  -9.8918   -9.8292   -9.6300   -9.6110   -9.2154   -8.7775   -0.5121   -0.4136
  -0.0732   -0.0582    0.2520    0.3076    0.9247    1.1829    1.4896    1.5342
   1.8972    2.1362    2.5535    2.6164    3.0466    3.1663    3.3157    3.3827
   3.4723    3.4899    3.5083    3.5685    3.5982    3.6267    3.6652    3.7241
   3.7801    3.7811    3.8179    3.8224    3.9280    4.0033    4.0236    4.0570
   4.0701    4.1074    4.1804    4.2047    4.2268    4.2495    4.3198    4.3331
   4.3977    4.4368    4.4590    4.4836    4.5031    4.5157    4.5617    4.7024
   4.7699    4.7930    4.7998    4.8025    4.9217    5.0242    5.0778    5.1841
   5.1876    5.2158    5.2541    5.2604    5.3436    5.4066    5.4300    5.4382
   5.5563    5.7233    5.7451    5.7981    5.8829    5.9636    6.0614    6.3008
   6.7141    6.7848    6.9501

 Heat of formation   =        -28.51036988 kcal/mol  (       -1.23630241 eV)

 Total SCF energy    =    -127717.42514043 kcal/mol  (    -5538.24314385 eV)
 Electronic energy   =   -1064143.05803393 kcal/mol  (   -46144.70569507 eV)
 Core-core repulsion =     936425.63289350 kcal/mol  (    40606.46255121 eV)
 
    Atomic Charges for Step       1 :
  Atom    Element       Mulliken Charge
     1      C                 -0.187
     2      C                 -0.027
     3      C                 -0.156
     4      C                 -0.066
     5      C                 -0.125
     6      C                  0.355
     7      O                 -0.371
     8      O                 -0.268
     9      C                  0.022
    10      C                 -0.105
    11      C                 -0.115
    12      C                 -0.133
    13      C                 -0.085
    14      C                 -0.084
    15      C                 -0.056
    16      N                 -0.354
    17      C                  0.319
    18      O                 -0.364
    19      N                 -0.320
    20      C                  0.102
    21      C                 -0.148
    22      C                 -0.081
    23      C                 -0.119
    24      C                 -0.035
    25      N                 -0.146
    26      C                 -0.078
    27      C                 -0.173
    28      C                  0.016
    29      C                 -0.197
    30      C                 -0.108
    31      C                 -0.111
    32      C                  0.008
    33      C                 -0.187
    34      C                 -0.157
    35      H                  0.093
    36      H                  0.088
    37      H                  0.086
    38      H                  0.140
    39      H                  0.157
    40      H                  0.116
    41      H                  0.107
    42      H                  0.134
    43      H                  0.132
    44      H                  0.120
    45      H                  0.061
    46      H                  0.097
    47      H                  0.152
    48      H                  0.161
    49      H                  0.242
    50      H                  0.174
    51      H                  0.139
    52      H                  0.158
    53      H                  0.158
    54      H                  0.142
    55      H                  0.137
    56      H                  0.155
    57      H                  0.163
    58      H                  0.079
    59      H                  0.102
    60      H                  0.105
    61      H                  0.138
 Total Mulliken Charge =       0.000
 
                  X        Y        Z     TOTAL  
  QM DIPOLE     5.455   -1.973   -2.534    6.330
 
 Final Structure

  QMMM: QM Region Cartesian Coordinates (*=link atom) 
  QMMM: QM_NO.   MM_NO.  ATOM         X         Y         Z
  QMMM:     1        1      C        8.7160    0.1942    2.6176
  QMMM:     2        2      C        7.4155    0.5379    1.9983
  QMMM:     3        3      C        6.4912    1.3295    2.6933
  QMMM:     4        4      C        5.2670    1.6378    2.1162
  QMMM:     5        5      C        4.9394    1.1674    0.8320
  QMMM:     6        6      C        3.6135    1.5574    0.3271
  QMMM:     7        7      O        2.7240    2.1346    0.9647
  QMMM:     8        8      O        3.3633    1.2654   -0.9881
  QMMM:     9        9      C        2.0910    1.6424   -1.5354
  QMMM:    10       10      C        1.0965    0.5344   -1.4194
  QMMM:    11       11      C        0.7963   -0.2622   -2.5287
  QMMM:    12       12      C       -0.1553   -1.2744   -2.4289
  QMMM:    13       13      C       -0.8174   -1.5094   -1.2167
  QMMM:    14       14      C       -1.8161   -2.6150   -1.1323
  QMMM:    15       15      C       -1.2560   -3.8303   -0.3668
  QMMM:    16       16      N       -1.1086   -3.6101    1.0494
  QMMM:    17       17      C       -3.1652   -2.1968   -0.5406
  QMMM:    18       18      O       -3.8507   -3.0130    0.1039
  QMMM:    19       19      N       -3.5934   -0.9075   -0.8221
  QMMM:    20       20      C       -4.7877   -0.2948   -0.4116
  QMMM:    21       21      C       -5.8968   -1.0461    0.0972
  QMMM:    22       22      C       -7.0583   -0.4120    0.4592
  QMMM:    23       23      C       -7.1932    0.9912    0.3382
  QMMM:    24       24      C       -8.3876    1.6967    0.7023
  QMMM:    25       25      N       -8.5313    3.0078    0.5964
  QMMM:    26       26      C       -7.4688    3.7252    0.1090
  QMMM:    27       27      C       -6.2677    3.1587   -0.2749
  QMMM:    28       28      C       -6.1042    1.7477   -0.1649
  QMMM:    29       29      C       -4.9078    1.0918   -0.5338
  QMMM:    30       30      C       -0.5111   -0.7141   -0.1059
  QMMM:    31       31      C        0.4387    0.3002   -0.2072
  QMMM:    32       32      C        5.8578    0.3723    0.1270
  QMMM:    33       33      C        5.5709   -0.1580   -1.2259
  QMMM:    34       34      C        7.0890    0.0682    0.7247
  QMMM:    35       35      H        8.5911   -0.6883    3.2952
  QMMM:    36       36      H        9.1047    1.0486    3.2251
  QMMM:    37       37      H        9.4776   -0.0648    1.8417
  QMMM:    38       38      H        6.7370    1.7054    3.6974
  QMMM:    39       39      H        4.5331    2.2559    2.6610
  QMMM:    40       40      H        1.7081    2.5705   -1.0323
  QMMM:    41       41      H        2.3375    1.8573   -2.6118
  QMMM:    42       42      H        1.3143   -0.0920   -3.4847
  QMMM:    43       43      H       -0.3809   -1.8953   -3.3092
  QMMM:    44       44      H       -2.0512   -2.9787   -2.1771
  QMMM:    45       45      H       -1.9398   -4.7007   -0.6003
  QMMM:    46       46      H       -0.2394   -4.0626   -0.7944
  QMMM:    47       47      H       -0.6684   -4.4000    1.4772
  QMMM:    48       48      H       -2.0001   -3.4524    1.4803
  QMMM:    49       49      H       -2.9268   -0.2983   -1.2492
  QMMM:    50       50      H       -5.8148   -2.1409    0.2022
  QMMM:    51       51      H       -7.9067   -0.9951    0.8510
  QMMM:    52       52      H       -9.2513    1.1307    1.0973
  QMMM:    53       53      H       -7.6414    4.8140    0.0423
  QMMM:    54       54      H       -5.4435    3.7736   -0.6590
  QMMM:    55       55      H       -4.0798    1.7070   -0.9188
  QMMM:    56       56      H       -1.0101   -0.9011    0.8582
  QMMM:    57       57      H        0.6861    0.9214    0.6709
  QMMM:    58       58      H        6.3921   -0.8242   -1.5865
  QMMM:    59       59      H        5.4509    0.6870   -1.9511
  QMMM:    60       60      H        4.6140   -0.7394   -1.2196
  QMMM:    61       61      H        7.8126   -0.5548    0.1761

           --------- Calculation Completed ----------

