-I: Adding /Users/yazan/totah-lab/analysis/dcmb/selectivity_validation/.conda-md/dat/leap/prep to search path.
-I: Adding /Users/yazan/totah-lab/analysis/dcmb/selectivity_validation/.conda-md/dat/leap/lib to search path.
-I: Adding /Users/yazan/totah-lab/analysis/dcmb/selectivity_validation/.conda-md/dat/leap/parm to search path.
-I: Adding /Users/yazan/totah-lab/analysis/dcmb/selectivity_validation/.conda-md/dat/leap/cmd to search path.
-f: Source leap.in.

Welcome to LEaP!
(no leaprc in search path)
Sourcing: ./leap.in
----- Source: /Users/yazan/totah-lab/analysis/dcmb/selectivity_validation/.conda-md/dat/leap/cmd/leaprc.gaff2
----- Source of /Users/yazan/totah-lab/analysis/dcmb/selectivity_validation/.conda-md/dat/leap/cmd/leaprc.gaff2 done
Log file: ./leap.log
Loading parameters: /Users/yazan/totah-lab/analysis/dcmb/selectivity_validation/.conda-md/dat/leap/parm/gaff2.dat
Reading title:
AMBER General Force Field for organic molecules (Version 2.2.30, Oct 2025)
Loading Mol2 file: ./candidate.mol2
Reading MOLECULE named LIG
Loading parameters: ./candidate.frcmod
Reading force field modification type file (frcmod)
Reading title:
Remark line goes here
Checking 'LIG'....
Checking parameters for unit 'LIG'.
Checking for bond parameters.
Checking for angle parameters.
Unit is OK.
Checking Unit.
Building topology.
Building atom parameters.
Building bond parameters.
Building angle parameters.
Building proper torsion parameters.
Building improper torsion parameters.
 total 24 improper torsions applied
Building H-Bond parameters.
Incorporating Non-Bonded adjustments.
Not Marking per-residue atom chain types.
Marking per-residue atom chain types.
  (Residues lacking connect0/connect1 - 
   these don't have chain types marked:

	res	total affected

	LIG	1
  )
 (no restraints)
	Quit

Exiting LEaP: Errors = 0; Warnings = 0; Notes = 0.
