
Thanks for using JUnit! Support its development at https://junit.org/sponsoring


Failures (1):
  JUnit Jupiter:MetPheSurveyAcceptanceTest:unknownCannotBecomeNegative(String):[12] duplicate-name
    MethodSource [className = 'totah.lab.daedalus.system.MetPheSurveyAcceptanceTest', methodName = 'unknownCannotBecomeNegative', methodParameterTypes = 'java.lang.String']
    => java.lang.IllegalArgumentException: Duplicate canonical atom reference: AtomReference[chainId=A, residueNumber=2, insertionCode= , atomName=SD]
       totah.lab.gaia.structure.Structure.validateUniqueAtomReferences(Structure.java:225)
       totah.lab.gaia.structure.Structure.<init>(Structure.java:73)
       totah.lab.gaia.structure.Structure.<init>(Structure.java:57)
       totah.lab.daedalus.system.MetPheSurveyAcceptanceTest.state(MetPheSurveyAcceptanceTest.java:57)
       totah.lab.daedalus.system.MetPheSurveyAcceptanceTest.sample(MetPheSurveyAcceptanceTest.java:88)
       totah.lab.daedalus.system.MetPheSurveyAcceptanceTest.unknownCannotBecomeNegative(MetPheSurveyAcceptanceTest.java:106)
       java.base/java.lang.reflect.Method.invoke(Method.java:580)
       java.base/java.util.stream.ForEachOps$ForEachOp$OfRef.accept(ForEachOps.java:184)
       java.base/java.util.stream.ReferencePipeline$3$1.accept(ReferencePipeline.java:197)
       java.base/java.util.stream.ReferencePipeline$2$1.accept(ReferencePipeline.java:179)
       [...]

Test run finished after 6411 ms
[         8 containers found      ]
[         0 containers skipped    ]
[         8 containers started    ]
[         0 containers aborted    ]
[         8 containers successful ]
[         0 containers failed     ]
[        33 tests found           ]
[         0 tests skipped         ]
[        33 tests started         ]
[         0 tests aborted         ]
[        32 tests successful      ]
[         1 tests failed          ]

