{
  "SHA256SUMS": {
    "checked": 164,
    "mismatches": []
  },
  "SOURCE_SHA256SUMS": {
    "checked": 217,
    "mismatches": [
      "software/modules/athena/src/main/java/totah/lab/athena/system/rules/RuleAnalyzers.java",
      "software/modules/athena/src/main/java/totah/lab/athena/system/rules/RuleManifest.java",
      "software/modules/athena/src/main/java/totah/lab/athena/system/rules/RuleRegistry.java",
      "software/modules/daedalus/src/main/java/totah/lab/daedalus/system/RuleExecutionPipeline.java"
    ]
  },
  "COMPILED_CLASS_SHA256SUMS": {
    "checked": 450,
    "mismatches": []
  },
  "RUNTIME_JAR_SHA256SUMS": {
    "checked": 108,
    "mismatches": []
  },
  "unrelatedTrackedDiffUnchanged": true,
  "historicalStatBaseline": {
    "files": 423688,
    "missing": [],
    "changes": [
      "software/modules/athena/src/main/java/totah/lab/athena/interaction/SaltBridgeDetector.java",
      "software/modules/athena/src/main/java/totah/lab/athena/interaction/HydrophobicContactDetector.java",
      "software/modules/athena/src/main/java/totah/lab/athena/interaction/PiStackingDetector.java",
      "software/modules/athena/src/main/java/totah/lab/athena/interaction/PiCationDetector.java",
      "software/modules/athena/src/main/java/totah/lab/athena/interaction/HydrogenBondDetector.java",
      "reports/boltz-persistence-20261004/web-api.log"
    ],
    "unexpectedChanges": [],
    "note": "Historical baseline precedes the accepted registry observer edits. Those five detectors are unchanged in THIS milestone, verified by source hashes. The existing live web-api log may append independently. Stat verification is not new content hashing of every scientific artifact."
  }
}
