
Thanks for using JUnit! Support its development at https://junit.org/sponsoring


Failures (6):
  JUnit Jupiter:TerminalAlkyneCandidateTest:propyneIsTerminalButTwoButyneIsNot()
    MethodSource [className = 'totah.lab.daedalus.system.TerminalAlkyneCandidateTest', methodName = 'propyneIsTerminalButTwoButyneIsNot', methodParameterTypes = '']
    => java.io.IOException: invalid rule manifest
       totah.lab.athena.system.rules.RuleRegistry.decode(RuleRegistry.java:40)
       totah.lab.daedalus.system.TerminalAlkyneCandidateTest.candidate(TerminalAlkyneCandidateTest.java:26)
       totah.lab.daedalus.system.TerminalAlkyneCandidateTest.evaluate(TerminalAlkyneCandidateTest.java:52)
       totah.lab.daedalus.system.TerminalAlkyneCandidateTest.propyneIsTerminalButTwoButyneIsNot(TerminalAlkyneCandidateTest.java:65)
       java.base/java.lang.reflect.Method.invoke(Method.java:580)
       [...]
     Caused by: java.lang.IllegalArgumentException: invalid group definition
       totah.lab.athena.system.rules.FunctionalGroupRules.validate(FunctionalGroupRules.java:30)
       totah.lab.athena.system.rules.RuleRegistry.validate(RuleRegistry.java:97)
       totah.lab.athena.system.rules.RuleRegistry.decode(RuleRegistry.java:38)
       [...]
     Caused by: java.lang.IllegalArgumentException: negative policy mismatch
       totah.lab.athena.system.rules.FunctionalGroupRules.definition(FunctionalGroupRules.java:42)
       [...]
  JUnit Jupiter:TerminalAlkyneCandidateTest:stableOrderingAndGeneralAlkyneIdentityRemain()
    MethodSource [className = 'totah.lab.daedalus.system.TerminalAlkyneCandidateTest', methodName = 'stableOrderingAndGeneralAlkyneIdentityRemain', methodParameterTypes = '']
    => java.io.IOException: invalid rule manifest
       totah.lab.athena.system.rules.RuleRegistry.decode(RuleRegistry.java:40)
       totah.lab.daedalus.system.TerminalAlkyneCandidateTest.candidate(TerminalAlkyneCandidateTest.java:26)
       totah.lab.daedalus.system.TerminalAlkyneCandidateTest.evaluate(TerminalAlkyneCandidateTest.java:52)
       totah.lab.daedalus.system.TerminalAlkyneCandidateTest.stableOrderingAndGeneralAlkyneIdentityRemain(TerminalAlkyneCandidateTest.java:91)
       java.base/java.lang.reflect.Method.invoke(Method.java:580)
       [...]
     Caused by: java.lang.IllegalArgumentException: invalid group definition
       totah.lab.athena.system.rules.FunctionalGroupRules.validate(FunctionalGroupRules.java:30)
       totah.lab.athena.system.rules.RuleRegistry.validate(RuleRegistry.java:97)
       totah.lab.athena.system.rules.RuleRegistry.decode(RuleRegistry.java:38)
       [...]
     Caused by: java.lang.IllegalArgumentException: negative policy mismatch
       totah.lab.athena.system.rules.FunctionalGroupRules.definition(FunctionalGroupRules.java:42)
       [...]
  JUnit Jupiter:TerminalAlkyneCandidateTest:acetyleneHasOneOccurrenceAndTwoTerminalRoleAlternatives()
    MethodSource [className = 'totah.lab.daedalus.system.TerminalAlkyneCandidateTest', methodName = 'acetyleneHasOneOccurrenceAndTwoTerminalRoleAlternatives', methodParameterTypes = '']
    => java.io.IOException: invalid rule manifest
       totah.lab.athena.system.rules.RuleRegistry.decode(RuleRegistry.java:40)
       totah.lab.daedalus.system.TerminalAlkyneCandidateTest.candidate(TerminalAlkyneCandidateTest.java:26)
       totah.lab.daedalus.system.TerminalAlkyneCandidateTest.evaluate(TerminalAlkyneCandidateTest.java:52)
       totah.lab.daedalus.system.TerminalAlkyneCandidateTest.acetyleneHasOneOccurrenceAndTwoTerminalRoleAlternatives(TerminalAlkyneCandidateTest.java:58)
       java.base/java.lang.reflect.Method.invoke(Method.java:580)
       [...]
     Caused by: java.lang.IllegalArgumentException: invalid group definition
       totah.lab.athena.system.rules.FunctionalGroupRules.validate(FunctionalGroupRules.java:30)
       totah.lab.athena.system.rules.RuleRegistry.validate(RuleRegistry.java:97)
       totah.lab.athena.system.rules.RuleRegistry.decode(RuleRegistry.java:38)
       [...]
     Caused by: java.lang.IllegalArgumentException: negative policy mismatch
       totah.lab.athena.system.rules.FunctionalGroupRules.definition(FunctionalGroupRules.java:42)
       [...]
  JUnit Jupiter:TerminalAlkyneCandidateTest:explicitHydrogenAndDistinctOccurrencesSurvive()
    MethodSource [className = 'totah.lab.daedalus.system.TerminalAlkyneCandidateTest', methodName = 'explicitHydrogenAndDistinctOccurrencesSurvive', methodParameterTypes = '']
    => java.io.IOException: invalid rule manifest
       totah.lab.athena.system.rules.RuleRegistry.decode(RuleRegistry.java:40)
       totah.lab.daedalus.system.TerminalAlkyneCandidateTest.candidate(TerminalAlkyneCandidateTest.java:26)
       totah.lab.daedalus.system.TerminalAlkyneCandidateTest.evaluate(TerminalAlkyneCandidateTest.java:52)
       totah.lab.daedalus.system.TerminalAlkyneCandidateTest.explicitHydrogenAndDistinctOccurrencesSurvive(TerminalAlkyneCandidateTest.java:70)
       java.base/java.lang.reflect.Method.invoke(Method.java:580)
       [...]
     Caused by: java.lang.IllegalArgumentException: invalid group definition
       totah.lab.athena.system.rules.FunctionalGroupRules.validate(FunctionalGroupRules.java:30)
       totah.lab.athena.system.rules.RuleRegistry.validate(RuleRegistry.java:97)
       totah.lab.athena.system.rules.RuleRegistry.decode(RuleRegistry.java:38)
       [...]
     Caused by: java.lang.IllegalArgumentException: negative policy mismatch
       totah.lab.athena.system.rules.FunctionalGroupRules.definition(FunctionalGroupRules.java:42)
       [...]
  JUnit Jupiter:TerminalAlkyneCandidateTest:constitutionalNearMissesAreNotTerminalAlkynes()
    MethodSource [className = 'totah.lab.daedalus.system.TerminalAlkyneCandidateTest', methodName = 'constitutionalNearMissesAreNotTerminalAlkynes', methodParameterTypes = '']
    => java.io.IOException: invalid rule manifest
       totah.lab.athena.system.rules.RuleRegistry.decode(RuleRegistry.java:40)
       totah.lab.daedalus.system.TerminalAlkyneCandidateTest.candidate(TerminalAlkyneCandidateTest.java:26)
       totah.lab.daedalus.system.TerminalAlkyneCandidateTest.evaluate(TerminalAlkyneCandidateTest.java:52)
       totah.lab.daedalus.system.TerminalAlkyneCandidateTest.constitutionalNearMissesAreNotTerminalAlkynes(TerminalAlkyneCandidateTest.java:98)
       java.base/java.lang.reflect.Method.invoke(Method.java:580)
       [...]
     Caused by: java.lang.IllegalArgumentException: invalid group definition
       totah.lab.athena.system.rules.FunctionalGroupRules.validate(FunctionalGroupRules.java:30)
       totah.lab.athena.system.rules.RuleRegistry.validate(RuleRegistry.java:97)
       totah.lab.athena.system.rules.RuleRegistry.decode(RuleRegistry.java:38)
       [...]
     Caused by: java.lang.IllegalArgumentException: negative policy mismatch
       totah.lab.athena.system.rules.FunctionalGroupRules.definition(FunctionalGroupRules.java:42)
       [...]
  JUnit Jupiter:TerminalAlkyneCandidateTest:unknownAndContradictoryHydrogenAreNotNegatives()
    MethodSource [className = 'totah.lab.daedalus.system.TerminalAlkyneCandidateTest', methodName = 'unknownAndContradictoryHydrogenAreNotNegatives', methodParameterTypes = '']
    => java.io.IOException: invalid rule manifest
       totah.lab.athena.system.rules.RuleRegistry.decode(RuleRegistry.java:40)
       totah.lab.daedalus.system.TerminalAlkyneCandidateTest.candidate(TerminalAlkyneCandidateTest.java:26)
       totah.lab.daedalus.system.TerminalAlkyneCandidateTest.unknownAndContradictoryHydrogenAreNotNegatives(TerminalAlkyneCandidateTest.java:82)
       java.base/java.lang.reflect.Method.invoke(Method.java:580)
       java.base/java.util.ArrayList.forEach(ArrayList.java:1596)
       [...]
     Caused by: java.lang.IllegalArgumentException: invalid group definition
       totah.lab.athena.system.rules.FunctionalGroupRules.validate(FunctionalGroupRules.java:30)
       totah.lab.athena.system.rules.RuleRegistry.validate(RuleRegistry.java:97)
       totah.lab.athena.system.rules.RuleRegistry.decode(RuleRegistry.java:38)
       [...]
     Caused by: java.lang.IllegalArgumentException: negative policy mismatch
       totah.lab.athena.system.rules.FunctionalGroupRules.definition(FunctionalGroupRules.java:42)
       [...]

Test run finished after 304 ms
[         4 containers found      ]
[         0 containers skipped    ]
[         4 containers started    ]
[         0 containers aborted    ]
[         4 containers successful ]
[         0 containers failed     ]
[         6 tests found           ]
[         0 tests skipped         ]
[         6 tests started         ]
[         0 tests aborted         ]
[         0 tests successful      ]
[         6 tests failed          ]

