
Thanks for using JUnit! Support its development at https://junit.org/sponsoring

java.lang.Exception: SmilesParser: Unexpected character in atom definition:'z' position:1
	at com.actelion.research.chem.SmilesAtomParser.parseAtomInsideBrackets(SmilesAtomParser.java:183)
	at com.actelion.research.chem.SmilesParser.parse(SmilesParser.java:416)
	at com.actelion.research.chem.SmilesParser.parse(SmilesParser.java:351)
	at com.actelion.research.chem.SmilesParser.parse(SmilesParser.java:343)
	at com.actelion.research.chem.SmilesParser.parseMolecule(SmilesParser.java:163)
	at com.actelion.research.chem.SmilesParser.parseMolecule(SmilesParser.java:150)
	at totah.lab.athena.design.backend.ocl.OclMolecularBackend.match(OclMolecularBackend.java:217)
	at totah.lab.athena.design.backend.ocl.RequiredContractProbe.lambda$unsupportedQueryMustNotBeAnEmptyNegative$0(RequiredContractProbe.java:16)
	at org.junit.jupiter.api.AssertThrows.assertThrows(AssertThrows.java:53)
	at org.junit.jupiter.api.AssertThrows.assertThrows(AssertThrows.java:35)
	at org.junit.jupiter.api.Assertions.assertThrows(Assertions.java:3128)
	at totah.lab.athena.design.backend.ocl.RequiredContractProbe.unsupportedQueryMustNotBeAnEmptyNegative(RequiredContractProbe.java:16)
	at java.base/jdk.internal.reflect.DirectMethodHandleAccessor.invoke(DirectMethodHandleAccessor.java:103)
	at java.base/java.lang.reflect.Method.invoke(Method.java:580)
	at org.junit.platform.commons.util.ReflectionUtils.invokeMethod(ReflectionUtils.java:767)
	at org.junit.jupiter.engine.execution.MethodInvocation.proceed(MethodInvocation.java:60)
	at org.junit.jupiter.engine.execution.InvocationInterceptorChain$ValidatingInvocation.proceed(InvocationInterceptorChain.java:131)
	at org.junit.jupiter.engine.extension.TimeoutExtension.intercept(TimeoutExtension.java:156)
	at org.junit.jupiter.engine.extension.TimeoutExtension.interceptTestableMethod(TimeoutExtension.java:147)
	at org.junit.jupiter.engine.extension.TimeoutExtension.interceptTestMethod(TimeoutExtension.java:86)
	at org.junit.jupiter.engine.execution.InterceptingExecutableInvoker$ReflectiveInterceptorCall.lambda$ofVoidMethod$0(InterceptingExecutableInvoker.java:103)
	at org.junit.jupiter.engine.execution.InterceptingExecutableInvoker.lambda$invoke$0(InterceptingExecutableInvoker.java:93)
	at org.junit.jupiter.engine.execution.InvocationInterceptorChain$InterceptedInvocation.proceed(InvocationInterceptorChain.java:106)
	at org.junit.jupiter.engine.execution.InvocationInterceptorChain.proceed(InvocationInterceptorChain.java:64)
	at org.junit.jupiter.engine.execution.InvocationInterceptorChain.chainAndInvoke(InvocationInterceptorChain.java:45)
	at org.junit.jupiter.engine.execution.InvocationInterceptorChain.invoke(InvocationInterceptorChain.java:37)
	at org.junit.jupiter.engine.execution.InterceptingExecutableInvoker.invoke(InterceptingExecutableInvoker.java:92)
	at org.junit.jupiter.engine.execution.InterceptingExecutableInvoker.invoke(InterceptingExecutableInvoker.java:86)
	at org.junit.jupiter.engine.descriptor.TestMethodTestDescriptor.lambda$invokeTestMethod$8(TestMethodTestDescriptor.java:217)
	at org.junit.platform.engine.support.hierarchical.ThrowableCollector.execute(ThrowableCollector.java:73)
	at org.junit.jupiter.engine.descriptor.TestMethodTestDescriptor.invokeTestMethod(TestMethodTestDescriptor.java:213)
	at org.junit.jupiter.engine.descriptor.TestMethodTestDescriptor.execute(TestMethodTestDescriptor.java:138)
	at org.junit.jupiter.engine.descriptor.TestMethodTestDescriptor.execute(TestMethodTestDescriptor.java:68)
	at org.junit.platform.engine.support.hierarchical.NodeTestTask.lambda$executeRecursively$6(NodeTestTask.java:156)
	at org.junit.platform.engine.support.hierarchical.ThrowableCollector.execute(ThrowableCollector.java:73)
	at org.junit.platform.engine.support.hierarchical.NodeTestTask.lambda$executeRecursively$8(NodeTestTask.java:146)
	at org.junit.platform.engine.support.hierarchical.Node.around(Node.java:137)
	at org.junit.platform.engine.support.hierarchical.NodeTestTask.lambda$executeRecursively$9(NodeTestTask.java:144)
	at org.junit.platform.engine.support.hierarchical.ThrowableCollector.execute(ThrowableCollector.java:73)
	at org.junit.platform.engine.support.hierarchical.NodeTestTask.executeRecursively(NodeTestTask.java:143)
	at org.junit.platform.engine.support.hierarchical.NodeTestTask.execute(NodeTestTask.java:100)
	at java.base/java.util.ArrayList.forEach(ArrayList.java:1596)
	at org.junit.platform.engine.support.hierarchical.SameThreadHierarchicalTestExecutorService.invokeAll(SameThreadHierarchicalTestExecutorService.java:41)
	at org.junit.platform.engine.support.hierarchical.NodeTestTask.lambda$executeRecursively$6(NodeTestTask.java:160)
	at org.junit.platform.engine.support.hierarchical.ThrowableCollector.execute(ThrowableCollector.java:73)
	at org.junit.platform.engine.support.hierarchical.NodeTestTask.lambda$executeRecursively$8(NodeTestTask.java:146)
	at org.junit.platform.engine.support.hierarchical.Node.around(Node.java:137)
	at org.junit.platform.engine.support.hierarchical.NodeTestTask.lambda$executeRecursively$9(NodeTestTask.java:144)
	at org.junit.platform.engine.support.hierarchical.ThrowableCollector.execute(ThrowableCollector.java:73)
	at org.junit.platform.engine.support.hierarchical.NodeTestTask.executeRecursively(NodeTestTask.java:143)
	at org.junit.platform.engine.support.hierarchical.NodeTestTask.execute(NodeTestTask.java:100)
	at java.base/java.util.ArrayList.forEach(ArrayList.java:1596)
	at org.junit.platform.engine.support.hierarchical.SameThreadHierarchicalTestExecutorService.invokeAll(SameThreadHierarchicalTestExecutorService.java:41)
	at org.junit.platform.engine.support.hierarchical.NodeTestTask.lambda$executeRecursively$6(NodeTestTask.java:160)
	at org.junit.platform.engine.support.hierarchical.ThrowableCollector.execute(ThrowableCollector.java:73)
	at org.junit.platform.engine.support.hierarchical.NodeTestTask.lambda$executeRecursively$8(NodeTestTask.java:146)
	at org.junit.platform.engine.support.hierarchical.Node.around(Node.java:137)
	at org.junit.platform.engine.support.hierarchical.NodeTestTask.lambda$executeRecursively$9(NodeTestTask.java:144)
	at org.junit.platform.engine.support.hierarchical.ThrowableCollector.execute(ThrowableCollector.java:73)
	at org.junit.platform.engine.support.hierarchical.NodeTestTask.executeRecursively(NodeTestTask.java:143)
	at org.junit.platform.engine.support.hierarchical.NodeTestTask.execute(NodeTestTask.java:100)
	at org.junit.platform.engine.support.hierarchical.SameThreadHierarchicalTestExecutorService.submit(SameThreadHierarchicalTestExecutorService.java:35)
	at org.junit.platform.engine.support.hierarchical.HierarchicalTestExecutor.execute(HierarchicalTestExecutor.java:57)
	at org.junit.platform.engine.support.hierarchical.HierarchicalTestEngine.execute(HierarchicalTestEngine.java:54)
	at org.junit.platform.launcher.core.EngineExecutionOrchestrator.execute(EngineExecutionOrchestrator.java:198)
	at org.junit.platform.launcher.core.EngineExecutionOrchestrator.execute(EngineExecutionOrchestrator.java:169)
	at org.junit.platform.launcher.core.EngineExecutionOrchestrator.execute(EngineExecutionOrchestrator.java:93)
	at org.junit.platform.launcher.core.EngineExecutionOrchestrator.lambda$execute$0(EngineExecutionOrchestrator.java:58)
	at org.junit.platform.launcher.core.EngineExecutionOrchestrator.withInterceptedStreams(EngineExecutionOrchestrator.java:141)
	at org.junit.platform.launcher.core.EngineExecutionOrchestrator.execute(EngineExecutionOrchestrator.java:57)
	at org.junit.platform.launcher.core.DefaultLauncher.execute(DefaultLauncher.java:103)
	at org.junit.platform.launcher.core.DefaultLauncher.execute(DefaultLauncher.java:85)
	at org.junit.platform.launcher.core.DelegatingLauncher.execute(DelegatingLauncher.java:47)
	at org.junit.platform.launcher.core.SessionPerRequestLauncher.execute(SessionPerRequestLauncher.java:63)
	at org.junit.platform.console.tasks.ConsoleTestExecutor.executeTests(ConsoleTestExecutor.java:102)
	at org.junit.platform.console.tasks.ConsoleTestExecutor.lambda$execute$1(ConsoleTestExecutor.java:71)
	at org.junit.platform.console.tasks.CustomContextClassLoaderExecutor.replaceThreadContextClassLoaderAndInvoke(CustomContextClassLoaderExecutor.java:42)
	at org.junit.platform.console.tasks.CustomContextClassLoaderExecutor.invoke(CustomContextClassLoaderExecutor.java:33)
	at org.junit.platform.console.tasks.ConsoleTestExecutor.execute(ConsoleTestExecutor.java:71)
	at org.junit.platform.console.options.ExecuteTestsCommand.execute(ExecuteTestsCommand.java:61)
	at org.junit.platform.console.options.ExecuteTestsCommand.execute(ExecuteTestsCommand.java:27)
	at org.junit.platform.console.options.BaseCommand.call(BaseCommand.java:81)
	at org.junit.platform.console.shadow.picocli.CommandLine.executeUserObject(CommandLine.java:2045)
	at org.junit.platform.console.shadow.picocli.CommandLine.access$1500(CommandLine.java:148)
	at org.junit.platform.console.shadow.picocli.CommandLine$RunLast.executeUserObjectOfLastSubcommandWithSameParent(CommandLine.java:2465)
	at org.junit.platform.console.shadow.picocli.CommandLine$RunLast.handle(CommandLine.java:2457)
	at org.junit.platform.console.shadow.picocli.CommandLine$RunLast.handle(CommandLine.java:2419)
	at org.junit.platform.console.shadow.picocli.CommandLine$AbstractParseResultHandler.execute(CommandLine.java:2277)
	at org.junit.platform.console.shadow.picocli.CommandLine$RunLast.execute(CommandLine.java:2421)
	at org.junit.platform.console.shadow.picocli.CommandLine.execute(CommandLine.java:2174)
	at org.junit.platform.console.options.MainCommand.runCommand(MainCommand.java:146)
	at org.junit.platform.console.options.MainCommand.run(MainCommand.java:139)
	at org.junit.platform.console.options.CommandFacade.run(CommandFacade.java:54)
	at org.junit.platform.console.options.CommandFacade.run(CommandFacade.java:37)
	at org.junit.platform.console.ConsoleLauncher.main(ConsoleLauncher.java:33)

Failures (4):
  JUnit Jupiter:RequiredContractProbe:invalidUnclosedBranchMustNotBecomeAPartialQuery()
    MethodSource [className = 'totah.lab.athena.design.backend.ocl.RequiredContractProbe', methodName = 'invalidUnclosedBranchMustNotBecomeAPartialQuery', methodParameterTypes = '']
    => org.opentest4j.AssertionFailedError: Expected totah.lab.athena.design.backend.MolecularBackendException to be thrown, but nothing was thrown.
       org.junit.jupiter.api.AssertionFailureBuilder.build(AssertionFailureBuilder.java:152)
       org.junit.jupiter.api.AssertThrows.assertThrows(AssertThrows.java:73)
       org.junit.jupiter.api.AssertThrows.assertThrows(AssertThrows.java:35)
       org.junit.jupiter.api.Assertions.assertThrows(Assertions.java:3128)
       totah.lab.athena.design.backend.ocl.RequiredContractProbe.invalidUnclosedBranchMustNotBecomeAPartialQuery(RequiredContractProbe.java:24)
       java.base/java.lang.reflect.Method.invoke(Method.java:580)
       java.base/java.util.ArrayList.forEach(ArrayList.java:1596)
       java.base/java.util.ArrayList.forEach(ArrayList.java:1596)
  JUnit Jupiter:RequiredContractProbe:unsupportedQueryMustNotBeAnEmptyNegative()
    MethodSource [className = 'totah.lab.athena.design.backend.ocl.RequiredContractProbe', methodName = 'unsupportedQueryMustNotBeAnEmptyNegative', methodParameterTypes = '']
    => org.opentest4j.AssertionFailedError: Expected totah.lab.athena.design.backend.MolecularBackendException to be thrown, but nothing was thrown.
       org.junit.jupiter.api.AssertionFailureBuilder.build(AssertionFailureBuilder.java:152)
       org.junit.jupiter.api.AssertThrows.assertThrows(AssertThrows.java:73)
       org.junit.jupiter.api.AssertThrows.assertThrows(AssertThrows.java:35)
       org.junit.jupiter.api.Assertions.assertThrows(Assertions.java:3128)
       totah.lab.athena.design.backend.ocl.RequiredContractProbe.unsupportedQueryMustNotBeAnEmptyNegative(RequiredContractProbe.java:16)
       java.base/java.lang.reflect.Method.invoke(Method.java:580)
       java.base/java.util.ArrayList.forEach(ArrayList.java:1596)
       java.base/java.util.ArrayList.forEach(ArrayList.java:1596)
  JUnit Jupiter:RequiredContractProbe:suppliedHydrogenConstraintCannotBeSilentlyIgnored()
    MethodSource [className = 'totah.lab.athena.design.backend.ocl.RequiredContractProbe', methodName = 'suppliedHydrogenConstraintCannotBeSilentlyIgnored', methodParameterTypes = '']
    => org.opentest4j.AssertionFailedError: Expected totah.lab.athena.design.backend.MolecularBackendException to be thrown, but nothing was thrown.
       org.junit.jupiter.api.AssertionFailureBuilder.build(AssertionFailureBuilder.java:152)
       org.junit.jupiter.api.AssertThrows.assertThrows(AssertThrows.java:73)
       org.junit.jupiter.api.AssertThrows.assertThrows(AssertThrows.java:35)
       org.junit.jupiter.api.Assertions.assertThrows(Assertions.java:3128)
       totah.lab.athena.design.backend.ocl.RequiredContractProbe.suppliedHydrogenConstraintCannotBeSilentlyIgnored(RequiredContractProbe.java:21)
       java.base/java.lang.reflect.Method.invoke(Method.java:580)
       java.base/java.util.ArrayList.forEach(ArrayList.java:1596)
       java.base/java.util.ArrayList.forEach(ArrayList.java:1596)
  JUnit Jupiter:RequiredContractProbe:allDistinctTargetAtomsMustSurviveSymmetry()
    MethodSource [className = 'totah.lab.athena.design.backend.ocl.RequiredContractProbe', methodName = 'allDistinctTargetAtomsMustSurviveSymmetry', methodParameterTypes = '']
    => org.opentest4j.AssertionFailedError: Six distinct stable target atoms; not six automorphisms of one atom set ==> expected: <6> but was: <1>
       org.junit.jupiter.api.AssertionFailureBuilder.build(AssertionFailureBuilder.java:151)
       org.junit.jupiter.api.AssertionFailureBuilder.buildAndThrow(AssertionFailureBuilder.java:132)
       org.junit.jupiter.api.AssertEquals.failNotEqual(AssertEquals.java:197)
       org.junit.jupiter.api.AssertEquals.assertEquals(AssertEquals.java:150)
       org.junit.jupiter.api.Assertions.assertEquals(Assertions.java:563)
       totah.lab.athena.design.backend.ocl.RequiredContractProbe.allDistinctTargetAtomsMustSurviveSymmetry(RequiredContractProbe.java:12)
       java.base/java.lang.reflect.Method.invoke(Method.java:580)
       java.base/java.util.ArrayList.forEach(ArrayList.java:1596)
       java.base/java.util.ArrayList.forEach(ArrayList.java:1596)

Test run finished after 269 ms
[         4 containers found      ]
[         0 containers skipped    ]
[         4 containers started    ]
[         0 containers aborted    ]
[         4 containers successful ]
[         0 containers failed     ]
[         4 tests found           ]
[         0 tests skipped         ]
[         4 tests started         ]
[         0 tests aborted         ]
[         0 tests successful      ]
[         4 tests failed          ]

