/private/tmp/athena-r02-504c3674f/source/software/modules/athena/src/main/java/totah/lab/athena/system/SystemStateView.java:64: error: cannot find symbol
        for (var c:graph.structure().getChains()) for (var r:c.residues()) for (var a:r.getAtoms())
                                    ^
  symbol:   method getChains()
  location: class Structure
/private/tmp/athena-r02-504c3674f/source/software/modules/athena/src/main/java/totah/lab/athena/system/SystemStateView.java:67: error: cannot find symbol
        var coordinates=atoms.entrySet().stream().map(e -> Map.of("atom",e.getKey(),"position",e.getValue().getPosition())).toList();
                                                                                                           ^
  symbol:   method getPosition()
  location: class Atom
/private/tmp/athena-r02-504c3674f/source/software/modules/athena/src/main/java/totah/lab/athena/system/SystemStateView.java:89: error: cannot find symbol
        for (var c:graph.structure().getChains()) for (var r:c.residues()) {
                                    ^
  symbol:   method getChains()
  location: class Structure
/private/tmp/athena-r02-504c3674f/source/software/modules/athena/src/main/java/totah/lab/athena/system/SystemStateView.java:94: error: cannot find symbol
        out.put("connectivity",graph.structure().getConnectivityMetadata());out.put("sequenceEdges",graph.sequenceEdges());out.put("components",components);
                                                ^
  symbol:   method getConnectivityMetadata()
  location: class Structure
/private/tmp/athena-r02-504c3674f/source/software/modules/athena/src/main/java/totah/lab/athena/system/SystemStateView.java:125: error: cannot find symbol
                var a=refs.get(i);var b=refs.get(j);double distance=atoms.get(a).getPosition().distance(atoms.get(b).getPosition());
                                                                                ^
  symbol:   method getPosition()
  location: class Atom
/private/tmp/athena-r02-504c3674f/source/software/modules/athena/src/main/java/totah/lab/athena/system/SystemStateView.java:125: error: cannot find symbol
                var a=refs.get(i);var b=refs.get(j);double distance=atoms.get(a).getPosition().distance(atoms.get(b).getPosition());
                                                                                                                    ^
  symbol:   method getPosition()
  location: class Atom
/private/tmp/athena-r02-504c3674f/source/software/modules/gaia/src/main/java/totah/lab/gaia/graph/ResidueGraph.java:242: error: cannot find symbol
        for (Chain chain : structure.getChains()) {
                                    ^
  symbol:   method getChains()
  location: variable structure of type Structure
/private/tmp/athena-r02-504c3674f/source/software/modules/gaia/src/main/java/totah/lab/gaia/graph/ResidueGraph.java:268: error: cannot find symbol
        for (Chain chain : structure.getChains()) {
                                    ^
  symbol:   method getChains()
  location: variable structure of type Structure
/private/tmp/athena-r02-504c3674f/source/software/modules/gaia/src/main/java/totah/lab/gaia/graph/ResidueGraph.java:271: error: cannot find symbol
                for (Atom atom : residue.getAtoms()) {
                                        ^
  symbol:   method getAtoms()
  location: variable residue of type Residue
/private/tmp/athena-r02-504c3674f/source/software/modules/gaia/src/main/java/totah/lab/gaia/graph/ResidueGraph.java:280: error: cannot find symbol
                                    atom.getPosition()));
                                        ^
  symbol:   method getPosition()
  location: variable atom of type Atom
/private/tmp/athena-r02-504c3674f/source/software/modules/gaia/src/main/java/totah/lab/gaia/graph/ResidueGraph.java:304: error: cannot find symbol
        for (Chain chain : structure.getChains()) {
                                    ^
  symbol:   method getChains()
  location: variable structure of type Structure
/private/tmp/athena-r02-504c3674f/source/software/modules/gaia/src/main/java/totah/lab/gaia/graph/ResidueGraph.java:307: error: cannot find symbol
                for (Atom atom : residue.getAtoms()) {
                                        ^
  symbol:   method getAtoms()
  location: variable residue of type Residue
/private/tmp/athena-r02-504c3674f/source/software/modules/gaia/src/main/java/totah/lab/gaia/graph/ResidueGraph.java:330: error: cannot find symbol
                structure.getConnectivityMetadata().provenance());
                         ^
  symbol:   method getConnectivityMetadata()
  location: variable structure of type Structure
/private/tmp/athena-r02-504c3674f/source/software/modules/gaia/src/main/java/totah/lab/gaia/graph/ResidueGraph.java:334: error: cannot find symbol
            for (Chain chain : structure.getChains()) {
                                        ^
  symbol:   method getChains()
  location: variable structure of type Structure
/private/tmp/athena-r02-504c3674f/source/software/modules/gaia/src/main/java/totah/lab/gaia/graph/ResidueGraph.java:396: error: cannot find symbol
                residue.getNumber(),
                       ^
  symbol:   method getNumber()
  location: variable residue of type Residue
/private/tmp/athena-r02-504c3674f/source/software/modules/gaia/src/main/java/totah/lab/gaia/graph/ResidueGraph.java:397: error: cannot find symbol
                residue.getInsertionCode());
                       ^
  symbol:   method getInsertionCode()
  location: variable residue of type Residue
/private/tmp/athena-r02-504c3674f/source/software/modules/gaia/src/main/java/totah/lab/gaia/graph/ResidueGraph.java:407: error: cannot find symbol
                residue.getNumber(),
                       ^
  symbol:   method getNumber()
  location: variable residue of type Residue
/private/tmp/athena-r02-504c3674f/source/software/modules/gaia/src/main/java/totah/lab/gaia/graph/ResidueGraph.java:408: error: cannot find symbol
                residue.getInsertionCode() == null
                       ^
  symbol:   method getInsertionCode()
  location: variable residue of type Residue
/private/tmp/athena-r02-504c3674f/source/software/modules/gaia/src/main/java/totah/lab/gaia/graph/ResidueGraph.java:410: error: cannot find symbol
                        : residue.getInsertionCode(),
                                 ^
  symbol:   method getInsertionCode()
  location: variable residue of type Residue
/private/tmp/athena-r02-504c3674f/source/software/modules/gaia/src/main/java/totah/lab/gaia/graph/ResidueGraph.java:411: error: cannot find symbol
                atom.getName());
                    ^
  symbol:   method getName()
  location: variable atom of type Atom
/private/tmp/athena-r02-504c3674f/source/software/modules/gaia/src/main/java/totah/lab/gaia/structure/Structure.java:218: error: cannot find symbol
                char insertionCode = residue.getInsertionCode() == null
                                            ^
  symbol:   method getInsertionCode()
  location: variable residue of type Residue
/private/tmp/athena-r02-504c3674f/source/software/modules/gaia/src/main/java/totah/lab/gaia/structure/Structure.java:220: error: cannot find symbol
                        : residue.getInsertionCode();
                                 ^
  symbol:   method getInsertionCode()
  location: variable residue of type Residue
/private/tmp/athena-r02-504c3674f/source/software/modules/gaia/src/main/java/totah/lab/gaia/structure/Structure.java:221: error: cannot find symbol
                for (Atom atom : residue.getAtoms()) {
                                        ^
  symbol:   method getAtoms()
  location: variable residue of type Residue
/private/tmp/athena-r02-504c3674f/source/software/modules/gaia/src/main/java/totah/lab/gaia/structure/Structure.java:223: error: cannot find symbol
                            chain.id(), residue.getNumber(), insertionCode, atom.getName());
                                               ^
  symbol:   method getNumber()
  location: variable residue of type Residue
/private/tmp/athena-r02-504c3674f/source/software/modules/gaia/src/main/java/totah/lab/gaia/structure/Structure.java:223: error: cannot find symbol
                            chain.id(), residue.getNumber(), insertionCode, atom.getName());
                                                                                ^
  symbol:   method getName()
  location: variable atom of type Atom
/private/tmp/athena-r02-504c3674f/source/software/modules/gaia/src/main/java/totah/lab/gaia/graph/ResidueNode.java:23: error: cannot find symbol
        return residue.getClassificationEvidence();
                      ^
  symbol:   method getClassificationEvidence()
  location: record component residue of type Residue
/private/tmp/athena-r02-504c3674f/source/software/modules/gaia/src/main/java/totah/lab/gaia/structure/Residue.java:46: error: cannot assign a value to final variable classificationEvidence
        this.classificationEvidence = classificationEvidence == null
            ^
/private/tmp/athena-r02-504c3674f/source/software/modules/gaia/src/main/java/totah/lab/gaia/structure/Residue.java:50: error: cannot assign a value to final variable atoms
        this.atoms = atoms == null
            ^
/private/tmp/athena-r02-504c3674f/source/software/modules/gaia/src/main/java/totah/lab/gaia/structure/Residue.java:94: error: cannot find symbol
                .filter(atom -> normalizedName.equals(atom.getName()))
                                                          ^
  symbol:   method getName()
  location: variable atom of type Atom
/private/tmp/athena-r02-504c3674f/source/software/modules/gaia/src/main/java/totah/lab/gaia/structure/Residue.java:104: error: invalid method reference
                .map(Atom::getPosition);
                     ^
  cannot find symbol
    symbol:   method getPosition()
    location: class Atom
/private/tmp/athena-r02-504c3674f/source/software/modules/gaia/src/main/java/totah/lab/gaia/graph/ResidueChemistry.java:28: error: cannot find symbol
        if (!ResidueCategories.isStandardAminoAcid(residue.getName())) {
                                                          ^
  symbol:   method getName()
  location: variable residue of type Residue
/private/tmp/athena-r02-504c3674f/source/software/modules/gaia/src/main/java/totah/lab/gaia/graph/ResidueChemistry.java:35: error: cannot find symbol
                ResidueCategories.classify(residue.getName()));
                                                  ^
  symbol:   method getName()
  location: variable residue of type Residue
/private/tmp/athena-r02-504c3674f/source/software/modules/gaia/src/main/java/totah/lab/gaia/graph/ResidueGraphView.java:60: error: cannot find symbol
        for (Chain chain : graph.structure().getChains()) {
                                            ^
  symbol:   method getChains()
  location: class Structure
/private/tmp/athena-r02-504c3674f/source/software/modules/gaia/src/main/java/totah/lab/gaia/graph/ResidueGraphView.java:64: error: cannot find symbol
                            residue.getNumber(),
                                   ^
  symbol:   method getNumber()
  location: variable residue of type Residue
/private/tmp/athena-r02-504c3674f/source/software/modules/gaia/src/main/java/totah/lab/gaia/graph/ResidueGraphView.java:65: error: cannot find symbol
                            residue.getInsertionCode())))
                                   ^
  symbol:   method getInsertionCode()
  location: variable residue of type Residue
/private/tmp/athena-r02-504c3674f/source/software/modules/gaia/src/main/java/totah/lab/gaia/graph/ResidueGraphView.java:80: error: cannot find symbol
                graph.structure().getConnectivityMetadata());
                                 ^
  symbol:   method getConnectivityMetadata()
  location: class Structure
/private/tmp/athena-r02-504c3674f/source/software/modules/gaia/src/main/java/totah/lab/gaia/structure/Chain.java:43: error: cannot find symbol
                .filter(residue -> residue.getNumber() == number)
                                          ^
  symbol:   method getNumber()
  location: variable residue of type Residue
/private/tmp/athena-r02-504c3674f/source/software/modules/gaia/src/main/java/totah/lab/gaia/structure/Chain.java:47: error: cannot find symbol
                .filter(residue -> residue.getInsertionCode() == null)
                                          ^
  symbol:   method getInsertionCode()
  location: variable residue of type Residue
/private/tmp/athena-r02-504c3674f/source/software/modules/gaia/src/main/java/totah/lab/gaia/structure/Chain.java:71: error: cannot find symbol
                .filter(residue -> residue.getNumber() == number)
                                          ^
  symbol:   method getNumber()
  location: variable residue of type Residue
/private/tmp/athena-r02-504c3674f/source/software/modules/gaia/src/main/java/totah/lab/gaia/structure/Chain.java:73: error: cannot find symbol
                        residue.getInsertionCode(),
                               ^
  symbol:   method getInsertionCode()
  location: variable residue of type Residue
/private/tmp/athena-r02-504c3674f/source/software/modules/gaia/src/main/java/totah/lab/gaia/structure/Chain.java:128: error: cannot find symbol
                    residue.getNumber(),
                           ^
  symbol:   method getNumber()
  location: variable residue of type Residue
/private/tmp/athena-r02-504c3674f/source/software/modules/gaia/src/main/java/totah/lab/gaia/structure/Chain.java:129: error: cannot find symbol
                    normalizeInsertionCode(residue.getInsertionCode()));
                                                  ^
  symbol:   method getInsertionCode()
  location: variable residue of type Residue
/private/tmp/athena-r02-504c3674f/source/software/modules/daedalus/src/test/java/totah/lab/daedalus/system/AthenaScientificRulesAcceptanceTest.java:59: error: cannot find symbol
                atoms.add(Atom.builder().name(a.id()).element(Element.fromSymbol(a.element())).autoDockType(type).position(new Point3D(p.x(),p.y(),p.z())).build());
                              ^
  symbol:   method builder()
  location: class Atom
/private/tmp/athena-r02-504c3674f/source/software/modules/daedalus/src/test/java/totah/lab/daedalus/system/AthenaScientificRulesAcceptanceTest.java:65: error: cannot find symbol
        if(extraUnknown)residues.add(new Residue("UNK",99,List.of(Atom.builder().name("S").element(Element.S).autoDockType("SA").position(new Point3D(40,0,0)).build())));
                                                                      ^
  symbol:   method builder()
  location: class Atom
/private/tmp/athena-r02-504c3674f/source/software/modules/daedalus/src/test/java/totah/lab/daedalus/system/AthenaScientificRulesAcceptanceTest.java:206: error: cannot find symbol
        var s=fixture("HYDROPHOBIC",true,false);var partial=new SystemStateView(s.identity(),ResidueGraph.from(new Structure(s.graph().structure().getChains())),s.components(),s.sources(),s.cofactors(),s.charges(),true,true,List.of("topology not established"));
                                                                                                                                                  ^
  symbol:   method getChains()
  location: class Structure
/private/tmp/athena-r02-504c3674f/source/software/modules/athena/src/main/java/totah/lab/athena/system/SystemGraphValidation.java:33: error: cannot find symbol
        boolean coordinates=!state.atoms().isEmpty() && state.atoms().values().stream().allMatch(a -> Double.isFinite(a.getPosition().x())&&Double.isFinite(a.getPosition().y())&&Double.isFinite(a.getPosition().z()));
                                                                                                                       ^
  symbol:   method getPosition()
  location: variable a of type Atom
/private/tmp/athena-r02-504c3674f/source/software/modules/athena/src/main/java/totah/lab/athena/system/SystemGraphValidation.java:33: error: cannot find symbol
        boolean coordinates=!state.atoms().isEmpty() && state.atoms().values().stream().allMatch(a -> Double.isFinite(a.getPosition().x())&&Double.isFinite(a.getPosition().y())&&Double.isFinite(a.getPosition().z()));
                                                                                                                                                             ^
  symbol:   method getPosition()
  location: variable a of type Atom
/private/tmp/athena-r02-504c3674f/source/software/modules/athena/src/main/java/totah/lab/athena/system/SystemGraphValidation.java:33: error: cannot find symbol
        boolean coordinates=!state.atoms().isEmpty() && state.atoms().values().stream().allMatch(a -> Double.isFinite(a.getPosition().x())&&Double.isFinite(a.getPosition().y())&&Double.isFinite(a.getPosition().z()));
                                                                                                                                                                                                   ^
  symbol:   method getPosition()
  location: variable a of type Atom
/private/tmp/athena-r02-504c3674f/source/software/modules/athena/src/main/java/totah/lab/athena/system/SystemGraphValidation.java:38: error: cannot find symbol
        boolean elements=state.atoms().values().stream().allMatch(a->a.getElement()!=null);
                                                                      ^
  symbol:   method getElement()
  location: variable a of type Atom
/private/tmp/athena-r02-504c3674f/source/software/modules/athena/src/main/java/totah/lab/athena/system/SystemGraphValidation.java:42: error: cannot find symbol
        checks.add(new Check("CHEMISTRY","source-connectivity",state.graph().structure().getConnectivityMetadata().provenance()==totah.lab.gaia.structure.ConnectivityProvenance.EXPLICIT?Status.QUALIFIED:Status.CONDITIONAL,
                                                                                        ^
  symbol:   method getConnectivityMetadata()
  location: class Structure
/private/tmp/athena-r02-504c3674f/source/software/modules/athena/src/main/java/totah/lab/athena/system/SystemGraphValidation.java:43: error: cannot find symbol
                state.graph().structure().getConnectivityMetadata().toString()));
                                         ^
  symbol:   method getConnectivityMetadata()
  location: class Structure
/private/tmp/athena-r02-504c3674f/source/software/modules/athena/src/main/java/totah/lab/athena/system/SystemGraphValidation.java:60: error: cannot find symbol
                    if(coordinate.getElement()==null||!coordinate.getElement().name().equalsIgnoreCase(chemical.orElseThrow().element()))mappingValid=false;
                                 ^
  symbol:   method getElement()
  location: variable coordinate of type Atom
/private/tmp/athena-r02-504c3674f/source/software/modules/athena/src/main/java/totah/lab/athena/system/SystemGraphValidation.java:60: error: cannot find symbol
                    if(coordinate.getElement()==null||!coordinate.getElement().name().equalsIgnoreCase(chemical.orElseThrow().element()))mappingValid=false;
                                                                 ^
  symbol:   method getElement()
  location: variable coordinate of type Atom
/private/tmp/athena-r02-504c3674f/source/software/modules/athena/src/main/java/totah/lab/athena/system/SystemGraphValidation.java:62: error: cannot find symbol
                        var p=chemical.orElseThrow().coordinates();var q=coordinate.getPosition();
                                                                                   ^
  symbol:   method getPosition()
  location: variable coordinate of type Atom
/private/tmp/athena-r02-504c3674f/source/software/modules/athena/src/main/java/totah/lab/athena/system/SystemGraphValidation.java:100: error: cannot find symbol
        boolean typed=state.atoms().values().stream().allMatch(a->a.getAutoDockType()!=null&&!a.getAutoDockType().isBlank());
                                                                   ^
  symbol:   method getAutoDockType()
  location: variable a of type Atom
/private/tmp/athena-r02-504c3674f/source/software/modules/athena/src/main/java/totah/lab/athena/system/SystemGraphValidation.java:100: error: cannot find symbol
        boolean typed=state.atoms().values().stream().allMatch(a->a.getAutoDockType()!=null&&!a.getAutoDockType().isBlank());
                                                                                               ^
  symbol:   method getAutoDockType()
  location: variable a of type Atom
/private/tmp/athena-r02-504c3674f/source/software/modules/daedalus/src/test/java/totah/lab/daedalus/system/SystemQualificationAcceptanceTest.java:27: error: cannot find symbol
        atoms.add(new Residue("LIG",1,List.of(Atom.builder().name("C1").element(Element.C).autoDockType("C").position(new Point3D(0,0,0)).build())));
                                                  ^
  symbol:   method builder()
  location: class Atom
/private/tmp/athena-r02-504c3674f/source/software/modules/daedalus/src/test/java/totah/lab/daedalus/system/SystemQualificationAcceptanceTest.java:28: error: cannot find symbol
        atoms.add(new Residue("CYS",17,List.of(Atom.builder().name("SG").element(Element.S).autoDockType("SA").position(new Point3D(3+shift,0,0)).build())));
                                                   ^
  symbol:   method builder()
  location: class Atom
/private/tmp/athena-r02-504c3674f/source/software/modules/daedalus/src/test/java/totah/lab/daedalus/system/SystemQualificationAcceptanceTest.java:29: error: cannot find symbol
        atoms.add(new Residue("CYS",48,List.of(Atom.builder().name("SG").element(Element.S).autoDockType("SA").position(new Point3D(6+shift,0,0)).build())));
                                                   ^
  symbol:   method builder()
  location: class Atom
/private/tmp/athena-r02-504c3674f/source/software/modules/daedalus/src/test/java/totah/lab/daedalus/system/SystemQualificationAcceptanceTest.java:30: error: cannot find symbol
        atoms.add(new Residue("GLY",92,List.of(Atom.builder().name("CA").element(Element.C).autoDockType("C").position(new Point3D(9+shift,0,0)).build())));
                                                   ^
  symbol:   method builder()
  location: class Atom
/private/tmp/athena-r02-504c3674f/source/software/modules/daedalus/src/test/java/totah/lab/daedalus/system/SystemQualificationAcceptanceTest.java:31: error: cannot find symbol
        atoms.add(new Residue("HOH",95,List.of(Atom.builder().name("H1").element(Element.H).autoDockType("HD").position(new Point3D(0,0,1)).build())));
                                                   ^
  symbol:   method builder()
  location: class Atom
/private/tmp/athena-r02-504c3674f/source/software/modules/daedalus/src/test/java/totah/lab/daedalus/system/SystemQualificationAcceptanceTest.java:80: error: cannot find symbol
            if(a.getValue().isHeavyAtom()&&b.getValue().isHeavyAtom()&&a.getValue().getPosition().distance(b.getValue().getPosition())<=6)
                                                                                   ^
  symbol:   method getPosition()
  location: class Atom
/private/tmp/athena-r02-504c3674f/source/software/modules/daedalus/src/test/java/totah/lab/daedalus/system/SystemQualificationAcceptanceTest.java:80: error: cannot find symbol
            if(a.getValue().isHeavyAtom()&&b.getValue().isHeavyAtom()&&a.getValue().getPosition().distance(b.getValue().getPosition())<=6)
                                                                                                                       ^
  symbol:   method getPosition()
  location: class Atom
/private/tmp/athena-r02-504c3674f/source/software/modules/daedalus/src/test/java/totah/lab/daedalus/system/RuleRegistryAcceptanceTest.java:25: error: cannot find symbol
        var n=Atom.builder().name("N").element(Element.N).autoDockType("N").position(new Point3D(0,0,0)).build();
                  ^
  symbol:   method builder()
  location: class Atom
/private/tmp/athena-r02-504c3674f/source/software/modules/daedalus/src/test/java/totah/lab/daedalus/system/RuleRegistryAcceptanceTest.java:26: error: cannot find symbol
        var h=Atom.builder().name("H").element(Element.H).autoDockType("HD").position(new Point3D(1,0,0)).build();
                  ^
  symbol:   method builder()
  location: class Atom
/private/tmp/athena-r02-504c3674f/source/software/modules/daedalus/src/test/java/totah/lab/daedalus/system/RuleRegistryAcceptanceTest.java:27: error: cannot find symbol
        var o=Atom.builder().name("O").element(Element.O).autoDockType("OA").position(new Point3D(3.8,0,0)).build();
                  ^
  symbol:   method builder()
  location: class Atom
/private/tmp/athena-r02-504c3674f/source/software/modules/daedalus/src/test/java/totah/lab/daedalus/system/RuleRegistryAcceptanceTest.java:147: error: cannot find symbol
        var original=state(true);var oxygen=Atom.builder().name("O2").element(Element.O).autoDockType("OA").position(new Point3D(4,1,0)).build();
                                                ^
  symbol:   method builder()
  location: class Atom
/private/tmp/athena-r02-504c3674f/source/software/modules/daedalus/src/test/java/totah/lab/daedalus/system/RuleRegistryAcceptanceTest.java:148: error: cannot find symbol
        var residues=new ArrayList<>(original.graph().structure().getChains().getFirst().residues());
                                                                 ^
  symbol:   method getChains()
  location: class Structure
/private/tmp/athena-r02-504c3674f/source/software/modules/daedalus/src/test/java/totah/lab/daedalus/system/RuleRegistryAcceptanceTest.java:161: error: cannot find symbol
        var structure=new Structure(raw.graph().structure().getChains(),List.of(new Bond(atom(17,"SG"),atom(48,"SG"),BondOrder.SINGLE)),ConnectivityProvenance.EXPLICIT);
                                                           ^
  symbol:   method getChains()
  location: class Structure
/private/tmp/athena-r02-504c3674f/source/software/modules/daedalus/src/test/java/totah/lab/daedalus/system/RuleRegistryAcceptanceTest.java:188: error: cannot find symbol
        var s=new SystemStateView(original.identity(),ResidueGraph.from(new Structure(original.graph().structure().getChains())),List.of(),original.sources(),Set.of(),original.charges(),true,true,List.of());
                                                                                                                  ^
  symbol:   method getChains()
  location: class Structure
/private/tmp/athena-r02-504c3674f/source/software/modules/daedalus/src/test/java/totah/lab/daedalus/system/ContinuousGeometryAcceptanceTest.java:87: error: cannot find symbol
        var original=system(List.of(methanol()),true,false);var s=new SystemStateView(original.identity(),ResidueGraph.from(new Structure(original.graph().structure().getChains())),original.components(),original.sources(),original.cofactors(),original.charges(),true,true,original.limitations());var p=plan(s);group(p,"a",s.atoms().keySet().toArray(AtomReference[]::new));matrix(p,"PAIR_MATRIX","a","a");for(var row:value(run(s,p),0,"pairs"))assertEquals("UNKNOWN_INCONCLUSIVE",row.get("topologyStatus").asText());
                                                                                                                                                                      ^
  symbol:   method getChains()
  location: class Structure
/private/tmp/athena-r02-504c3674f/source/software/modules/daedalus/src/test/java/totah/lab/daedalus/system/ContinuousGeometryAcceptanceTest.java:123: error: cannot find symbol
        var residues=original.graph().structure().getChains().getFirst().residues();
                                                 ^
  symbol:   method getChains()
  location: class Structure
/private/tmp/athena-r02-504c3674f/source/software/modules/gaia/src/main/java/totah/lab/gaia/geometry/ResidueGeometry.java:26: error: cannot find symbol
        for (Atom firstAtom : first.getAtoms()) {
                                   ^
  symbol:   method getAtoms()
  location: variable first of type Residue
/private/tmp/athena-r02-504c3674f/source/software/modules/gaia/src/main/java/totah/lab/gaia/geometry/ResidueGeometry.java:30: error: cannot find symbol
            for (Atom secondAtom : second.getAtoms()) {
                                         ^
  symbol:   method getAtoms()
  location: variable second of type Residue
/private/tmp/athena-r02-504c3674f/source/software/modules/gaia/src/main/java/totah/lab/gaia/geometry/ResidueGeometry.java:36: error: cannot find symbol
                        firstAtom.getPosition().distanceSquared(
                                 ^
  symbol:   method getPosition()
  location: variable firstAtom of type Atom
/private/tmp/athena-r02-504c3674f/source/software/modules/gaia/src/main/java/totah/lab/gaia/geometry/ResidueGeometry.java:37: error: cannot find symbol
                                secondAtom.getPosition()));
                                          ^
  symbol:   method getPosition()
  location: variable secondAtom of type Atom
/private/tmp/athena-r02-504c3674f/source/software/modules/gaia/src/main/java/totah/lab/gaia/geometry/ResidueGeometry.java:70: error: cannot find symbol
        for (Atom atom : residue.getAtoms()) {
                                ^
  symbol:   method getAtoms()
  location: variable residue of type Residue
/private/tmp/athena-r02-504c3674f/source/software/modules/gaia/src/main/java/totah/lab/gaia/geometry/ResidueGeometry.java:74: error: cannot find symbol
            Point3D position = atom.getPosition();
                                   ^
  symbol:   method getPosition()
  location: variable atom of type Atom
/private/tmp/athena-r02-504c3674f/source/software/modules/athena/src/main/java/totah/lab/athena/system/rules/RuleAnalyzers.java:83: error: cannot find symbol
                payload.put("atoms",r.atoms());payload.put("distanceAngstrom",s.atoms().get(r.atoms().get(0)).getPosition().distance(s.atoms().get(r.atoms().get(1)).getPosition()));
                                                                                                             ^
  symbol:   method getPosition()
  location: class Atom
/private/tmp/athena-r02-504c3674f/source/software/modules/athena/src/main/java/totah/lab/athena/system/rules/RuleAnalyzers.java:83: error: cannot find symbol
                payload.put("atoms",r.atoms());payload.put("distanceAngstrom",s.atoms().get(r.atoms().get(0)).getPosition().distance(s.atoms().get(r.atoms().get(1)).getPosition()));
                                                                                                                                                                    ^
  symbol:   method getPosition()
  location: class Atom
/private/tmp/athena-r02-504c3674f/source/software/modules/athena/src/main/java/totah/lab/athena/system/rules/RuleAnalyzers.java:91: error: cannot find symbol
                complete=s.atoms().values().stream().allMatch(a->a.getElement()!=null);
                                                                  ^
  symbol:   method getElement()
  location: variable a of type Atom
/private/tmp/athena-r02-504c3674f/source/software/modules/athena/src/main/java/totah/lab/athena/system/rules/RuleAnalyzers.java:164: error: cannot find symbol
        for(var ref:r.atoms())if(s.atoms().get(ref)==null||s.atoms().get(ref).getElement()!=totah.lab.gaia.chemistry.Element.S)throw new IllegalArgumentException("missing/non-sulfur subject");
                                                                             ^
  symbol:   method getElement()
  location: class Atom
/private/tmp/athena-r02-504c3674f/source/software/modules/athena/src/main/java/totah/lab/athena/system/rules/RuleAnalyzers.java:165: error: cannot find symbol
        var out=new TreeMap<String,Object>();out.put("subjects",r.atoms());out.put("SG_SG_distanceAngstrom",s.atoms().get(a).getPosition().distance(s.atoms().get(b).getPosition()));
                                                                                                                            ^
  symbol:   method getPosition()
  location: class Atom
/private/tmp/athena-r02-504c3674f/source/software/modules/athena/src/main/java/totah/lab/athena/system/rules/RuleAnalyzers.java:165: error: cannot find symbol
        var out=new TreeMap<String,Object>();out.put("subjects",r.atoms());out.put("SG_SG_distanceAngstrom",s.atoms().get(a).getPosition().distance(s.atoms().get(b).getPosition()));
                                                                                                                                                                    ^
  symbol:   method getPosition()
  location: class Atom
/private/tmp/athena-r02-504c3674f/source/software/modules/athena/src/main/java/totah/lab/athena/system/rules/RuleAnalyzers.java:167: error: cannot find symbol
        var provenance=s.graph().structure().getConnectivityMetadata().provenance();
                                            ^
  symbol:   method getConnectivityMetadata()
  location: class Structure
/private/tmp/athena-r02-504c3674f/source/software/modules/athena/src/main/java/totah/lab/athena/system/rules/RuleAnalyzers.java:168: error: cannot find symbol
        out.put("bondState",provenance==ConnectivityProvenance.EXPLICIT?(bond?"PRESENT":"ABSENT"):"UNKNOWN");out.put("sourceBondListed",bond);out.put("connectivity",s.graph().structure().getConnectivityMetadata());
                                                                                                                                                                                          ^
  symbol:   method getConnectivityMetadata()
  location: class Structure
/private/tmp/athena-r02-504c3674f/source/software/modules/athena/src/main/java/totah/lab/athena/system/rules/RuleAnalyzers.java:173: error: cannot find symbol
            var chain=s.graph().structure().getChains().stream().filter(c->c.id().equals(ref.chainId())).findFirst().orElseThrow();
                                           ^
  symbol:   method getChains()
  location: class Structure
/private/tmp/athena-r02-504c3674f/source/software/modules/athena/src/main/java/totah/lab/athena/system/rules/RuleAnalyzers.java:182: error: cannot find symbol
    private static AtomReference anchor(String c,Residue r){return new AtomReference(c,r.getNumber(),r.getInsertionCode()==null?' ':r.getInsertionCode(),"N");}
                                                                                        ^
  symbol:   method getNumber()
  location: variable r of type Residue
/private/tmp/athena-r02-504c3674f/source/software/modules/athena/src/main/java/totah/lab/athena/system/rules/RuleAnalyzers.java:182: error: cannot find symbol
    private static AtomReference anchor(String c,Residue r){return new AtomReference(c,r.getNumber(),r.getInsertionCode()==null?' ':r.getInsertionCode(),"N");}
                                                                                                      ^
  symbol:   method getInsertionCode()
  location: variable r of type Residue
/private/tmp/athena-r02-504c3674f/source/software/modules/athena/src/main/java/totah/lab/athena/system/rules/RuleAnalyzers.java:182: error: cannot find symbol
    private static AtomReference anchor(String c,Residue r){return new AtomReference(c,r.getNumber(),r.getInsertionCode()==null?' ':r.getInsertionCode(),"N");}
                                                                                                                                     ^
  symbol:   method getInsertionCode()
  location: variable r of type Residue
/private/tmp/athena-r02-504c3674f/source/software/modules/athena/src/main/java/totah/lab/athena/system/rules/RuleAnalyzers.java:186: error: cannot find symbol
        try {out.put(key,Map.of("atoms",List.of(refs),"value",Math.toDegrees(Dihedral.measureRadians(s.atoms().get(refs[0]).getPosition(),s.atoms().get(refs[1]).getPosition(),s.atoms().get(refs[2]).getPosition(),s.atoms().get(refs[3]).getPosition()))));}
                                                                                                                           ^
  symbol:   method getPosition()
  location: class Atom
/private/tmp/athena-r02-504c3674f/source/software/modules/athena/src/main/java/totah/lab/athena/system/rules/RuleAnalyzers.java:186: error: cannot find symbol
        try {out.put(key,Map.of("atoms",List.of(refs),"value",Math.toDegrees(Dihedral.measureRadians(s.atoms().get(refs[0]).getPosition(),s.atoms().get(refs[1]).getPosition(),s.atoms().get(refs[2]).getPosition(),s.atoms().get(refs[3]).getPosition()))));}
                                                                                                                                                                ^
  symbol:   method getPosition()
  location: class Atom
/private/tmp/athena-r02-504c3674f/source/software/modules/athena/src/main/java/totah/lab/athena/system/rules/RuleAnalyzers.java:186: error: cannot find symbol
        try {out.put(key,Map.of("atoms",List.of(refs),"value",Math.toDegrees(Dihedral.measureRadians(s.atoms().get(refs[0]).getPosition(),s.atoms().get(refs[1]).getPosition(),s.atoms().get(refs[2]).getPosition(),s.atoms().get(refs[3]).getPosition()))));}
                                                                                                                                                                                                     ^
  symbol:   method getPosition()
  location: class Atom
/private/tmp/athena-r02-504c3674f/source/software/modules/athena/src/main/java/totah/lab/athena/system/rules/RuleAnalyzers.java:186: error: cannot find symbol
        try {out.put(key,Map.of("atoms",List.of(refs),"value",Math.toDegrees(Dihedral.measureRadians(s.atoms().get(refs[0]).getPosition(),s.atoms().get(refs[1]).getPosition(),s.atoms().get(refs[2]).getPosition(),s.atoms().get(refs[3]).getPosition()))));}
                                                                                                                                                                                                                                          ^
  symbol:   method getPosition()
  location: class Atom
/private/tmp/athena-r02-504c3674f/source/software/modules/athena/src/main/java/totah/lab/athena/clash/StericClashAnalysis.java:292: error: cannot find symbol
        for (Chain chain : structure.getChains()) {
                                    ^
  symbol:   method getChains()
  location: variable structure of type Structure
/private/tmp/athena-r02-504c3674f/source/software/modules/athena/src/main/java/totah/lab/athena/clash/StericClashAnalysis.java:300: error: cannot find symbol
                char insertionCode = residue.getInsertionCode() == null
                                            ^
  symbol:   method getInsertionCode()
  location: variable residue of type Residue
/private/tmp/athena-r02-504c3674f/source/software/modules/athena/src/main/java/totah/lab/athena/clash/StericClashAnalysis.java:302: error: cannot find symbol
                        : residue.getInsertionCode();
                                 ^
  symbol:   method getInsertionCode()
  location: variable residue of type Residue
/private/tmp/athena-r02-504c3674f/source/software/modules/athena/src/main/java/totah/lab/athena/clash/StericClashAnalysis.java:304: error: cannot find symbol
                for (Atom atom : residue.getAtoms()) {
                                        ^
  symbol:   method getAtoms()
  location: variable residue of type Residue
/private/tmp/athena-r02-504c3674f/source/software/modules/athena/src/main/java/totah/lab/athena/clash/StericClashAnalysis.java:311: error: cannot find symbol
                            residue.getNumber(),
                                   ^
  symbol:   method getNumber()
  location: variable residue of type Residue
/private/tmp/athena-r02-504c3674f/source/software/modules/athena/src/main/java/totah/lab/athena/clash/StericClashAnalysis.java:313: error: cannot find symbol
                            atom.getName());
                                ^
  symbol:   method getName()
  location: variable atom of type Atom
Note: Some input files use or override a deprecated API.
Note: Recompile with -Xlint:deprecation for details.
100 errors
only showing the first 100 errors, of 297 total; use -Xmaxerrs if you would like to see more
