
Test run finished after 547 ms
[         4 containers found      ]
[         0 containers skipped    ]
[         4 containers started    ]
[         0 containers aborted    ]
[         4 containers successful ]
[         0 containers failed     ]
[        10 tests found           ]
[         0 tests skipped         ]
[        10 tests started         ]
[         0 tests aborted         ]
[         8 tests successful      ]
[         2 tests failed          ]


Failures (2):
  JUnit Jupiter:OclMatchedPairExtractorTest:stereoAtCutRetainsExactToolkitMembership(String):[1] N[C@@H](C)c1ccccc1
    MethodSource [className = 'totah.lab.athena.design.backend.ocl.OclMatchedPairExtractorTest', methodName = 'stereoAtCutRetainsExactToolkitMembership', methodParameterTypes = 'java.lang.String']
    => org.opentest4j.AssertionFailedError: expected: <[gChHDGEIjiDGzRAq@>>gChHDGEIjiHGzRAq@]> but was: <[]>
       org.junit.jupiter.api.AssertionFailureBuilder.build(AssertionFailureBuilder.java:151)
       org.junit.jupiter.api.AssertionFailureBuilder.buildAndThrow(AssertionFailureBuilder.java:132)
       org.junit.jupiter.api.AssertEquals.failNotEqual(AssertEquals.java:197)
       org.junit.jupiter.api.AssertEquals.assertEquals(AssertEquals.java:182)
       org.junit.jupiter.api.AssertEquals.assertEquals(AssertEquals.java:177)
       org.junit.jupiter.api.Assertions.assertEquals(Assertions.java:1145)
       totah.lab.athena.design.backend.ocl.OclMatchedPairExtractorTest.stereoAtCutRetainsExactToolkitMembership(OclMatchedPairExtractorTest.java:57)
       java.base/java.lang.reflect.Method.invoke(Method.java:580)
       java.base/java.util.stream.ForEachOps$ForEachOp$OfRef.accept(ForEachOps.java:184)
       java.base/java.util.stream.ReferencePipeline$3$1.accept(ReferencePipeline.java:197)
       [...]
  JUnit Jupiter:OclMatchedPairExtractorTest:stereoAtCutRetainsExactToolkitMembership(String):[2] N[C@H](C)c1ccccc1
    MethodSource [className = 'totah.lab.athena.design.backend.ocl.OclMatchedPairExtractorTest', methodName = 'stereoAtCutRetainsExactToolkitMembership', methodParameterTypes = 'java.lang.String']
    => org.opentest4j.AssertionFailedError: expected: <[gChHDGEIjiDGzRAq@>>gChHDGEIjiHGzRAq@]> but was: <[]>
       org.junit.jupiter.api.AssertionFailureBuilder.build(AssertionFailureBuilder.java:151)
       org.junit.jupiter.api.AssertionFailureBuilder.buildAndThrow(AssertionFailureBuilder.java:132)
       org.junit.jupiter.api.AssertEquals.failNotEqual(AssertEquals.java:197)
       org.junit.jupiter.api.AssertEquals.assertEquals(AssertEquals.java:182)
       org.junit.jupiter.api.AssertEquals.assertEquals(AssertEquals.java:177)
       org.junit.jupiter.api.Assertions.assertEquals(Assertions.java:1145)
       totah.lab.athena.design.backend.ocl.OclMatchedPairExtractorTest.stereoAtCutRetainsExactToolkitMembership(OclMatchedPairExtractorTest.java:57)
       java.base/java.lang.reflect.Method.invoke(Method.java:580)
       java.base/java.util.stream.ForEachOps$ForEachOp$OfRef.accept(ForEachOps.java:184)
       java.base/java.util.stream.ReferencePipeline$3$1.accept(ReferencePipeline.java:197)
       [...]
