
Test run finished after 249 ms
[         3 containers found      ]
[         0 containers skipped    ]
[         3 containers started    ]
[         0 containers aborted    ]
[         3 containers successful ]
[         0 containers failed     ]
[         7 tests found           ]
[         0 tests skipped         ]
[         7 tests started         ]
[         0 tests aborted         ]
[         5 tests successful      ]
[         2 tests failed          ]


Failures (2):
  JUnit Jupiter:OclMatchedPairExtractorTest:stereoAtCutRetainsExactToolkitMembership(String):[1] N[C@@H](C)c1ccccc1
    MethodSource [className = 'totah.lab.athena.design.backend.ocl.OclMatchedPairExtractorTest', methodName = 'stereoAtCutRetainsExactToolkitMembership', methodParameterTypes = 'java.lang.String']
    => org.opentest4j.AssertionFailedError: [Issue[source=stereo, reason=SOURCE_REJECTED:FRAGMENT_MEMBERSHIP_UNPROVEN]] ==> expected: <true> but was: <false>
       org.junit.jupiter.api.AssertionFailureBuilder.build(AssertionFailureBuilder.java:151)
       org.junit.jupiter.api.AssertionFailureBuilder.buildAndThrow(AssertionFailureBuilder.java:132)
       org.junit.jupiter.api.AssertTrue.failNotTrue(AssertTrue.java:63)
       org.junit.jupiter.api.AssertTrue.assertTrue(AssertTrue.java:36)
       org.junit.jupiter.api.Assertions.assertTrue(Assertions.java:214)
       totah.lab.athena.design.backend.ocl.OclMatchedPairExtractorTest.stereoAtCutRetainsExactToolkitMembership(OclMatchedPairExtractorTest.java:27)
       java.base/java.lang.reflect.Method.invoke(Method.java:580)
       java.base/java.util.stream.ForEachOps$ForEachOp$OfRef.accept(ForEachOps.java:184)
       java.base/java.util.stream.ReferencePipeline$3$1.accept(ReferencePipeline.java:197)
       java.base/java.util.stream.ReferencePipeline$2$1.accept(ReferencePipeline.java:179)
       [...]
  JUnit Jupiter:OclMatchedPairExtractorTest:stereoAtCutRetainsExactToolkitMembership(String):[2] N[C@H](C)c1ccccc1
    MethodSource [className = 'totah.lab.athena.design.backend.ocl.OclMatchedPairExtractorTest', methodName = 'stereoAtCutRetainsExactToolkitMembership', methodParameterTypes = 'java.lang.String']
    => org.opentest4j.AssertionFailedError: [Issue[source=stereo, reason=SOURCE_REJECTED:FRAGMENT_MEMBERSHIP_UNPROVEN]] ==> expected: <true> but was: <false>
       org.junit.jupiter.api.AssertionFailureBuilder.build(AssertionFailureBuilder.java:151)
       org.junit.jupiter.api.AssertionFailureBuilder.buildAndThrow(AssertionFailureBuilder.java:132)
       org.junit.jupiter.api.AssertTrue.failNotTrue(AssertTrue.java:63)
       org.junit.jupiter.api.AssertTrue.assertTrue(AssertTrue.java:36)
       org.junit.jupiter.api.Assertions.assertTrue(Assertions.java:214)
       totah.lab.athena.design.backend.ocl.OclMatchedPairExtractorTest.stereoAtCutRetainsExactToolkitMembership(OclMatchedPairExtractorTest.java:27)
       java.base/java.lang.reflect.Method.invoke(Method.java:580)
       java.base/java.util.stream.ForEachOps$ForEachOp$OfRef.accept(ForEachOps.java:184)
       java.base/java.util.stream.ReferencePipeline$3$1.accept(ReferencePipeline.java:197)
       java.base/java.util.stream.ReferencePipeline$2$1.accept(ReferencePipeline.java:179)
       [...]
