
Thanks for using JUnit! Support its development at https://junit.org/sponsoring


Failures (1):
  JUnit Jupiter:EventIntegrityAcceptanceTest:displayStringCollisionCannotDropExplicitInput()
    MethodSource [className = 'totah.lab.daedalus.system.EventIntegrityAcceptanceTest', methodName = 'displayStringCollisionCannotDropExplicitInput', methodParameterTypes = '']
    => org.opentest4j.AssertionFailedError: expected: <true> but was: <false>
       org.junit.jupiter.api.AssertionFailureBuilder.build(AssertionFailureBuilder.java:151)
       org.junit.jupiter.api.AssertionFailureBuilder.buildAndThrow(AssertionFailureBuilder.java:132)
       org.junit.jupiter.api.AssertTrue.failNotTrue(AssertTrue.java:63)
       org.junit.jupiter.api.AssertTrue.assertTrue(AssertTrue.java:36)
       org.junit.jupiter.api.AssertTrue.assertTrue(AssertTrue.java:31)
       org.junit.jupiter.api.Assertions.assertTrue(Assertions.java:183)
       totah.lab.daedalus.system.EventIntegrityAcceptanceTest.displayStringCollisionCannotDropExplicitInput(EventIntegrityAcceptanceTest.java:63)
       java.base/java.lang.reflect.Method.invoke(Method.java:580)
       java.base/java.util.ArrayList.forEach(ArrayList.java:1596)
       java.base/java.util.ArrayList.forEach(ArrayList.java:1596)

Test run finished after 308 ms
[         4 containers found      ]
[         0 containers skipped    ]
[         4 containers started    ]
[         0 containers aborted    ]
[         4 containers successful ]
[         0 containers failed     ]
[         1 tests found           ]
[         0 tests skipped         ]
[         1 tests started         ]
[         0 tests aborted         ]
[         0 tests successful      ]
[         1 tests failed          ]

