
Thanks for using JUnit! Support its development at https://junit.org/sponsoring


Failures (1):
  JUnit Jupiter:ZnSourceFeatureAcceptanceTest:enumerationBudgetDoesNotInventExhaustiveCount()
    MethodSource [className = 'totah.lab.daedalus.system.ZnSourceFeatureAcceptanceTest', methodName = 'enumerationBudgetDoesNotInventExhaustiveCount', methodParameterTypes = '']
    => java.lang.IllegalArgumentException: inconsistent/tampered group report
       totah.lab.athena.system.rules.FunctionalGroupRules$1.analyze(FunctionalGroupRules.java:90)
       totah.lab.athena.system.rules.HbondCandidateSources.<init>(HbondCandidateSources.java:38)
       totah.lab.athena.system.rules.ZnSourceFeatureRules$1.analyze(ZnSourceFeatureRules.java:30)
       totah.lab.daedalus.system.ZnSourceFeatureAcceptanceTest.evaluate(ZnSourceFeatureAcceptanceTest.java:51)
       totah.lab.daedalus.system.ZnSourceFeatureAcceptanceTest.enumerationBudgetDoesNotInventExhaustiveCount(ZnSourceFeatureAcceptanceTest.java:72)
       java.base/java.lang.reflect.Method.invoke(Method.java:580)
       java.base/java.util.ArrayList.forEach(ArrayList.java:1596)
       java.base/java.util.ArrayList.forEach(ArrayList.java:1596)

Test run finished after 66675 ms
[         9 containers found      ]
[         0 containers skipped    ]
[         9 containers started    ]
[         0 containers aborted    ]
[         9 containers successful ]
[         0 containers failed     ]
[        65 tests found           ]
[         0 tests skipped         ]
[        65 tests started         ]
[         0 tests aborted         ]
[        64 tests successful      ]
[         1 tests failed          ]

