
Thanks for using JUnit! Support its development at https://junit.org/sponsoring


Failures (1):
  JUnit Jupiter:ZnSourceFeatureAcceptanceTest:enumerationBudgetDoesNotInventExhaustiveCount()
    MethodSource [className = 'totah.lab.daedalus.system.ZnSourceFeatureAcceptanceTest', methodName = 'enumerationBudgetDoesNotInventExhaustiveCount', methodParameterTypes = '']
    => com.fasterxml.jackson.databind.exc.InvalidDefinitionException: Java 8 date/time type `java.time.Instant` not supported by default: add Module "com.fasterxml.jackson.datatype:jackson-datatype-jsr310" to enable handling
 at [Source: REDACTED (`StreamReadFeature.INCLUDE_SOURCE_IN_LOCATION` disabled); line: 1, column: 4267] (through reference chain: totah.lab.athena.system.SystemGraphCertificate["recordedAt"])
       com.fasterxml.jackson.databind.exc.InvalidDefinitionException.from(InvalidDefinitionException.java:67)
       com.fasterxml.jackson.databind.DeserializationContext.reportBadDefinition(DeserializationContext.java:1888)
       com.fasterxml.jackson.databind.deser.impl.UnsupportedTypeDeserializer.deserialize(UnsupportedTypeDeserializer.java:48)
       com.fasterxml.jackson.databind.deser.SettableBeanProperty.deserialize(SettableBeanProperty.java:543)
       com.fasterxml.jackson.databind.deser.BeanDeserializer._deserializeWithErrorWrapping(BeanDeserializer.java:585)
       com.fasterxml.jackson.databind.deser.BeanDeserializer._deserializeUsingPropertyBased(BeanDeserializer.java:447)
       com.fasterxml.jackson.databind.deser.BeanDeserializerBase.deserializeFromObjectUsingNonDefault(BeanDeserializerBase.java:1497)
       com.fasterxml.jackson.databind.deser.BeanDeserializer.deserializeFromObject(BeanDeserializer.java:348)
       com.fasterxml.jackson.databind.deser.BeanDeserializer.deserialize(BeanDeserializer.java:185)
       com.fasterxml.jackson.databind.deser.DefaultDeserializationContext.readRootValue(DefaultDeserializationContext.java:342)
       [...]

Test run finished after 66427 ms
[         9 containers found      ]
[         0 containers skipped    ]
[         9 containers started    ]
[         0 containers aborted    ]
[         9 containers successful ]
[         0 containers failed     ]
[        63 tests found           ]
[         0 tests skipped         ]
[        63 tests started         ]
[         0 tests aborted         ]
[        62 tests successful      ]
[         1 tests failed          ]

