AutoDock Vina v1.2.5-17-gda92a68
#################################################################
# If you used AutoDock Vina in your work, please cite:          #
#                                                               #
# J. Eberhardt, D. Santos-Martins, A. F. Tillack, and S. Forli  #
# AutoDock Vina 1.2.0: New Docking Methods, Expanded Force      #
# Field, and Python Bindings, J. Chem. Inf. Model. (2021)       #
# DOI 10.1021/acs.jcim.1c00203                                  #
#                                                               #
# O. Trott, A. J. Olson,                                        #
# AutoDock Vina: improving the speed and accuracy of docking    #
# with a new scoring function, efficient optimization and       #
# multithreading, J. Comp. Chem. (2010)                         #
# DOI 10.1002/jcc.21334                                         #
#                                                               #
# Please see https://github.com/ccsb-scripps/AutoDock-Vina for  #
# more information.                                             #
#################################################################

Scoring function : vina
Rigid receptor: /Users/yazan/totah-lab/research/mettl7-netarsudil-sam-mechanism/vina-matched/prepared/METTL7A_SAM_receptor.pdbqt
Ligand: /Users/yazan/totah-lab/research/mettl7-netarsudil-sam-mechanism/vina-matched/prepared/netarsudil_monocation.pdbqt
Grid center: X 2.844 Y -2.1 Z -4.211
Grid size  : X 25.334 Y 19.263 Z 23.923
Grid space : 0.375
Exhaustiveness: 32
CPU: 2
Verbosity: 1

Computing Vina grid ... done.
Performing docking (random seed: 806519) ... 
0%   10   20   30   40   50   60   70   80   90   100%
|----|----|----|----|----|----|----|----|----|----|
***************************************************

mode |   affinity | dist from best mode
     | (kcal/mol) | rmsd l.b.| rmsd u.b.
-----+------------+----------+----------
   1       -8.043          0          0
   2       -7.642      3.332      5.478
   3       -7.428      1.498      2.028
   4       -7.415      2.432      3.439
   5       -7.212      2.798      4.256
   6        -6.94      3.159      9.853
   7       -6.884      3.458      8.933
   8       -6.445      3.426      10.33
   9        -6.44      3.231      9.259
  10       -6.403      3.217      5.013
  11        -6.34      2.393      4.143
  12       -6.171      2.804      4.704
  13        -6.15      7.103      9.805
  14       -6.116      4.772      8.962
  15       -5.948      3.169      4.985
  16       -5.893      3.573      5.051
  17       -5.833      3.081      5.073
  18       -5.788      4.491      8.524
  19       -5.692      3.643      9.571
  20       -5.685      4.287      9.424
