AutoDock Vina v1.2.5-17-gda92a68
#################################################################
# If you used AutoDock Vina in your work, please cite:          #
#                                                               #
# J. Eberhardt, D. Santos-Martins, A. F. Tillack, and S. Forli  #
# AutoDock Vina 1.2.0: New Docking Methods, Expanded Force      #
# Field, and Python Bindings, J. Chem. Inf. Model. (2021)       #
# DOI 10.1021/acs.jcim.1c00203                                  #
#                                                               #
# O. Trott, A. J. Olson,                                        #
# AutoDock Vina: improving the speed and accuracy of docking    #
# with a new scoring function, efficient optimization and       #
# multithreading, J. Comp. Chem. (2010)                         #
# DOI 10.1002/jcc.21334                                         #
#                                                               #
# Please see https://github.com/ccsb-scripps/AutoDock-Vina for  #
# more information.                                             #
#################################################################

Scoring function : vina
Rigid receptor: /Users/yazan/totah-lab/research/mettl7-netarsudil-sam-mechanism/vina-matched/prepared/METTL7A_SAM_receptor.pdbqt
Ligand: /Users/yazan/totah-lab/research/mettl7-netarsudil-sam-mechanism/vina-matched/prepared/netarsudil_neutral.pdbqt
Grid center: X 2.844 Y -2.1 Z -4.211
Grid size  : X 25.334 Y 19.263 Z 23.923
Grid space : 0.375
Exhaustiveness: 32
CPU: 2
Verbosity: 1

Computing Vina grid ... done.
Performing docking (random seed: 172904) ... 
0%   10   20   30   40   50   60   70   80   90   100%
|----|----|----|----|----|----|----|----|----|----|
***************************************************

mode |   affinity | dist from best mode
     | (kcal/mol) | rmsd l.b.| rmsd u.b.
-----+------------+----------+----------
   1       -7.953          0          0
   2        -7.53      3.318      5.513
   3       -7.499      2.312      3.285
   4       -7.149      1.821      2.683
   5       -7.133      3.029      4.461
   6       -6.352      3.215      5.215
   7       -6.322      2.911      4.941
   8       -6.315      3.138      9.966
   9       -6.307      2.183      3.741
  10       -6.198      3.517      9.527
  11       -6.184      3.314      9.187
  12       -6.177      3.526      10.27
  13       -6.046      4.047      8.679
  14        -6.02      3.768      9.267
  15       -5.941      4.128      6.424
  16       -5.798      1.773      2.378
  17       -5.776      2.707      3.466
  18       -5.671      3.782      8.906
  19       -5.634      2.968          5
  20       -5.606      3.468      5.125
