AutoDock Vina v1.2.5-17-gda92a68
#################################################################
# If you used AutoDock Vina in your work, please cite:          #
#                                                               #
# J. Eberhardt, D. Santos-Martins, A. F. Tillack, and S. Forli  #
# AutoDock Vina 1.2.0: New Docking Methods, Expanded Force      #
# Field, and Python Bindings, J. Chem. Inf. Model. (2021)       #
# DOI 10.1021/acs.jcim.1c00203                                  #
#                                                               #
# O. Trott, A. J. Olson,                                        #
# AutoDock Vina: improving the speed and accuracy of docking    #
# with a new scoring function, efficient optimization and       #
# multithreading, J. Comp. Chem. (2010)                         #
# DOI 10.1002/jcc.21334                                         #
#                                                               #
# Please see https://github.com/ccsb-scripps/AutoDock-Vina for  #
# more information.                                             #
#################################################################

Scoring function : vina
Rigid receptor: /Users/yazan/totah-lab/research/mettl7-netarsudil-sam-mechanism/vina-matched/prepared/METTL7A_SAM_receptor.pdbqt
Ligand: /Users/yazan/totah-lab/research/mettl7-netarsudil-sam-mechanism/vina-matched/prepared/netarsudil_neutral.pdbqt
Grid center: X 2.844 Y -2.1 Z -4.211
Grid size  : X 25.334 Y 19.263 Z 23.923
Grid space : 0.375
Exhaustiveness: 32
CPU: 2
Verbosity: 1

Computing Vina grid ... done.
Performing docking (random seed: 483271) ... 
0%   10   20   30   40   50   60   70   80   90   100%
|----|----|----|----|----|----|----|----|----|----|
***************************************************

mode |   affinity | dist from best mode
     | (kcal/mol) | rmsd l.b.| rmsd u.b.
-----+------------+----------+----------
   1       -7.805          0          0
   2       -7.444        3.3      5.199
   3       -7.316      3.204      4.209
   4       -7.242      1.565       2.26
   5       -7.223      1.098      2.245
   6       -7.194      1.921      2.706
   7       -7.041      3.962       5.75
   8       -7.039      3.435      6.068
   9       -7.004      2.108      3.509
  10       -6.699      3.521      5.318
  11       -6.696      3.065      9.972
  12       -6.641      3.413      9.192
  13       -6.548       4.16      6.608
  14       -6.386      2.936      10.06
  15       -6.301      2.826      4.714
  16       -6.175      3.251      9.472
  17       -6.121      2.216      3.802
  18       -6.119       2.78      4.683
  19       -6.113      3.811      5.602
  20       -6.089       3.38      9.193
