AutoDock Vina v1.2.5-17-gda92a68
#################################################################
# If you used AutoDock Vina in your work, please cite:          #
#                                                               #
# J. Eberhardt, D. Santos-Martins, A. F. Tillack, and S. Forli  #
# AutoDock Vina 1.2.0: New Docking Methods, Expanded Force      #
# Field, and Python Bindings, J. Chem. Inf. Model. (2021)       #
# DOI 10.1021/acs.jcim.1c00203                                  #
#                                                               #
# O. Trott, A. J. Olson,                                        #
# AutoDock Vina: improving the speed and accuracy of docking    #
# with a new scoring function, efficient optimization and       #
# multithreading, J. Comp. Chem. (2010)                         #
# DOI 10.1002/jcc.21334                                         #
#                                                               #
# Please see https://github.com/ccsb-scripps/AutoDock-Vina for  #
# more information.                                             #
#################################################################

Scoring function : vina
Rigid receptor: /Users/yazan/totah-lab/research/mettl7-netarsudil-sam-mechanism/vina-matched/prepared/METTL7B_SAM_receptor.pdbqt
Ligand: /Users/yazan/totah-lab/research/mettl7-netarsudil-sam-mechanism/vina-matched/prepared/netarsudil_monocation.pdbqt
Grid center: X 2.844 Y -2.1 Z -4.211
Grid size  : X 25.334 Y 19.263 Z 23.923
Grid space : 0.375
Exhaustiveness: 32
CPU: 2
Verbosity: 1

Computing Vina grid ... done.
Performing docking (random seed: 483271) ... 
0%   10   20   30   40   50   60   70   80   90   100%
|----|----|----|----|----|----|----|----|----|----|
***************************************************

mode |   affinity | dist from best mode
     | (kcal/mol) | rmsd l.b.| rmsd u.b.
-----+------------+----------+----------
   1       -7.459          0          0
   2       -7.394     0.4089      1.265
   3       -7.343      3.521      10.88
   4       -7.335      2.844      11.11
   5       -7.254      2.156      3.158
   6       -7.179      1.858      2.853
   7       -7.107      1.477      2.122
   8       -7.068      3.224       11.1
   9       -7.036      3.736      10.99
  10       -7.007      3.261       11.4
  11         -6.9       1.34      2.244
  12       -6.894      6.212      9.242
  13       -6.864      3.254      11.49
  14       -6.796       3.04      11.21
  15       -6.708      3.329      5.986
  16       -6.662      2.437      3.321
  17       -6.656       3.85      7.162
  18       -6.637       3.06      11.21
  19       -6.523      3.574      10.99
  20        -6.52      4.944      10.22
