AutoDock Vina v1.2.5-17-gda92a68
#################################################################
# If you used AutoDock Vina in your work, please cite:          #
#                                                               #
# J. Eberhardt, D. Santos-Martins, A. F. Tillack, and S. Forli  #
# AutoDock Vina 1.2.0: New Docking Methods, Expanded Force      #
# Field, and Python Bindings, J. Chem. Inf. Model. (2021)       #
# DOI 10.1021/acs.jcim.1c00203                                  #
#                                                               #
# O. Trott, A. J. Olson,                                        #
# AutoDock Vina: improving the speed and accuracy of docking    #
# with a new scoring function, efficient optimization and       #
# multithreading, J. Comp. Chem. (2010)                         #
# DOI 10.1002/jcc.21334                                         #
#                                                               #
# Please see https://github.com/ccsb-scripps/AutoDock-Vina for  #
# more information.                                             #
#################################################################

Scoring function : vina
Rigid receptor: /Users/yazan/totah-lab/research/mettl7-netarsudil-sam-mechanism/vina-matched/prepared/METTL7B_SAM_receptor.pdbqt
Ligand: /Users/yazan/totah-lab/research/mettl7-netarsudil-sam-mechanism/vina-matched/prepared/netarsudil_neutral.pdbqt
Grid center: X 2.844 Y -2.1 Z -4.211
Grid size  : X 25.334 Y 19.263 Z 23.923
Grid space : 0.375
Exhaustiveness: 32
CPU: 2
Verbosity: 1

Computing Vina grid ... done.
Performing docking (random seed: 483271) ... 
0%   10   20   30   40   50   60   70   80   90   100%
|----|----|----|----|----|----|----|----|----|----|
***************************************************

mode |   affinity | dist from best mode
     | (kcal/mol) | rmsd l.b.| rmsd u.b.
-----+------------+----------+----------
   1       -7.555          0          0
   2       -7.432      2.031      2.961
   3       -7.375      3.961      10.96
   4       -7.367      3.554      10.89
   5       -7.304      1.596      2.322
   6       -7.298      3.912      11.14
   7       -7.278      1.843      2.844
   8       -7.273      3.163      11.16
   9       -7.245      3.389      11.01
  10       -7.228      3.337      11.42
  11       -7.145      7.044      9.206
  12       -7.105     0.9519      1.539
  13       -7.097      2.055      3.235
  14       -7.039      3.393      11.04
  15        -7.01      3.467      11.53
  16       -6.994      3.057      5.847
  17        -6.95      7.212      9.319
  18       -6.889      3.486      11.13
  19       -6.844      3.449      11.79
  20       -6.731      7.765      11.41
