
Thanks for using JUnit! Support its development at https://junit.org/sponsoring


Failures (1):
  JUnit Jupiter:B00ScientificMigrationTest:definitionsAndHistoricalBytesAreNotMigrated()
    MethodSource [className = 'totah.lab.daedalus.system.B00ScientificMigrationTest', methodName = 'definitionsAndHistoricalBytesAreNotMigrated', methodParameterTypes = '']
    => org.opentest4j.AssertionFailedError: expected: <1.0.0> but was: <1>
       org.junit.jupiter.api.AssertionFailureBuilder.build(AssertionFailureBuilder.java:151)
       org.junit.jupiter.api.AssertionFailureBuilder.buildAndThrow(AssertionFailureBuilder.java:132)
       org.junit.jupiter.api.AssertEquals.failNotEqual(AssertEquals.java:197)
       org.junit.jupiter.api.AssertEquals.assertEquals(AssertEquals.java:182)
       org.junit.jupiter.api.AssertEquals.assertEquals(AssertEquals.java:177)
       org.junit.jupiter.api.Assertions.assertEquals(Assertions.java:1145)
       totah.lab.daedalus.system.B00ScientificMigrationTest.definitionsAndHistoricalBytesAreNotMigrated(B00ScientificMigrationTest.java:34)
       java.base/java.lang.reflect.Method.invoke(Method.java:580)
       java.base/java.util.ArrayList.forEach(ArrayList.java:1596)
       java.base/java.util.ArrayList.forEach(ArrayList.java:1596)

Test run finished after 17858 ms
[         9 containers found      ]
[         0 containers skipped    ]
[         9 containers started    ]
[         0 containers aborted    ]
[         9 containers successful ]
[         0 containers failed     ]
[        37 tests found           ]
[         0 tests skipped         ]
[        37 tests started         ]
[         0 tests aborted         ]
[        36 tests successful      ]
[         1 tests failed          ]

