AutoDock Vina v1.2.5-17-gda92a68
#################################################################
# If you used AutoDock Vina in your work, please cite:          #
#                                                               #
# J. Eberhardt, D. Santos-Martins, A. F. Tillack, and S. Forli  #
# AutoDock Vina 1.2.0: New Docking Methods, Expanded Force      #
# Field, and Python Bindings, J. Chem. Inf. Model. (2021)       #
# DOI 10.1021/acs.jcim.1c00203                                  #
#                                                               #
# O. Trott, A. J. Olson,                                        #
# AutoDock Vina: improving the speed and accuracy of docking    #
# with a new scoring function, efficient optimization and       #
# multithreading, J. Comp. Chem. (2010)                         #
# DOI 10.1002/jcc.21334                                         #
#                                                               #
# Please see https://github.com/ccsb-scripps/AutoDock-Vina for  #
# more information.                                             #
#################################################################

Scoring function : vina
Rigid receptor: /Users/yazan/totah-lab/research/mettl7-netarsudil-sam-mechanism/local-architecture/prepared/7B_RECIP_196_199_C203N_rigid_with_SAM.pdbqt
Flex receptor: /Users/yazan/totah-lab/research/mettl7-netarsudil-sam-mechanism/local-architecture/prepared/7B_RECIP_196_199_C203N_flex.pdbqt
Ligand: /Users/yazan/totah-lab/research/mettl7-netarsudil-sam-mechanism/local-flexibility/prepared/netarsudil_neutral_start.pdbqt
Grid center: ligand center (autobox)
Grid size  : ligand size + 4 A in each dimension (autobox)
Grid space : 0.375
Exhaustiveness: 8
CPU: 1
Verbosity: 1

WARNING: Search space volume is greater than 27000 Angstrom^3 (See FAQ)
Computing Vina grid ... done.
Performing local search ... done.
Estimated Free Energy of Binding   : -6.650 (kcal/mol) [=(1)+(2)+(3)-(4)]
(1) Final Intermolecular Energy    : -8.122 (kcal/mol)
    Ligand - Receptor              : -4.291 (kcal/mol)
    Ligand - Flex side chains      : -3.831 (kcal/mol)
(2) Final Total Internal Energy    : -13.739 (kcal/mol)
    Ligand                         : -1.015 (kcal/mol)
    Flex   - Receptor              : -10.716 (kcal/mol)
    Flex   - Flex side chains      : -2.009 (kcal/mol)
(3) Torsional Free Energy          : 3.110 (kcal/mol)
(4) Unbound System's Energy        : -12.100 (kcal/mol)
