
Thanks for using JUnit! Support its development at https://junit.org/sponsoring

╷
├─ JUnit Platform Suite ✔
├─ JUnit Jupiter ✔
│  ├─ EventCoverageAcceptanceTest ✔
│  │  ├─ commonStateCooccurrenceExcludesAsymmetricMissingness() ✔
│  │  ├─ explicitRoutingNeverUsesInheritedOrUnselectedEvidence() ✔
│  │  ├─ duplicateEvidenceAndRepeatedSelectionsAreIdempotent() ✔
│  │  ├─ evidenceRoundtripAndInputImmutability(Path) ✔
│  │  ├─ alternativesRemainDistinctEvents() ✔
│  │  ├─ missingLegacyEntryRemainsUnknown() ✔
│  │  ├─ independentEnsemblesAreNotPairedByIndex() ✔
│  │  ├─ hashTamperingFailsClosed() ✔
│  │  ├─ conflictingObservationsRemainUnresolvedAndVisible() ✔
│  │  ├─ sixStatusesNeverCollapseIntoFalse(Status) ✔
│  │  │  ├─ [1] SUPPORTED_PRESENT ✔
│  │  │  ├─ [2] ABSENT_FALSE ✔
│  │  │  ├─ [3] NOT_EVALUATED ✔
│  │  │  ├─ [4] UNSUPPORTED ✔
│  │  │  ├─ [5] UNKNOWN_INCONCLUSIVE ✔
│  │  │  └─ [6] FAILED ✔
│  │  └─ absentRequiresBothEventAndProjectionCoverage() ✔
│  ├─ EventPathAcceptanceTest ✔
│  │  ├─ requestTraversalCapMakesNoPathInconclusive() ✔
│  │  ├─ duplicatedRecordsDoNotMultiplyDistinctEventCount() ✔
│  │  ├─ unpairedPreservesPartnerCoverage(String) ✔
│  │  │  ├─ [1] SUPPORTED_PRESENT ✔
│  │  │  ├─ [2] ABSENT_FALSE ✔
│  │  │  ├─ [3] FAILED ✔
│  │  │  └─ [4] MISSING ✔
│  │  ├─ unqualifiedPositiveCannotBecomeTypedPath() ✔
│  │  ├─ noPathRequiresCompleteCoverage() ✔
│  │  ├─ shorterExplicitScopeIsNotGlobalNoPath() ✔
│  │  ├─ directedCyclicEvidenceYieldsSimplePathsOnly() ✔
│  │  └─ separateDuplicateEventRecordsMergeContradictoryAssertions() ✔
│  └─ EventCurrentExecutionTest ✔
│     └─ governedExecutionPreservesInputsAndEvaluatesOnlyAfterGates(String) ✔
│        ├─ [1] valid ✘ [ScientificReference[kind=METHOD, namespace=daedalus.research, id=rule-qualification, version=1] [implementation checks missing/failed]] ==> expected: <1> but was: <0>
│        ├─ [2] inherited ✔
│        ├─ [3] missing-plan ✔
│        ├─ [4] stale ✔
│        ├─ [5] missing-artifact ✔
│        ├─ [6] bad-implementation ✔
│        ├─ [7] time-failure ✔
│        ├─ [8] hash ✔
│        ├─ [9] state ✔
│        └─ [10] configuration ✔
└─ JUnit Vintage ✔

Failures (1):
  JUnit Jupiter:EventCurrentExecutionTest:governedExecutionPreservesInputsAndEvaluatesOnlyAfterGates(String):[1] valid
    MethodSource [className = 'totah.lab.daedalus.system.EventCurrentExecutionTest', methodName = 'governedExecutionPreservesInputsAndEvaluatesOnlyAfterGates', methodParameterTypes = 'java.lang.String']
    => org.opentest4j.AssertionFailedError: [ScientificReference[kind=METHOD, namespace=daedalus.research, id=rule-qualification, version=1] [implementation checks missing/failed]] ==> expected: <1> but was: <0>
       org.junit.jupiter.api.AssertionFailureBuilder.build(AssertionFailureBuilder.java:151)
       org.junit.jupiter.api.AssertionFailureBuilder.buildAndThrow(AssertionFailureBuilder.java:132)
       org.junit.jupiter.api.AssertEquals.failNotEqual(AssertEquals.java:197)
       org.junit.jupiter.api.AssertEquals.assertEquals(AssertEquals.java:156)
       org.junit.jupiter.api.Assertions.assertEquals(Assertions.java:598)
       totah.lab.daedalus.system.EventCurrentExecutionTest.governedExecutionPreservesInputsAndEvaluatesOnlyAfterGates(EventCurrentExecutionTest.java:43)
       java.base/java.lang.reflect.Method.invoke(Method.java:580)
       java.base/java.util.stream.ForEachOps$ForEachOp$OfRef.accept(ForEachOps.java:184)
       java.base/java.util.stream.ReferencePipeline$3$1.accept(ReferencePipeline.java:197)
       java.base/java.util.stream.ReferencePipeline$2$1.accept(ReferencePipeline.java:179)
       [...]

Test run finished after 31574 ms
[         9 containers found      ]
[         0 containers skipped    ]
[         9 containers started    ]
[         0 containers aborted    ]
[         9 containers successful ]
[         0 containers failed     ]
[        37 tests found           ]
[         0 tests skipped         ]
[        37 tests started         ]
[         0 tests aborted         ]
[        36 tests successful      ]
[         1 tests failed          ]

