
Thanks for using JUnit! Support its development at https://junit.org/sponsoring


Failures (5):
  JUnit Jupiter:AcylSulfonylChlorideCandidateTest:exactMembershipAndContextRemainSeparate(boolean):[2] true
    MethodSource [className = 'totah.lab.daedalus.system.AcylSulfonylChlorideCandidateTest', methodName = 'exactMembershipAndContextRemainSeparate', methodParameterTypes = 'boolean']
    => java.io.IOException: invalid rule manifest
       totah.lab.athena.system.rules.RuleRegistry.decode(RuleRegistry.java:40)
       totah.lab.daedalus.system.AcylSulfonylChlorideCandidateTest.candidate(AcylSulfonylChlorideCandidateTest.java:30)
       totah.lab.daedalus.system.AcylSulfonylChlorideCandidateTest.evaluate(AcylSulfonylChlorideCandidateTest.java:55)
       totah.lab.daedalus.system.AcylSulfonylChlorideCandidateTest.exactMembershipAndContextRemainSeparate(AcylSulfonylChlorideCandidateTest.java:62)
       java.base/java.lang.reflect.Method.invoke(Method.java:580)
       [...]
     Caused by: java.lang.IllegalArgumentException: invalid group definition
       totah.lab.athena.system.rules.FunctionalGroupRules.validate(FunctionalGroupRules.java:30)
       totah.lab.athena.system.rules.RuleRegistry.validate(RuleRegistry.java:97)
       totah.lab.athena.system.rules.RuleRegistry.decode(RuleRegistry.java:38)
       [...]
     Caused by: java.lang.IllegalArgumentException: object required
       totah.lab.athena.system.rules.FunctionalGroupRules.fields(FunctionalGroupRules.java:378)
       totah.lab.athena.system.rules.FunctionalGroupRules.definition(FunctionalGroupRules.java:58)
       [...]
  JUnit Jupiter:AcylSulfonylChlorideCandidateTest:nestedCarbonylAndSulfurOxygenSymmetrySurvive()
    MethodSource [className = 'totah.lab.daedalus.system.AcylSulfonylChlorideCandidateTest', methodName = 'nestedCarbonylAndSulfurOxygenSymmetrySurvive', methodParameterTypes = '']
    => org.opentest4j.AssertionFailedError: expected: <SUPPORTED_PRESENT> but was: <UNSUPPORTED>
       org.junit.jupiter.api.AssertionFailureBuilder.build(AssertionFailureBuilder.java:151)
       org.junit.jupiter.api.AssertionFailureBuilder.buildAndThrow(AssertionFailureBuilder.java:132)
       org.junit.jupiter.api.AssertEquals.failNotEqual(AssertEquals.java:197)
       org.junit.jupiter.api.AssertEquals.assertEquals(AssertEquals.java:182)
       org.junit.jupiter.api.AssertEquals.assertEquals(AssertEquals.java:177)
       org.junit.jupiter.api.Assertions.assertEquals(Assertions.java:1145)
       totah.lab.daedalus.system.AcylSulfonylChlorideCandidateTest.nestedCarbonylAndSulfurOxygenSymmetrySurvive(AcylSulfonylChlorideCandidateTest.java:108)
       java.base/java.lang.reflect.Method.invoke(Method.java:580)
       java.base/java.util.ArrayList.forEach(ArrayList.java:1596)
       java.base/java.util.ArrayList.forEach(ArrayList.java:1596)
  JUnit Jupiter:AcylSulfonylChlorideCandidateTest:explicitHydrogenDistinctOccurrencesAndPermutations(boolean):[2] true
    MethodSource [className = 'totah.lab.daedalus.system.AcylSulfonylChlorideCandidateTest', methodName = 'explicitHydrogenDistinctOccurrencesAndPermutations', methodParameterTypes = 'boolean']
    => java.io.IOException: invalid rule manifest
       totah.lab.athena.system.rules.RuleRegistry.decode(RuleRegistry.java:40)
       totah.lab.daedalus.system.AcylSulfonylChlorideCandidateTest.candidate(AcylSulfonylChlorideCandidateTest.java:30)
       totah.lab.daedalus.system.AcylSulfonylChlorideCandidateTest.evaluate(AcylSulfonylChlorideCandidateTest.java:55)
       totah.lab.daedalus.system.AcylSulfonylChlorideCandidateTest.explicitHydrogenDistinctOccurrencesAndPermutations(AcylSulfonylChlorideCandidateTest.java:82)
       java.base/java.lang.reflect.Method.invoke(Method.java:580)
       [...]
     Caused by: java.lang.IllegalArgumentException: invalid group definition
       totah.lab.athena.system.rules.FunctionalGroupRules.validate(FunctionalGroupRules.java:30)
       totah.lab.athena.system.rules.RuleRegistry.validate(RuleRegistry.java:97)
       totah.lab.athena.system.rules.RuleRegistry.decode(RuleRegistry.java:38)
       [...]
     Caused by: java.lang.IllegalArgumentException: object required
       totah.lab.athena.system.rules.FunctionalGroupRules.fields(FunctionalGroupRules.java:378)
       totah.lab.athena.system.rules.FunctionalGroupRules.definition(FunctionalGroupRules.java:58)
       [...]
  JUnit Jupiter:AcylSulfonylChlorideCandidateTest:incompleteStateCannotBecomeNegative(boolean):[2] true
    MethodSource [className = 'totah.lab.daedalus.system.AcylSulfonylChlorideCandidateTest', methodName = 'incompleteStateCannotBecomeNegative', methodParameterTypes = 'boolean']
    => java.io.IOException: invalid rule manifest
       totah.lab.athena.system.rules.RuleRegistry.decode(RuleRegistry.java:40)
       totah.lab.daedalus.system.AcylSulfonylChlorideCandidateTest.candidate(AcylSulfonylChlorideCandidateTest.java:30)
       totah.lab.daedalus.system.AcylSulfonylChlorideCandidateTest.incompleteStateCannotBecomeNegative(AcylSulfonylChlorideCandidateTest.java:103)
       java.base/java.lang.reflect.Method.invoke(Method.java:580)
       java.base/java.util.stream.ForEachOps$ForEachOp$OfRef.accept(ForEachOps.java:184)
       [...]
     Caused by: java.lang.IllegalArgumentException: invalid group definition
       totah.lab.athena.system.rules.FunctionalGroupRules.validate(FunctionalGroupRules.java:30)
       totah.lab.athena.system.rules.RuleRegistry.validate(RuleRegistry.java:97)
       totah.lab.athena.system.rules.RuleRegistry.decode(RuleRegistry.java:38)
       [...]
     Caused by: java.lang.IllegalArgumentException: object required
       totah.lab.athena.system.rules.FunctionalGroupRules.fields(FunctionalGroupRules.java:378)
       totah.lab.athena.system.rules.FunctionalGroupRules.definition(FunctionalGroupRules.java:58)
       [...]
  JUnit Jupiter:AcylSulfonylChlorideCandidateTest:bromideAcidAndOtherFamilyAreNotTheRequestedIdentity(boolean):[2] true
    MethodSource [className = 'totah.lab.daedalus.system.AcylSulfonylChlorideCandidateTest', methodName = 'bromideAcidAndOtherFamilyAreNotTheRequestedIdentity', methodParameterTypes = 'boolean']
    => java.io.IOException: invalid rule manifest
       totah.lab.athena.system.rules.RuleRegistry.decode(RuleRegistry.java:40)
       totah.lab.daedalus.system.AcylSulfonylChlorideCandidateTest.candidate(AcylSulfonylChlorideCandidateTest.java:30)
       totah.lab.daedalus.system.AcylSulfonylChlorideCandidateTest.evaluate(AcylSulfonylChlorideCandidateTest.java:55)
       totah.lab.daedalus.system.AcylSulfonylChlorideCandidateTest.bromideAcidAndOtherFamilyAreNotTheRequestedIdentity(AcylSulfonylChlorideCandidateTest.java:75)
       java.base/java.lang.reflect.Method.invoke(Method.java:580)
       [...]
     Caused by: java.lang.IllegalArgumentException: invalid group definition
       totah.lab.athena.system.rules.FunctionalGroupRules.validate(FunctionalGroupRules.java:30)
       totah.lab.athena.system.rules.RuleRegistry.validate(RuleRegistry.java:97)
       totah.lab.athena.system.rules.RuleRegistry.decode(RuleRegistry.java:38)
       [...]
     Caused by: java.lang.IllegalArgumentException: object required
       totah.lab.athena.system.rules.FunctionalGroupRules.fields(FunctionalGroupRules.java:378)
       totah.lab.athena.system.rules.FunctionalGroupRules.definition(FunctionalGroupRules.java:58)
       [...]

Test run finished after 560 ms
[         8 containers found      ]
[         0 containers skipped    ]
[         8 containers started    ]
[         0 containers aborted    ]
[         8 containers successful ]
[         0 containers failed     ]
[         9 tests found           ]
[         0 tests skipped         ]
[         9 tests started         ]
[         0 tests aborted         ]
[         4 tests successful      ]
[         5 tests failed          ]

