/private/tmp/athena-foundation-30836d079/source/software/modules/gaia/src/main/java/totah/lab/gaia/structure/Residue.java:33: warning: The @Exclude annotation is not needed; 'onlyExplicitlyIncluded' is set, so this member would be excluded anyway
    private final List<Atom> atoms = List.of();
                             ^
/private/tmp/athena-foundation-30836d079/source/software/modules/gaia/src/main/java/totah/lab/gaia/structure/Structure.java:20: warning: The @Exclude annotation is not needed; 'onlyExplicitlyIncluded' is set, so this member would be excluded anyway
    private final List<Chain> chains;
                              ^
/private/tmp/athena-foundation-30836d079/source/software/modules/gaia/src/main/java/totah/lab/gaia/structure/Structure.java:23: warning: The @Exclude annotation is not needed; 'onlyExplicitlyIncluded' is set, so this member would be excluded anyway
    private final List<Bond> bonds;
                             ^
/private/tmp/athena-foundation-30836d079/source/software/modules/gaia/src/main/java/totah/lab/gaia/structure/Structure.java:26: warning: The @Exclude annotation is not needed; 'onlyExplicitlyIncluded' is set, so this member would be excluded anyway
    private final ConnectivityMetadata connectivityMetadata;
                                       ^
/private/tmp/athena-foundation-30836d079/source/software/modules/gaia/src/main/java/totah/lab/gaia/structure/Structure.java:29: warning: The @Exclude annotation is not needed; 'onlyExplicitlyIncluded' is set, so this member would be excluded anyway
    private final Map<String, Chain> chainIndex;
                                     ^
/private/tmp/athena-foundation-30836d079/source/software/modules/daedalus/src/test/java/totah/lab/daedalus/system/SourceSulfurConnectivityAcceptanceTest.java:106: error: cannot find symbol
        var historical=ConnectivityCoverageCharacterizationTest.observe(ConnectivityProvenance.EXPLICIT);
                       ^
  symbol:   variable ConnectivityCoverageCharacterizationTest
  location: class SourceSulfurConnectivityAcceptanceTest
Note: Some input files use or override a deprecated API.
Note: Recompile with -Xlint:deprecation for details.
1 error
5 warnings
